Component: ARM Compiler 5.06 update 6 (build 750) Tool: armlink [4d35ed]

==============================================================================

Section Cross References

    dabai_app.o(i.DaBaiSensorTask) refers to dabai_adc.o(i.getLightValue) for getLightValue
    dabai_app.o(i.DaBaiSensorTask) refers to stm32l0xx_hal_tim.o(i.HAL_TIM_PWM_Start) for HAL_TIM_PWM_Start
    dabai_app.o(i.DaBaiSensorTask) refers to stm32l0xx_hal_tim.o(i.HAL_TIM_PWM_Stop) for HAL_TIM_PWM_Stop
    dabai_app.o(i.DaBaiSensorTask) refers to sht20_cfg.o(i.SHT20_ReadTemp) for SHT20_ReadTemp
    dabai_app.o(i.DaBaiSensorTask) refers to sht20_cfg.o(i.SHT20_Convert) for SHT20_Convert
    dabai_app.o(i.DaBaiSensorTask) refers to sht20_cfg.o(i.SHT20_ReadRH) for SHT20_ReadRH
    dabai_app.o(i.DaBaiSensorTask) refers to dabai_app.o(.data) for .data
    dabai_app.o(i.DaBaiSensorTask) refers to dabai_tim.o(.bss) for TimHandle
    dabai_app.o(i.KeyProcess) refers to stm32l0xx_hal_gpio.o(i.HAL_GPIO_ReadPin) for HAL_GPIO_ReadPin
    dabai_app.o(i.KeyProcess) refers to dabai_gpio.o(i.PowerOffGpioConfig) for PowerOffGpioConfig
    dabai_app.o(i.KeyProcess) refers to stm32l0xx_hal_tim.o(i.HAL_TIM_PWM_Start) for HAL_TIM_PWM_Start
    dabai_app.o(i.KeyProcess) refers to stm32l0xx_hal_tim.o(i.HAL_TIM_PWM_Stop) for HAL_TIM_PWM_Stop
    dabai_app.o(i.KeyProcess) refers to stm32l0xx_hal_gpio.o(i.HAL_GPIO_WritePin) for HAL_GPIO_WritePin
    dabai_app.o(i.KeyProcess) refers to printf8.o(i.__0printf$8) for __2printf
    dabai_app.o(i.KeyProcess) refers to dabai_app.o(.data) for .data
    dabai_app.o(i.KeyProcess) refers to dabai_app.o(.bss) for .bss
    dabai_app.o(i.KeyProcess) refers to dabai_tim.o(.bss) for TimHandle
    dabai_app.o(i.NB_MsgreportCb) refers to dabai_app.o(i.__ARM_common_switch8) for __ARM_common_switch8
    dabai_app.o(i.NB_MsgreportCb) refers to printf8.o(i.__0printf$8) for __2printf
    dabai_app.o(i.NB_MsgreportCb) refers to stm32l0xx_hal_gpio.o(i.HAL_GPIO_WritePin) for HAL_GPIO_WritePin
    dabai_app.o(i.NB_MsgreportCb) refers to dabai_app.o(.data) for .data
    nb_bc95_28.o(i.NB_HexStrToNum) refers to strlen.o(.text) for strlen
    nb_bc95_28.o(i.NB_SendCmd) refers to nb_bc95_28.o(i.cmd_generate) for cmd_generate
    nb_bc95_28.o(i.NB_SendCmd) refers to nb_bc95_28.o(.bss) for .bss
    nb_bc95_28.o(i.NB_Strtoul) refers to strtoul.o(.text) for strtoul
    nb_bc95_28.o(i.addr_adjust) refers to strstr.o(.text) for strstr
    nb_bc95_28.o(i.bc95_AsyncNotification) refers to strstr.o(.text) for strstr
    nb_bc95_28.o(i.bc95_AsyncNotification) refers to strchr.o(.text) for strchr
    nb_bc95_28.o(i.bc95_AsyncNotification) refers to nb_bc95_28.o(i.addr_adjust) for addr_adjust
    nb_bc95_28.o(i.bc95_AsyncNotification) refers to nb_bc95_28.o(i.nbset_event) for nbset_event
    nb_bc95_28.o(i.bc95_AsyncNotification) refers to nb_bc95_28.o(i.NB_Strtoul) for NB_Strtoul
    nb_bc95_28.o(i.bc95_AsyncNotification) refers to nb_bc95_28.o(.bss) for .bss
    nb_bc95_28.o(i.bc95_closeTCP) refers to nb_bc95_28.o(i.cmd_param_init) for cmd_param_init
    nb_bc95_28.o(i.bc95_closeTCP) refers to nb_bc95_28.o(i.NB_SendCmd) for NB_SendCmd
    nb_bc95_28.o(i.bc95_closeTCP) refers to nb_bc95_28.o(.data) for .data
    nb_bc95_28.o(i.bc95_closeTCP) refers to nb_bc95_28.o(.bss) for .bss
    nb_bc95_28.o(i.bc95_closeUDP) refers to nb_bc95_28.o(i.cmd_param_init) for cmd_param_init
    nb_bc95_28.o(i.bc95_closeUDP) refers to nb_bc95_28.o(i.NB_SendCmd) for NB_SendCmd
    nb_bc95_28.o(i.bc95_closeUDP) refers to nb_bc95_28.o(.data) for .data
    nb_bc95_28.o(i.bc95_closeUDP) refers to nb_bc95_28.o(.bss) for .bss
    nb_bc95_28.o(i.bc95_coapReadMsg) refers to nb_bc95_28.o(i.cmd_param_init) for cmd_param_init
    nb_bc95_28.o(i.bc95_coapReadMsg) refers to nb_bc95_28.o(i.NB_SendCmd) for NB_SendCmd
    nb_bc95_28.o(i.bc95_coapReadMsg) refers to nb_bc95_28.o(.data) for .data
    nb_bc95_28.o(i.bc95_coapReadMsg) refers to nb_bc95_28.o(.bss) for .bss
    nb_bc95_28.o(i.bc95_coapSendMsg) refers to memseta.o(.text) for __aeabi_memclr4
    nb_bc95_28.o(i.bc95_coapSendMsg) refers to printf8.o(i.__0snprintf$8) for __2snprintf
    nb_bc95_28.o(i.bc95_coapSendMsg) refers to printf8.o(i.__0sprintf$8) for __2sprintf
    nb_bc95_28.o(i.bc95_coapSendMsg) refers to nb_bc95_28.o(i.cmd_param_init) for cmd_param_init
    nb_bc95_28.o(i.bc95_coapSendMsg) refers to nb_bc95_28.o(i.NB_SendCmd) for NB_SendCmd
    nb_bc95_28.o(i.bc95_coapSendMsg) refers to nb_bc95_28.o(.data) for .data
    nb_bc95_28.o(i.bc95_coapSendMsg) refers to nb_bc95_28.o(.bss) for .bss
    nb_bc95_28.o(i.bc95_coapServer) refers to nb_bc95_28.o(i.cmd_param_init) for cmd_param_init
    nb_bc95_28.o(i.bc95_coapServer) refers to nb_bc95_28.o(i.NB_SendCmd) for NB_SendCmd
    nb_bc95_28.o(i.bc95_coapServer) refers to nb_bc95_28.o(.data) for .data
    nb_bc95_28.o(i.bc95_coapServer) refers to nb_bc95_28.o(.bss) for .bss
    nb_bc95_28.o(i.bc95_createTCP) refers to nb_bc95_28.o(i.cmd_param_init) for cmd_param_init
[...]
    .ARM.Collect$$$$0000000D                 0x080000d0   Section        0  entry10a.o(.ARM.Collect$$$$0000000D)
    .ARM.Collect$$$$0000000F                 0x080000d0   Section        0  entry11a.o(.ARM.Collect$$$$0000000F)
    .ARM.Collect$$$$00002712                 0x080000d0   Section        4  entry2.o(.ARM.Collect$$$$00002712)
    __lit__00000000                          0x080000d0   Data           4  entry2.o(.ARM.Collect$$$$00002712)
    .text                                    0x080000d4   Section       28  startup_stm32l051xx.o(.text)
    .text                                    0x080000f0   Section        0  uidiv.o(.text)
    .text                                    0x0800011c   Section        0  uldiv.o(.text)
    .text                                    0x0800017c   Section        0  memcpya.o(.text)
    .text                                    0x080001a0   Section        0  memseta.o(.text)
    .text                                    0x080001c4   Section        0  strstr.o(.text)
    .text                                    0x080001ec   Section        0  strchr.o(.text)
    .text                                    0x08000200   Section        0  strlen.o(.text)
    .text                                    0x08000210   Section        0  strtok.o(.text)
    .text                                    0x08000258   Section        0  strtoul.o(.text)
    .text                                    0x080002ce   Section        0  llshl.o(.text)
    .text                                    0x080002ee   Section        0  llushr.o(.text)
    .text                                    0x08000310   Section        0  ctype_o.o(.text)
    .text                                    0x08000318   Section        0  _strtoul.o(.text)
    .text                                    0x080003c0   Section       36  init.o(.text)
    .text                                    0x080003e4   Section        0  _chval.o(.text)
    i.ADC_DelayMicroSecond                   0x08000404   Section        0  stm32l0xx_hal_adc.o(i.ADC_DelayMicroSecond)
    ADC_DelayMicroSecond                     0x08000405   Thumb Code    28  stm32l0xx_hal_adc.o(i.ADC_DelayMicroSecond)
    i.ADC_Enable                             0x08000428   Section        0  stm32l0xx_hal_adc.o(i.ADC_Enable)
    ADC_Enable                               0x08000429   Thumb Code    96  stm32l0xx_hal_adc.o(i.ADC_Enable)
    i.DMA1_Channel2_3_IRQHandler             0x0800048c   Section        0  stm32l0xx_it.o(i.DMA1_Channel2_3_IRQHandler)
    i.DMA_SetConfig                          0x080004a4   Section        0  stm32l0xx_hal_dma.o(i.DMA_SetConfig)
    DMA_SetConfig                            0x080004a5   Thumb Code    30  stm32l0xx_hal_dma.o(i.DMA_SetConfig)
    i.HAL_ADCEx_Calibration_Start            0x080004c2   Section        0  stm32l0xx_hal_adc_ex.o(i.HAL_ADCEx_Calibration_Start)
    i.HAL_ADC_ConfigChannel                  0x0800056c   Section        0  stm32l0xx_hal_adc.o(i.HAL_ADC_ConfigChannel)
    i.HAL_ADC_Init                           0x08000600   Section        0  stm32l0xx_hal_adc.o(i.HAL_ADC_Init)
    i.HAL_ADC_MspInit                        0x080007c4   Section        0  stm32l0xx_hal_msp.o(i.HAL_ADC_MspInit)
    i.HAL_ADC_Start                          0x08000804   Section        0  stm32l0xx_hal_adc.o(i.HAL_ADC_Start)
    i.HAL_DMA_Abort_IT                       0x08000860   Section        0  stm32l0xx_hal_dma.o(i.HAL_DMA_Abort_IT)
    i.HAL_DMA_DeInit                         0x080008f8   Section        0  stm32l0xx_hal_dma.o(i.HAL_DMA_DeInit)
    i.HAL_DMA_IRQHandler                     0x08000acc   Section        0  stm32l0xx_hal_dma.o(i.HAL_DMA_IRQHandler)
    i.HAL_DMA_Init                           0x08000d4c   Section        0  stm32l0xx_hal_dma.o(i.HAL_DMA_Init)
    i.HAL_DMA_Start_IT                       0x08000e54   Section        0  stm32l0xx_hal_dma.o(i.HAL_DMA_Start_IT)
    i.HAL_GPIO_DeInit                        0x08000ea4   Section        0  stm32l0xx_hal_gpio.o(i.HAL_GPIO_DeInit)
    i.HAL_GPIO_Init                          0x08000f88   Section        0  stm32l0xx_hal_gpio.o(i.HAL_GPIO_Init)
    i.HAL_GPIO_ReadPin                       0x08001100   Section        0  stm32l0xx_hal_gpio.o(i.HAL_GPIO_ReadPin)
    i.HAL_GPIO_TogglePin                     0x0800110a   Section        0  stm32l0xx_hal_gpio.o(i.HAL_GPIO_TogglePin)
    i.HAL_GPIO_WritePin                      0x08001112   Section        0  stm32l0xx_hal_gpio.o(i.HAL_GPIO_WritePin)
    i.HAL_GetTick                            0x08001120   Section        0  stm32l0xx_hal.o(i.HAL_GetTick)
    i.HAL_I2CEx_ConfigAnalogFilter           0x0800112c   Section        0  stm32l0xx_hal_i2c_ex.o(i.HAL_I2CEx_ConfigAnalogFilter)
    i.HAL_I2CEx_ConfigDigitalFilter          0x08001176   Section        0  stm32l0xx_hal_i2c_ex.o(i.HAL_I2CEx_ConfigDigitalFilter)
    i.HAL_I2C_Init                           0x080011c0   Section        0  stm32l0xx_hal_i2c.o(i.HAL_I2C_Init)
    i.HAL_I2C_MspInit                        0x08001274   Section        0  stm32l0xx_hal_msp.o(i.HAL_I2C_MspInit)
    i.HAL_IncTick                            0x080012bc   Section        0  stm32l0xx_hal.o(i.HAL_IncTick)
    i.HAL_Init                               0x080012cc   Section        0  stm32l0xx_hal.o(i.HAL_Init)
    i.HAL_InitTick                           0x080012ec   Section        0  stm32l0xx_hal.o(i.HAL_InitTick)
    i.HAL_MspInit                            0x08001314   Section        0  stm32l0xx_hal_msp.o(i.HAL_MspInit)
    i.HAL_NVIC_DisableIRQ                    0x080013b8   Section        0  stm32l0xx_hal_cortex.o(i.HAL_NVIC_DisableIRQ)
    i.HAL_NVIC_EnableIRQ                     0x080013cc   Section        0  stm32l0xx_hal_cortex.o(i.HAL_NVIC_EnableIRQ)
    i.HAL_NVIC_SetPriority                   0x080013e0   Section        0  stm32l0xx_hal_cortex.o(i.HAL_NVIC_SetPriority)
    i.HAL_RCCEx_GetPeriphCLKFreq             0x080013e8   Section        0  stm32l0xx_hal_rcc_ex.o(i.HAL_RCCEx_GetPeriphCLKFreq)
    i.HAL_RCCEx_PeriphCLKConfig              0x08001520   Section        0  stm32l0xx_hal_rcc_ex.o(i.HAL_RCCEx_PeriphCLKConfig)
    i.HAL_RCC_ClockConfig                    0x08001684   Section        0  stm32l0xx_hal_rcc.o(i.HAL_RCC_ClockConfig)
    i.HAL_RCC_GetHCLKFreq                    0x080017ec   Section        0  stm32l0xx_hal_rcc.o(i.HAL_RCC_GetHCLKFreq)
    i.HAL_RCC_GetPCLK1Freq                   0x080017f8   Section        0  stm32l0xx_hal_rcc.o(i.HAL_RCC_GetPCLK1Freq)
    i.HAL_RCC_GetPCLK2Freq                   0x08001818   Section        0  stm32l0xx_hal_rcc.o(i.HAL_RCC_GetPCLK2Freq)
    i.HAL_RCC_GetSysClockFreq                0x08001838   Section        0  stm32l0xx_hal_rcc.o(i.HAL_RCC_GetSysClockFreq)
    i.HAL_RCC_OscConfig                      0x080018b0   Section        0  stm32l0xx_hal_rcc.o(i.HAL_RCC_OscConfig)
    i.HAL_SYSTICK_CLKSourceConfig            0x08001c9c   Section        0  stm32l0xx_hal_cortex.o(i.HAL_SYSTICK_CLKSourceConfig)
    i.HAL_SYSTICK_Config                     0x08001cb4   Section        0  stm32l0xx_hal_cortex.o(i.HAL_SYSTICK_Config)
    i.HAL_TIM_PWM_ConfigChannel              0x08001ce4   Section        0  stm32l0xx_hal_tim.o(i.HAL_TIM_PWM_ConfigChannel)
    i.HAL_TIM_PWM_Init                       0x08001db4   Section        0  stm32l0xx_hal_tim.o(i.HAL_TIM_PWM_Init)
    i.HAL_TIM_PWM_MspInit                    0x08001de8   Section        0  stm32l0xx_hal_msp.o(i.HAL_TIM_PWM_MspInit)
    i.HAL_TIM_PWM_Start                      0x08001e18   Section        0  stm32l0xx_hal_tim.o(i.HAL_TIM_PWM_Start)
    i.HAL_TIM_PWM_Stop                       0x08001e34   Section        0  stm32l0xx_hal_tim.o(i.HAL_TIM_PWM_Stop)
    i.HAL_UARTDMA_Init                       0x08001e60   Section        0  dabai_usart.o(i.HAL_UARTDMA_Init)
    i.HAL_UARTEx_WakeupCallback              0x08001e8c   Section        0  stm32l0xx_hal_uart_ex.o(i.HAL_UARTEx_WakeupCallback)
    i.HAL_UART_Close                         0x08001e90   Section        0  dabai_usart.o(i.HAL_UART_Close)
    i.HAL_UART_ErrorCallback                 0x08001ea0   Section        0  stm32l0xx_hal_uart.o(i.HAL_UART_ErrorCallback)
    i.HAL_UART_IRQHandler                    0x08001ea4   Section        0  stm32l0xx_hal_uart.o(i.HAL_UART_IRQHandler)
    i.HAL_UART_Init                          0x08001fe8   Section        0  stm32l0xx_hal_uart.o(i.HAL_UART_Init)
    i.HAL_UART_MspDeInit                     0x08002054   Section        0  stm32l0xx_hal_msp.o(i.HAL_UART_MspDeInit)
    i.HAL_UART_MspInit                       0x080020d4   Section        0  stm32l0xx_hal_msp.o(i.HAL_UART_MspInit)
    i.HAL_UART_Poll                          0x080021b0   Section        0  dabai_usart.o(i.HAL_UART_Poll)
    i.HAL_UART_Receive_DMA                   0x080021f8   Section        0  stm32l0xx_hal_uart.o(i.HAL_UART_Receive_DMA)
    i.HAL_UART_RxCpltCallback                0x0800229c   Section        0  stm32l0xx_hal_uart.o(i.HAL_UART_RxCpltCallback)
    i.HAL_UART_RxHalfCpltCallback            0x0800229e   Section        0  stm32l0xx_hal_uart.o(i.HAL_UART_RxHalfCpltCallback)
    i.HAL_UART_Transmit                      0x080022a0   Section        0  stm32l0xx_hal_uart.o(i.HAL_UART_Transmit)
    i.HAL_UART_Transmit_DMA                  0x08002368   Section        0  stm32l0xx_hal_uart.o(i.HAL_UART_Transmit_DMA)
    i.HAL_UART_TxCpltCallback                0x08002400   Section        0  _dma_cfg.o(i.HAL_UART_TxCpltCallback)
    i.HAL_UART_TxHalfCpltCallback            0x08002448   Section        0  stm32l0xx_hal_uart.o(i.HAL_UART_TxHalfCpltCallback)
    i.HAL_UART_Write                         0x0800244c   Section        0  dabai_usart.o(i.HAL_UART_Write)
    i.HardFault_Handler                      0x08002470   Section        0  stm32l0xx_it.o(i.HardFault_Handler)
    i.KeyProcess                             0x08002474   Section        0  dabai_app.o(i.KeyProcess)
    i.LPUART1_IRQHandler                     0x080025a0   Section        0  stm32l0xx_it.o(i.LPUART1_IRQHandler)
    i.MX_ADC_Init                            0x080025b0   Section        0  dabai_adc.o(i.MX_ADC_Init)
    i.MX_GPIO_Init                           0x0800260c   Section        0  dabai_gpio.o(i.MX_GPIO_Init)
    i.MX_I2C2_Init                           0x080026ac   Section        0  dabai_i2c.o(i.MX_I2C2_Init)
    i.MX_LPUART1_UART_Init                   0x080026ec   Section        0  dabai_usart.o(i.MX_LPUART1_UART_Init)
    i.MX_TIM_Init                            0x08002740   Section        0  dabai_tim.o(i.MX_TIM_Init)
    i.MX_TIM_Set                             0x080027a4   Section        0  timer_user_poll.o(i.MX_TIM_Set)
    i.MX_TIM_Start                           0x080027b0   Section        0  timer_user_poll.o(i.MX_TIM_Start)
    i.MX_TIM_Stop                            0x080027c8   Section        0  timer_user_poll.o(i.MX_TIM_Stop)
    i.MX_TimerPoll                           0x080027d4   Section        0  timer_user_poll.o(i.MX_TimerPoll)
    i.MX_USART1_UART_Init                    0x08002814   Section        0  dabai_usart.o(i.MX_USART1_UART_Init)
    i.NBModule_Info                          0x08002844   Section        0  nb_board.o(i.NBModule_Info)
    i.NBModule_Init                          0x0800285c   Section        0  nb_board.o(i.NBModule_Init)
    i.NBModule_Main                          0x08002874   Section        0  nb_board.o(i.NBModule_Main)
    i.NBModule_Sign                          0x08002886   Section        0  nb_board.o(i.NBModule_Sign)
    i.NBModule_open                          0x080028a0   Section        0  nb_board.o(i.NBModule_open)
    i.NB_HexStrToNum                         0x080028c4   Section        0  nb_bc95_28.o(i.NB_HexStrToNum)
    NB_HexStrToNum                           0x080028c5   Thumb Code    98  nb_bc95_28.o(i.NB_HexStrToNum)
    i.NB_MsgreportCb                         0x08002928   Section        0  dabai_app.o(i.NB_MsgreportCb)
    i.NB_SendCmd                             0x08002ae0   Section        0  nb_bc95_28.o(i.NB_SendCmd)
    NB_SendCmd                               0x08002ae1   Thumb Code    46  nb_bc95_28.o(i.NB_SendCmd)
    i.NB_Strtoul                             0x08002b18   Section        0  nb_bc95_28.o(i.NB_Strtoul)
    NB_Strtoul                               0x08002b19   Thumb Code    12  nb_bc95_28.o(i.NB_Strtoul)
    i.NMI_Handler                            0x08002b24   Section        0  stm32l0xx_it.o(i.NMI_Handler)
    i.NVIC_SetPriority                       0x08002b28   Section        0  stm32l0xx_hal_cortex.o(i.NVIC_SetPriority)
    NVIC_SetPriority                         0x08002b29   Thumb Code    60  stm32l0xx_hal_cortex.o(i.NVIC_SetPriority)
    i.PendSV_Handler                         0x08002b6c   Section        0  stm32l0xx_it.o(i.PendSV_Handler)
    i.PowerOffGpioConfig                     0x08002b70   Section        0  dabai_gpio.o(i.PowerOffGpioConfig)
    i.RCC_SetFlashLatencyFromMSIRange        0x08002b94   Section        0  stm32l0xx_hal_rcc.o(i.RCC_SetFlashLatencyFromMSIRange)
    RCC_SetFlashLatencyFromMSIRange          0x08002b95   Thumb Code    94  stm32l0xx_hal_rcc.o(i.RCC_SetFlashLatencyFromMSIRange)
    i.SVC_Handler                            0x08002c04   Section        0  stm32l0xx_it.o(i.SVC_Handler)
    i.SysTick_Handler                        0x08002c08   Section        0  stm32l0xx_it.o(i.SysTick_Handler)
    i.SystemClock_Config                     0x08002c28   Section        0  main.o(i.SystemClock_Config)
    i.SystemInit                             0x08002cd0   Section        0  system_stm32l0xx.o(i.SystemInit)
    i.TIM_Base_SetConfig                     0x08002d24   Section        0  stm32l0xx_hal_tim.o(i.TIM_Base_SetConfig)
    TIM_Base_SetConfig                       0x08002d25   Thumb Code    70  stm32l0xx_hal_tim.o(i.TIM_Base_SetConfig)
    i.TIM_CCxChannelCmd                      0x08002d74   Section        0  stm32l0xx_hal_tim.o(i.TIM_CCxChannelCmd)
    TIM_CCxChannelCmd                        0x08002d75   Thumb Code    22  stm32l0xx_hal_tim.o(i.TIM_CCxChannelCmd)
    i.TIM_OC1_SetConfig                      0x08002d8a   Section        0  stm32l0xx_hal_tim.o(i.TIM_OC1_SetConfig)
    TIM_OC1_SetConfig                        0x08002d8b   Thumb Code    48  stm32l0xx_hal_tim.o(i.TIM_OC1_SetConfig)
    i.TIM_OC2_SetConfig                      0x08002dba   Section        0  stm32l0xx_hal_tim.o(i.TIM_OC2_SetConfig)
    TIM_OC2_SetConfig                        0x08002dbb   Thumb Code    50  stm32l0xx_hal_tim.o(i.TIM_OC2_SetConfig)
    i.TIM_OC3_SetConfig                      0x08002dec   Section        0  stm32l0xx_hal_tim.o(i.TIM_OC3_SetConfig)
    TIM_OC3_SetConfig                        0x08002ded   Thumb Code    54  stm32l0xx_hal_tim.o(i.TIM_OC3_SetConfig)
    i.TIM_OC4_SetConfig                      0x08002e22   Section        0  stm32l0xx_hal_tim.o(i.TIM_OC4_SetConfig)
    TIM_OC4_SetConfig                        0x08002e23   Thumb Code    54  stm32l0xx_hal_tim.o(i.TIM_OC4_SetConfig)
    i.UART_AdvFeatureConfig                  0x08002e58   Section        0  stm32l0xx_hal_uart.o(i.UART_AdvFeatureConfig)
    i.UART_CheckIdleState                    0x08002f24   Section        0  stm32l0xx_hal_uart.o(i.UART_CheckIdleState)
    i.UART_DMAAbortOnError                   0x08002f84   Section        0  stm32l0xx_hal_uart.o(i.UART_DMAAbortOnError)
    UART_DMAAbortOnError                     0x08002f85   Thumb Code    20  stm32l0xx_hal_uart.o(i.UART_DMAAbortOnError)
    i.UART_DMAError                          0x08002f98   Section        0  stm32l0xx_hal_uart.o(i.UART_DMAError)
    UART_DMAError                            0x08002f99   Thumb Code    74  stm32l0xx_hal_uart.o(i.UART_DMAError)
    i.UART_DMAReceiveCplt                    0x08002fe2   Section        0  stm32l0xx_hal_uart.o(i.UART_DMAReceiveCplt)
    UART_DMAReceiveCplt                      0x08002fe3   Thumb Code    64  stm32l0xx_hal_uart.o(i.UART_DMAReceiveCplt)
    i.UART_DMARxHalfCplt                     0x08003022   Section        0  stm32l0xx_hal_uart.o(i.UART_DMARxHalfCplt)
    UART_DMARxHalfCplt                       0x08003023   Thumb Code    10  stm32l0xx_hal_uart.o(i.UART_DMARxHalfCplt)
    i.UART_DMATransmitCplt                   0x0800302c   Section        0  stm32l0xx_hal_uart.o(i.UART_DMATransmitCplt)
    UART_DMATransmitCplt                     0x0800302d   Thumb Code    48  stm32l0xx_hal_uart.o(i.UART_DMATransmitCplt)
    i.UART_DMATxHalfCplt                     0x0800305c   Section        0  stm32l0xx_hal_uart.o(i.UART_DMATxHalfCplt)
    UART_DMATxHalfCplt                       0x0800305d   Thumb Code    10  stm32l0xx_hal_uart.o(i.UART_DMATxHalfCplt)
    i.UART_EndRxTransfer                     0x08003066   Section        0  stm32l0xx_hal_uart.o(i.UART_EndRxTransfer)
    UART_EndRxTransfer                       0x08003067   Thumb Code    30  stm32l0xx_hal_uart.o(i.UART_EndRxTransfer)
    i.UART_EndTxTransfer                     0x08003084   Section        0  stm32l0xx_hal_uart.o(i.UART_EndTxTransfer)
    UART_EndTxTransfer                       0x08003085   Thumb Code    18  stm32l0xx_hal_uart.o(i.UART_EndTxTransfer)
    i.UART_Receive_IT                        0x08003096   Section        0  stm32l0xx_hal_uart.o(i.UART_Receive_IT)
    UART_Receive_IT                          0x08003097   Thumb Code   126  stm32l0xx_hal_uart.o(i.UART_Receive_IT)
    i.UART_SetConfig                         0x08003114   Section        0  stm32l0xx_hal_uart.o(i.UART_SetConfig)
    i.UART_Transmit_IT                       0x08003330   Section        0  stm32l0xx_hal_uart.o(i.UART_Transmit_IT)
    UART_Transmit_IT                         0x08003331   Thumb Code   102  stm32l0xx_hal_uart.o(i.UART_Transmit_IT)
    i.UART_WaitOnFlagUntilTimeout            0x08003396   Section        0  stm32l0xx_hal_uart.o(i.UART_WaitOnFlagUntilTimeout)
    i.UartDma_Avail                          0x080033f8   Section        0  _dma_cfg.o(i.UartDma_Avail)
    i.UartDma_Init                           0x08003428   Section        0  _dma_cfg.o(i.UartDma_Init)
    i.UartDma_Poll                           0x08003468   Section        0  _dma_cfg.o(i.UartDma_Poll)
    i.UartDma_Read                           0x08003554   Section        0  _dma_cfg.o(i.UartDma_Read)
    i.UartDma_Write                          0x0800359c   Section        0  _dma_cfg.o(i.UartDma_Write)
    i._Error_Handler                         0x08003644   Section        0  main.o(i._Error_Handler)
    i.__0printf$8                            0x08003648   Section        0  printf8.o(i.__0printf$8)
    i.__0snprintf$8                          0x08003668   Section        0  printf8.o(i.__0snprintf$8)
    i.__0sprintf$8                           0x0800369c   Section        0  printf8.o(i.__0sprintf$8)
    i.__ARM_common_switch8                   0x080036c4   Section        0  dabai_app.o(i.__ARM_common_switch8)
    i.__aeabi_errno_addr                     0x080036e0   Section        0  errno.o(i.__aeabi_errno_addr)
    i.__scatterload_copy                     0x080036e8   Section       14  handlers.o(i.__scatterload_copy)
    i.__scatterload_null                     0x080036f6   Section        2  handlers.o(i.__scatterload_null)
    i.__scatterload_zeroinit                 0x080036f8   Section       14  handlers.o(i.__scatterload_zeroinit)
    i._printf_core                           0x08003708   Section        0  printf8.o(i._printf_core)
    _printf_core                             0x08003709   Thumb Code  1020  printf8.o(i._printf_core)
    i._printf_post_padding                   0x08003b30   Section        0  printf8.o(i._printf_post_padding)
    _printf_post_padding                     0x08003b31   Thumb Code    32  printf8.o(i._printf_post_padding)
    i._printf_pre_padding                    0x08003b50   Section        0  printf8.o(i._printf_pre_padding)
    _printf_pre_padding                      0x08003b51   Thumb Code    44  printf8.o(i._printf_pre_padding)
    i._snputc                                0x08003b7c   Section        0  printf8.o(i._snputc)
    _snputc                                  0x08003b7d   Thumb Code    22  printf8.o(i._snputc)
    i._sputc                                 0x08003b92   Section        0  printf8.o(i._sputc)
    _sputc                                   0x08003b93   Thumb Code    10  printf8.o(i._sputc)
    i.addr_adjust                            0x08003b9c   Section        0  nb_bc95_28.o(i.addr_adjust)
    i.bc95_AsyncNotification                 0x08003bf8   Section        0  nb_bc95_28.o(i.bc95_AsyncNotification)
    i.bc95_closeTCP                          0x08003cf8   Section        0  nb_bc95_28.o(i.bc95_closeTCP)
    i.bc95_closeUDP                          0x08003d44   Section        0  nb_bc95_28.o(i.bc95_closeUDP)
    i.bc95_coapReadMsg                       0x08003d90   Section        0  nb_bc95_28.o(i.bc95_coapReadMsg)
    i.bc95_coapReceIndication                0x08003dcc   Section        0  nb_bc95_28.o(i.bc95_coapReceIndication)
    i.bc95_coapSendMsg                       0x08003dd0   Section        0  nb_bc95_28.o(i.bc95_coapSendMsg)
    i.bc95_coapSentIndication                0x08003e64   Section        0  nb_bc95_28.o(i.bc95_coapSentIndication)
    i.bc95_coapServer                        0x08003e68   Section        0  nb_bc95_28.o(i.bc95_coapServer)
    i.bc95_createTCP                         0x08003ecc   Section        0  nb_bc95_28.o(i.bc95_createTCP)
    i.bc95_createUDP                         0x08003f24   Section        0  nb_bc95_28.o(i.bc95_createUDP)
    i.bc95_getIMSI                           0x08003f7c   Section        0  nb_bc95_28.o(i.bc95_getIMSI)
    i.bc95_getSignal                         0x08003f84   Section        0  nb_bc95_28.o(i.bc95_getSignal)
    i.bc95_init                              0x08003fc4   Section        0  nb_bc95_28.o(i.bc95_init)
    i.bc95_main                              0x08004004   Section        0  nb_bc95_28.o(i.bc95_main)
    i.bc95_moduleInfo                        0x08004158   Section        0  nb_bc95_28.o(i.bc95_moduleInfo)
    i.bc95_open                              0x0800419c   Section        0  nb_bc95_28.o(i.bc95_open)
    i.bc95_receCb                            0x080041d0   Section        0  nb_bc95_28.o(i.bc95_receCb)
    bc95_receCb                              0x080041d1   Thumb Code    74  nb_bc95_28.o(i.bc95_receCb)
    i.bc95_receTCP                           0x08004220   Section        0  nb_bc95_28.o(i.bc95_receTCP)
    i.bc95_receUDP                           0x08004290   Section        0  nb_bc95_28.o(i.bc95_receUDP)
    i.bc95_register                          0x08004300   Section        0  nb_bc95_28.o(i.bc95_register)
    i.bc95_result_handle                     0x0800430c   Section        0  nb_bc95_28.o(i.bc95_result_handle)
    i.bc95_sendTCP                           0x08004370   Section        0  nb_bc95_28.o(i.bc95_sendTCP)
    i.bc95_sendUDP                           0x08004444   Section        0  nb_bc95_28.o(i.bc95_sendUDP)
    i.bc95_timeoutCb                         0x08004518   Section        0  nb_bc95_28.o(i.bc95_timeoutCb)
    bc95_timeoutCb                           0x08004519   Thumb Code    10  nb_bc95_28.o(i.bc95_timeoutCb)
    i.cmd_generate                           0x08004524   Section        0  nb_bc95_28.o(i.cmd_generate)
    cmd_generate                             0x08004525   Thumb Code   100  nb_bc95_28.o(i.cmd_generate)
    i.cmd_isPass                             0x080045b0   Section        0  nb_bc95_28.o(i.cmd_isPass)
    cmd_isPass                               0x080045b1   Thumb Code    68  nb_bc95_28.o(i.cmd_isPass)
    i.cmd_next                               0x08004604   Section        0  nb_bc95_28.o(i.cmd_next)
    cmd_next                                 0x08004605   Thumb Code   314  nb_bc95_28.o(i.cmd_next)
    i.cmd_param_init                         0x0800477c   Section        0  nb_bc95_28.o(i.cmd_param_init)
    cmd_param_init                           0x0800477d   Thumb Code    36  nb_bc95_28.o(i.cmd_param_init)
    i.fputc                                  0x080047a0   Section        0  dabai_usart.o(i.fputc)
    i.main                                   0x080047bc   Section        0  main.o(i.main)
    i.nbsend_msg_app                         0x0800491c   Section        0  nb_bc95_28.o(i.nbsend_msg_app)
    nbsend_msg_app                           0x0800491d   Thumb Code   686  nb_bc95_28.o(i.nbsend_msg_app)
    i.nbset_event                            0x08004bfc   Section        0  nb_bc95_28.o(i.nbset_event)
    nbset_event                              0x08004bfd   Thumb Code    10  nb_bc95_28.o(i.nbset_event)
    i.reset_rece_buf                         0x08004c0c   Section        0  nb_bc95_28.o(i.reset_rece_buf)
    reset_rece_buf                           0x08004c0d   Thumb Code    12  nb_bc95_28.o(i.reset_rece_buf)
    i.state_reset                            0x08004c20   Section        0  nb_bc95_28.o(i.state_reset)
    state_reset                              0x08004c21   Thumb Code    10  nb_bc95_28.o(i.state_reset)
    i.uart_dma_send                          0x08004c30   Section        0  dabai_usart.o(i.uart_dma_send)
    uart_dma_send                            0x08004c31   Thumb Code    14  dabai_usart.o(i.uart_dma_send)
    .constdata                               0x08004c44   Section       68  nb_bc95_28.o(.constdata)
    .constdata                               0x08004c88   Section       30  nb_bc95_28.o(.constdata)
    .constdata                               0x08004ca6   Section       25  system_stm32l0xx.o(.constdata)
    .constdata                               0x08004cbf   Section        8  system_stm32l0xx.o(.constdata)
    .constdata                               0x08004cc7   Section      129  ctype_o.o(.constdata)
    .constdata                               0x08004d48   Section        4  ctype_o.o(.constdata)
    table                                    0x08004d48   Data           4  ctype_o.o(.constdata)
    .conststring                             0x08004d4c   Section      213  nb_bc95_28.o(.conststring)
    .data                                    0x20000000   Section       24  dabai_app.o(.data)
    .data                                    0x20000018   Section      104  nb_bc95_28.o(.data)
    g_event_regTable                         0x20000018   Data           2  nb_bc95_28.o(.data)
    g_nb_state                               0x20000078   Data           8  nb_bc95_28.o(.data)
    .data                                    0x20000080   Section       12  nb_board_cfg.o(.data)
    .data                                    0x2000008c   Section       12  nb_board_cfg.o(.data)
    .data                                    0x20000098   Section       12  nb_board_cfg.o(.data)
    .data                                    0x200000a4   Section       16  nb_board_cfg.o(.data)
    .data                                    0x200000b4   Section        8  main.o(.data)
    start_tick                               0x200000b8   Data           4  main.o(.data)
    .data                                    0x200000bc   Section        4  dabai_usart.o(.data)
    nb_receCb                                0x200000bc   Data           4  dabai_usart.o(.data)
    .data                                    0x200000c0   Section        4  dabai_tim.o(.data)
    .data                                    0x200000c4   Section        8  _dma_cfg.o(.data)
    hDmaUart                                 0x200000c4   Data           4  _dma_cfg.o(.data)
    dmaSendCb                                0x200000c8   Data           4  _dma_cfg.o(.data)
    .data                                    0x200000cc   Section       16  timer_user_poll.o(.data)
    .data                                    0x200000dc   Section        4  system_stm32l0xx.o(.data)
    .data                                    0x200000e0   Section        4  stm32l0xx_hal.o(.data)
    .data                                    0x200000e4   Section        4  strtok.o(.data)
    state                                    0x200000e4   Data           4  strtok.o(.data)
    .data                                    0x200000e8   Section        4  stdout.o(.data)
    .data                                    0x200000ec   Section        4  errno.o(.data)
    _errno                                   0x200000ec   Data           4  errno.o(.data)
    .bss                                     0x200000f0   Section       12  dabai_app.o(.bss)
    .bss                                     0x200000fc   Section     1100  nb_bc95_28.o(.bss)
    g_bc95_status                            0x20000500   Data          46  nb_bc95_28.o(.bss)
    g_at_cmd                                 0x20000530   Data          24  nb_bc95_28.o(.bss)
    .bss                                     0x20000548   Section      128  stm32l0xx_hal_msp.o(.bss)
    .bss                                     0x200005c8   Section       76  dabai_i2c.o(.bss)
    .bss                                     0x20000614   Section      592  dabai_usart.o(.bss)
    .bss                                     0x20000864   Section       96  dabai_adc.o(.bss)
    .bss                                     0x200008c4   Section       56  dabai_tim.o(.bss)
    .bss                                     0x200008fc   Section      792  _dma_cfg.o(.bss)
    STACK                                    0x20000c18   Section     1024  startup_stm32l051xx.o(STACK)

    Global Symbols

    Symbol Name                              Value     Ov Type        Size  Object(Section)

    BuildAttributes$$THM_ISAv3M$S$PE$A:L22$X:L11$S22$IEEE1$IW$USESV6$~STKCKD$USESV7$~SHL$OTIME$ROPI$EBA8$MICROLIB$REQ8$PRES8$EABIv2 0x00000000   Number         0  anon$$obj.o ABSOLUTE
    __ARM_use_no_argv                        0x00000000   Number         0  main.o ABSOLUTE
    _printf_a                                0x00000000   Number         0  stubs.o ABSOLUTE
    _printf_c                                0x00000000   Number         0  stubs.o ABSOLUTE
    _printf_charcount                        0x00000000   Number         0  stubs.o ABSOLUTE
    _printf_d                                0x00000000   Number         0  stubs.o ABSOLUTE
    _printf_e                                0x00000000   Number         0  stubs.o ABSOLUTE
    _printf_f                                0x00000000   Number         0  stubs.o ABSOLUTE
    _printf_flags                            0x00000000   Number         0  stubs.o ABSOLUTE
    _printf_fp_dec                           0x00000000   Number         0  stubs.o ABSOLUTE
    _printf_fp_hex                           0x00000000   Number         0  stubs.o ABSOLUTE
    _printf_g                                0x00000000   Number         0  stubs.o ABSOLUTE
    _printf_i                                0x00000000   Number         0  stubs.o ABSOLUTE
    _printf_int_dec                          0x00000000   Number         0  stubs.o ABSOLUTE
    _printf_l                                0x00000000   Number         0  stubs.o ABSOLUTE
    _printf_lc                               0x00000000   Number         0  stubs.o ABSOLUTE
    _printf_ll                               0x00000000   Number         0  stubs.o ABSOLUTE
    _printf_lld                              0x00000000   Number         0  stubs.o ABSOLUTE
    _printf_lli                              0x00000000   Number         0  stubs.o ABSOLUTE
    _printf_llo                              0x00000000   Number         0  stubs.o ABSOLUTE
    _printf_llu                              0x00000000   Number         0  stubs.o ABSOLUTE
    _printf_llx                              0x00000000   Number         0  stubs.o ABSOLUTE
    _printf_longlong_dec                     0x00000000   Number         0  stubs.o ABSOLUTE
    _printf_longlong_hex                     0x00000000   Number         0  stubs.o ABSOLUTE
    _printf_longlong_oct                     0x00000000   Number         0  stubs.o ABSOLUTE
    _printf_ls                               0x00000000   Number         0  stubs.o ABSOLUTE
    _printf_mbtowc                           0x00000000   Number         0  stubs.o ABSOLUTE
    _printf_n                                0x00000000   Number         0  stubs.o ABSOLUTE
    _printf_o                                0x00000000   Number         0  stubs.o ABSOLUTE
    _printf_p                                0x00000000   Number         0  stubs.o ABSOLUTE
    _printf_percent                          0x00000000   Number         0  stubs.o ABSOLUTE
    _printf_pre_padding                      0x00000000   Number         0  stubs.o ABSOLUTE
    _printf_return_value                     0x00000000   Number         0  stubs.o ABSOLUTE
    _printf_s                                0x00000000   Number         0  stubs.o ABSOLUTE
    _printf_sizespec                         0x00000000   Number         0  stubs.o ABSOLUTE
    _printf_str                              0x00000000   Number         0  stubs.o ABSOLUTE
    _printf_truncate_signed                  0x00000000   Number         0  stubs.o ABSOLUTE
    _printf_truncate_unsigned                0x00000000   Number         0  stubs.o ABSOLUTE
    _printf_u                                0x00000000   Number         0  stubs.o ABSOLUTE
    _printf_wc                               0x00000000   Number         0  stubs.o ABSOLUTE
    _printf_wctomb                           0x00000000   Number         0  stubs.o ABSOLUTE
    _printf_widthprec                        0x00000000   Number         0  stubs.o ABSOLUTE
    _printf_x                                0x00000000   Number         0  stubs.o ABSOLUTE
    __cpp_initialize__aeabi_                  - Undefined Weak Reference
    __cxa_finalize                            - Undefined Weak Reference
    __decompress                              - Undefined Weak Reference
    _clock_init                               - Undefined Weak Reference
    _microlib_exit                            - Undefined Weak Reference
    __Vectors_Size                           0x000000c0   Number         0  startup_stm32l051xx.o ABSOLUTE
    __Vectors                                0x08000000   Data           4  startup_stm32l051xx.o(RESET)
    __Vectors_End                            0x080000c0   Data           0  startup_stm32l051xx.o(RESET)
    __main                                   0x080000c1   Thumb Code     0  entry.o(.ARM.Collect$$$$00000000)
    _main_stk                                0x080000c1   Thumb Code     0  entry2.o(.ARM.Collect$$$$00000001)
    _main_scatterload                        0x080000c5   Thumb Code     0  entry5.o(.ARM.Collect$$$$00000004)
    __main_after_scatterload                 0x080000c9   Thumb Code     0  entry5.o(.ARM.Collect$$$$00000004)
    _main_clock                              0x080000c9   Thumb Code     0  entry7b.o(.ARM.Collect$$$$00000008)
    _main_cpp_init                           0x080000c9   Thumb Code     0  entry8b.o(.ARM.Collect$$$$0000000A)
    _main_init                               0x080000c9   Thumb Code     0  entry9a.o(.ARM.Collect$$$$0000000B)
    __rt_final_cpp                           0x080000d1   Thumb Code     0  entry10a.o(.ARM.Collect$$$$0000000D)
    __rt_final_exit                          0x080000d1   Thumb Code     0  entry11a.o(.ARM.Collect$$$$0000000F)
    Reset_Handler                            0x080000d5   Thumb Code     8  startup_stm32l051xx.o(.text)
    ADC1_COMP_IRQHandler                     0x080000e7   Thumb Code     0  startup_stm32l051xx.o(.text)
    DMA1_Channel1_IRQHandler                 0x080000e7   Thumb Code     0  startup_stm32l051xx.o(.text)
    DMA1_Channel4_5_6_7_IRQHandler           0x080000e7   Thumb Code     0  startup_stm32l051xx.o(.text)
    EXTI0_1_IRQHandler                       0x080000e7   Thumb Code     0  startup_stm32l051xx.o(.text)
    EXTI2_3_IRQHandler                       0x080000e7   Thumb Code     0  startup_stm32l051xx.o(.text)
    EXTI4_15_IRQHandler                      0x080000e7   Thumb Code     0  startup_stm32l051xx.o(.text)
    FLASH_IRQHandler                         0x080000e7   Thumb Code     0  startup_stm32l051xx.o(.text)
    I2C1_IRQHandler                          0x080000e7   Thumb Code     0  startup_stm32l051xx.o(.text)
    LPTIM1_IRQHandler                        0x080000e7   Thumb Code     0  startup_stm32l051xx.o(.text)
    PVD_IRQHandler                           0x080000e7   Thumb Code     0  startup_stm32l051xx.o(.text)
    RCC_IRQHandler                           0x080000e7   Thumb Code     0  startup_stm32l051xx.o(.text)
    RTC_IRQHandler                           0x080000e7   Thumb Code     0  startup_stm32l051xx.o(.text)
    SPI1_IRQHandler                          0x080000e7   Thumb Code     0  startup_stm32l051xx.o(.text)
    TIM21_IRQHandler                         0x080000e7   Thumb Code     0  startup_stm32l051xx.o(.text)
    TIM22_IRQHandler                         0x080000e7   Thumb Code     0  startup_stm32l051xx.o(.text)
    TIM2_IRQHandler                          0x080000e7   Thumb Code     0  startup_stm32l051xx.o(.text)
    USART2_IRQHandler                        0x080000e7   Thumb Code     0  startup_stm32l051xx.o(.text)
    WWDG_IRQHandler                          0x080000e7   Thumb Code     0  startup_stm32l051xx.o(.text)
    __aeabi_uidiv                            0x080000f1   Thumb Code     0  uidiv.o(.text)
    __aeabi_uidivmod                         0x080000f1   Thumb Code    44  uidiv.o(.text)
    __aeabi_uldivmod                         0x0800011d   Thumb Code    96  uldiv.o(.text)
    __aeabi_memcpy                           0x0800017d   Thumb Code    36  memcpya.o(.text)
    __aeabi_memcpy4                          0x0800017d   Thumb Code     0  memcpya.o(.text)
    __aeabi_memcpy8                          0x0800017d   Thumb Code     0  memcpya.o(.text)
    __aeabi_memset                           0x080001a1   Thumb Code    14  memseta.o(.text)
    __aeabi_memset4                          0x080001a1   Thumb Code     0  memseta.o(.text)
    __aeabi_memset8                          0x080001a1   Thumb Code     0  memseta.o(.text)
    __aeabi_memclr                           0x080001af   Thumb Code     4  memseta.o(.text)
    __aeabi_memclr4                          0x080001af   Thumb Code     0  memseta.o(.text)
    __aeabi_memclr8                          0x080001af   Thumb Code     0  memseta.o(.text)
    _memset$wrapper                          0x080001b3   Thumb Code    18  memseta.o(.text)
    strstr                                   0x080001c5   Thumb Code    40  strstr.o(.text)
    strchr                                   0x080001ed   Thumb Code    20  strchr.o(.text)
    strlen                                   0x08000201   Thumb Code    14  strlen.o(.text)
    strtok                                   0x08000211   Thumb Code    68  strtok.o(.text)
    strtoul                                  0x08000259   Thumb Code   118  strtoul.o(.text)
    __aeabi_llsl                             0x080002cf   Thumb Code    32  llshl.o(.text)
    _ll_shift_l                              0x080002cf   Thumb Code     0  llshl.o(.text)
    __aeabi_llsr                             0x080002ef   Thumb Code    34  llushr.o(.text)
    _ll_ushift_r                             0x080002ef   Thumb Code     0  llushr.o(.text)
    __rt_ctype_table                         0x08000311   Thumb Code     4  ctype_o.o(.text)
    _strtoul                                 0x08000319   Thumb Code   166  _strtoul.o(.text)
    __scatterload                            0x080003c1   Thumb Code    28  init.o(.text)
    __scatterload_rt2                        0x080003c1   Thumb Code     0  init.o(.text)
    _chval                                   0x080003e5   Thumb Code    30  _chval.o(.text)
    DMA1_Channel2_3_IRQHandler               0x0800048d   Thumb Code    16  stm32l0xx_it.o(i.DMA1_Channel2_3_IRQHandler)
    HAL_ADCEx_Calibration_Start              0x080004c3   Thumb Code   170  stm32l0xx_hal_adc_ex.o(i.HAL_ADCEx_Calibration_Start)
    HAL_ADC_ConfigChannel                    0x0800056d   Thumb Code   140  stm32l0xx_hal_adc.o(i.HAL_ADC_ConfigChannel)
    HAL_ADC_Init                             0x08000601   Thumb Code   442  stm32l0xx_hal_adc.o(i.HAL_ADC_Init)
    HAL_ADC_MspInit                          0x080007c5   Thumb Code    56  stm32l0xx_hal_msp.o(i.HAL_ADC_MspInit)
    HAL_ADC_Start                            0x08000805   Thumb Code    86  stm32l0xx_hal_adc.o(i.HAL_ADC_Start)
    HAL_DMA_Abort_IT                         0x08000861   Thumb Code   148  stm32l0xx_hal_dma.o(i.HAL_DMA_Abort_IT)
    HAL_DMA_DeInit                           0x080008f9   Thumb Code   464  stm32l0xx_hal_dma.o(i.HAL_DMA_DeInit)
    HAL_DMA_IRQHandler                       0x08000acd   Thumb Code   634  stm32l0xx_hal_dma.o(i.HAL_DMA_IRQHandler)
    HAL_DMA_Init                             0x08000d4d   Thumb Code   254  stm32l0xx_hal_dma.o(i.HAL_DMA_Init)
    HAL_DMA_Start_IT                         0x08000e55   Thumb Code    78  stm32l0xx_hal_dma.o(i.HAL_DMA_Start_IT)
    HAL_GPIO_DeInit                          0x08000ea5   Thumb Code   202  stm32l0xx_hal_gpio.o(i.HAL_GPIO_DeInit)
    HAL_GPIO_Init                            0x08000f89   Thumb Code   346  stm32l0xx_hal_gpio.o(i.HAL_GPIO_Init)
    HAL_GPIO_ReadPin                         0x08001101   Thumb Code    10  stm32l0xx_hal_gpio.o(i.HAL_GPIO_ReadPin)
    HAL_GPIO_TogglePin                       0x0800110b   Thumb Code     8  stm32l0xx_hal_gpio.o(i.HAL_GPIO_TogglePin)
    HAL_GPIO_WritePin                        0x08001113   Thumb Code    12  stm32l0xx_hal_gpio.o(i.HAL_GPIO_WritePin)
    HAL_GetTick                              0x08001121   Thumb Code     6  stm32l0xx_hal.o(i.HAL_GetTick)
    HAL_I2CEx_ConfigAnalogFilter             0x0800112d   Thumb Code    74  stm32l0xx_hal_i2c_ex.o(i.HAL_I2CEx_ConfigAnalogFilter)
    HAL_I2CEx_ConfigDigitalFilter            0x08001177   Thumb Code    72  stm32l0xx_hal_i2c_ex.o(i.HAL_I2CEx_ConfigDigitalFilter)
    HAL_I2C_Init                             0x080011c1   Thumb Code   176  stm32l0xx_hal_i2c.o(i.HAL_I2C_Init)
    HAL_I2C_MspInit                          0x08001275   Thumb Code    58  stm32l0xx_hal_msp.o(i.HAL_I2C_MspInit)
    HAL_IncTick                              0x080012bd   Thumb Code    10  stm32l0xx_hal.o(i.HAL_IncTick)
    HAL_Init                                 0x080012cd   Thumb Code    26  stm32l0xx_hal.o(i.HAL_Init)
    HAL_InitTick                             0x080012ed   Thumb Code    34  stm32l0xx_hal.o(i.HAL_InitTick)
    HAL_MspInit                              0x08001315   Thumb Code   160  stm32l0xx_hal_msp.o(i.HAL_MspInit)
    HAL_NVIC_DisableIRQ                      0x080013b9   Thumb Code    14  stm32l0xx_hal_cortex.o(i.HAL_NVIC_DisableIRQ)
    HAL_NVIC_EnableIRQ                       0x080013cd   Thumb Code    14  stm32l0xx_hal_cortex.o(i.HAL_NVIC_EnableIRQ)
    HAL_NVIC_SetPriority                     0x080013e1   Thumb Code     8  stm32l0xx_hal_cortex.o(i.HAL_NVIC_SetPriority)
    HAL_RCCEx_GetPeriphCLKFreq               0x080013e9   Thumb Code   284  stm32l0xx_hal_rcc_ex.o(i.HAL_RCCEx_GetPeriphCLKFreq)
    HAL_RCCEx_PeriphCLKConfig                0x08001521   Thumb Code   342  stm32l0xx_hal_rcc_ex.o(i.HAL_RCCEx_PeriphCLKConfig)
    HAL_RCC_ClockConfig                      0x08001685   Thumb Code   340  stm32l0xx_hal_rcc.o(i.HAL_RCC_ClockConfig)
    HAL_RCC_GetHCLKFreq                      0x080017ed   Thumb Code     6  stm32l0xx_hal_rcc.o(i.HAL_RCC_GetHCLKFreq)
    HAL_RCC_GetPCLK1Freq                     0x080017f9   Thumb Code    20  stm32l0xx_hal_rcc.o(i.HAL_RCC_GetPCLK1Freq)
    HAL_RCC_GetPCLK2Freq                     0x08001819   Thumb Code    20  stm32l0xx_hal_rcc.o(i.HAL_RCC_GetPCLK2Freq)
    HAL_RCC_GetSysClockFreq                  0x08001839   Thumb Code   100  stm32l0xx_hal_rcc.o(i.HAL_RCC_GetSysClockFreq)
    HAL_RCC_OscConfig                        0x080018b1   Thumb Code   976  stm32l0xx_hal_rcc.o(i.HAL_RCC_OscConfig)
    HAL_SYSTICK_CLKSourceConfig              0x08001c9d   Thumb Code    20  stm32l0xx_hal_cortex.o(i.HAL_SYSTICK_CLKSourceConfig)
    HAL_SYSTICK_Config                       0x08001cb5   Thumb Code    38  stm32l0xx_hal_cortex.o(i.HAL_SYSTICK_Config)
    HAL_TIM_PWM_ConfigChannel                0x08001ce5   Thumb Code   208  stm32l0xx_hal_tim.o(i.HAL_TIM_PWM_ConfigChannel)
    HAL_TIM_PWM_Init                         0x08001db5   Thumb Code    52  stm32l0xx_hal_tim.o(i.HAL_TIM_PWM_Init)
    HAL_TIM_PWM_MspInit                      0x08001de9   Thumb Code    42  stm32l0xx_hal_msp.o(i.HAL_TIM_PWM_MspInit)
    HAL_TIM_PWM_Start                        0x08001e19   Thumb Code    26  stm32l0xx_hal_tim.o(i.HAL_TIM_PWM_Start)
    HAL_TIM_PWM_Stop                         0x08001e35   Thumb Code    40  stm32l0xx_hal_tim.o(i.HAL_TIM_PWM_Stop)
    HAL_UARTDMA_Init                         0x08001e61   Thumb Code    28  dabai_usart.o(i.HAL_UARTDMA_Init)
    HAL_UARTEx_WakeupCallback                0x08001e8d   Thumb Code     2  stm32l0xx_hal_uart_ex.o(i.HAL_UARTEx_WakeupCallback)
    HAL_UART_Close                           0x08001e91   Thumb Code    10  dabai_usart.o(i.HAL_UART_Close)
    HAL_UART_ErrorCallback                   0x08001ea1   Thumb Code     2  stm32l0xx_hal_uart.o(i.HAL_UART_ErrorCallback)
    HAL_UART_IRQHandler                      0x08001ea5   Thumb Code   318  stm32l0xx_hal_uart.o(i.HAL_UART_IRQHandler)
    HAL_UART_Init                            0x08001fe9   Thumb Code   108  stm32l0xx_hal_uart.o(i.HAL_UART_Init)
    HAL_UART_MspDeInit                       0x08002055   Thumb Code   106  stm32l0xx_hal_msp.o(i.HAL_UART_MspDeInit)
    HAL_UART_MspInit                         0x080020d5   Thumb Code   190  stm32l0xx_hal_msp.o(i.HAL_UART_MspInit)
    HAL_UART_Poll                            0x080021b1   Thumb Code    56  dabai_usart.o(i.HAL_UART_Poll)
    HAL_UART_Receive_DMA                     0x080021f9   Thumb Code   150  stm32l0xx_hal_uart.o(i.HAL_UART_Receive_DMA)
    HAL_UART_RxCpltCallback                  0x0800229d   Thumb Code     2  stm32l0xx_hal_uart.o(i.HAL_UART_RxCpltCallback)
    HAL_UART_RxHalfCpltCallback              0x0800229f   Thumb Code     2  stm32l0xx_hal_uart.o(i.HAL_UART_RxHalfCpltCallback)
    HAL_UART_Transmit                        0x080022a1   Thumb Code   200  stm32l0xx_hal_uart.o(i.HAL_UART_Transmit)
    HAL_UART_Transmit_DMA                    0x08002369   Thumb Code   138  stm32l0xx_hal_uart.o(i.HAL_UART_Transmit_DMA)
    HAL_UART_TxCpltCallback                  0x08002401   Thumb Code    58  _dma_cfg.o(i.HAL_UART_TxCpltCallback)
    HAL_UART_TxHalfCpltCallback              0x08002449   Thumb Code     2  stm32l0xx_hal_uart.o(i.HAL_UART_TxHalfCpltCallback)
    HAL_UART_Write                           0x0800244d   Thumb Code    28  dabai_usart.o(i.HAL_UART_Write)
    HardFault_Handler                        0x08002471   Thumb Code     2  stm32l0xx_it.o(i.HardFault_Handler)
    KeyProcess                               0x08002475   Thumb Code   268  dabai_app.o(i.KeyProcess)
    LPUART1_IRQHandler                       0x080025a1   Thumb Code    10  stm32l0xx_it.o(i.LPUART1_IRQHandler)
    MX_ADC_Init                              0x080025b1   Thumb Code    80  dabai_adc.o(i.MX_ADC_Init)
    MX_GPIO_Init                             0x0800260d   Thumb Code   156  dabai_gpio.o(i.MX_GPIO_Init)
    MX_I2C2_Init                             0x080026ad   Thumb Code    52  dabai_i2c.o(i.MX_I2C2_Init)
    MX_LPUART1_UART_Init                     0x080026ed   Thumb Code    50  dabai_usart.o(i.MX_LPUART1_UART_Init)
    MX_TIM_Init                              0x08002741   Thumb Code    78  dabai_tim.o(i.MX_TIM_Init)
    MX_TIM_Set                               0x080027a5   Thumb Code     6  timer_user_poll.o(i.MX_TIM_Set)
    MX_TIM_Start                             0x080027b1   Thumb Code    18  timer_user_poll.o(i.MX_TIM_Start)
    MX_TIM_Stop                              0x080027c9   Thumb Code     8  timer_user_poll.o(i.MX_TIM_Stop)
    MX_TimerPoll                             0x080027d5   Thumb Code    58  timer_user_poll.o(i.MX_TimerPoll)
    MX_USART1_UART_Init                      0x08002815   Thumb Code    40  dabai_usart.o(i.MX_USART1_UART_Init)
    NBModule_Info                            0x08002845   Thumb Code    24  nb_board.o(i.NBModule_Info)
    NBModule_Init                            0x0800285d   Thumb Code    24  nb_board.o(i.NBModule_Init)
    NBModule_Main                            0x08002875   Thumb Code    18  nb_board.o(i.NBModule_Main)
    NBModule_Sign                            0x08002887   Thumb Code    24  nb_board.o(i.NBModule_Sign)
    NBModule_open                            0x080028a1   Thumb Code    30  nb_board.o(i.NBModule_open)
    NB_MsgreportCb                           0x08002929   Thumb Code   178  dabai_app.o(i.NB_MsgreportCb)
    NMI_Handler                              0x08002b25   Thumb Code     2  stm32l0xx_it.o(i.NMI_Handler)
    PendSV_Handler                           0x08002b6d   Thumb Code     2  stm32l0xx_it.o(i.PendSV_Handler)
    PowerOffGpioConfig                       0x08002b71   Thumb Code    32  dabai_gpio.o(i.PowerOffGpioConfig)
    SVC_Handler                              0x08002c05   Thumb Code     2  stm32l0xx_it.o(i.SVC_Handler)
    SysTick_Handler                          0x08002c09   Thumb Code    24  stm32l0xx_it.o(i.SysTick_Handler)
    SystemClock_Config                       0x08002c29   Thumb Code   160  main.o(i.SystemClock_Config)
    SystemInit                               0x08002cd1   Thumb Code    66  system_stm32l0xx.o(i.SystemInit)
    UART_AdvFeatureConfig                    0x08002e59   Thumb Code   202  stm32l0xx_hal_uart.o(i.UART_AdvFeatureConfig)
    UART_CheckIdleState                      0x08002f25   Thumb Code    90  stm32l0xx_hal_uart.o(i.UART_CheckIdleState)
    UART_SetConfig                           0x08003115   Thumb Code   498  stm32l0xx_hal_uart.o(i.UART_SetConfig)
    UART_WaitOnFlagUntilTimeout              0x08003397   Thumb Code    98  stm32l0xx_hal_uart.o(i.UART_WaitOnFlagUntilTimeout)
    UartDma_Avail                            0x080033f9   Thumb Code    38  _dma_cfg.o(i.UartDma_Avail)
    UartDma_Init                             0x08003429   Thumb Code    52  _dma_cfg.o(i.UartDma_Init)
    UartDma_Poll                             0x08003469   Thumb Code   218  _dma_cfg.o(i.UartDma_Poll)
    UartDma_Read                             0x08003555   Thumb Code    64  _dma_cfg.o(i.UartDma_Read)
    UartDma_Write                            0x0800359d   Thumb Code   158  _dma_cfg.o(i.UartDma_Write)
    _Error_Handler                           0x08003645   Thumb Code     2  main.o(i._Error_Handler)
    __0printf$8                              0x08003649   Thumb Code    24  printf8.o(i.__0printf$8)
    __1printf$8                              0x08003649   Thumb Code     0  printf8.o(i.__0printf$8)
    __2printf                                0x08003649   Thumb Code     0  printf8.o(i.__0printf$8)
    __0snprintf$8                            0x08003669   Thumb Code    46  printf8.o(i.__0snprintf$8)
    __1snprintf$8                            0x08003669   Thumb Code     0  printf8.o(i.__0snprintf$8)
    __2snprintf                              0x08003669   Thumb Code     0  printf8.o(i.__0snprintf$8)
    __0sprintf$8                             0x0800369d   Thumb Code    36  printf8.o(i.__0sprintf$8)
    __1sprintf$8                             0x0800369d   Thumb Code     0  printf8.o(i.__0sprintf$8)
    __2sprintf                               0x0800369d   Thumb Code     0  printf8.o(i.__0sprintf$8)
    __ARM_common_switch8                     0x080036c5   Thumb Code    26  dabai_app.o(i.__ARM_common_switch8)
    __aeabi_errno_addr                       0x080036e1   Thumb Code     4  errno.o(i.__aeabi_errno_addr)
    __rt_errno_addr                          0x080036e1   Thumb Code     0  errno.o(i.__aeabi_errno_addr)
    __scatterload_copy                       0x080036e9   Thumb Code    14  handlers.o(i.__scatterload_copy)
    __scatterload_null                       0x080036f7   Thumb Code     2  handlers.o(i.__scatterload_null)
    __scatterload_zeroinit                   0x080036f9   Thumb Code    14  handlers.o(i.__scatterload_zeroinit)
    addr_adjust                              0x08003b9d   Thumb Code    88  nb_bc95_28.o(i.addr_adjust)
    bc95_AsyncNotification                   0x08003bf9   Thumb Code   220  nb_bc95_28.o(i.bc95_AsyncNotification)
    bc95_closeTCP                            0x08003cf9   Thumb Code    68  nb_bc95_28.o(i.bc95_closeTCP)
    bc95_closeUDP                            0x08003d45   Thumb Code    68  nb_bc95_28.o(i.bc95_closeUDP)
    bc95_coapReadMsg                         0x08003d91   Thumb Code    52  nb_bc95_28.o(i.bc95_coapReadMsg)
    bc95_coapReceIndication                  0x08003dcd   Thumb Code     4  nb_bc95_28.o(i.bc95_coapReceIndication)
    bc95_coapSendMsg                         0x08003dd1   Thumb Code   128  nb_bc95_28.o(i.bc95_coapSendMsg)
    bc95_coapSentIndication                  0x08003e65   Thumb Code     4  nb_bc95_28.o(i.bc95_coapSentIndication)
    bc95_coapServer                          0x08003e69   Thumb Code    66  nb_bc95_28.o(i.bc95_coapServer)
    bc95_createTCP                           0x08003ecd   Thumb Code    60  nb_bc95_28.o(i.bc95_createTCP)
    bc95_createUDP                           0x08003f25   Thumb Code    60  nb_bc95_28.o(i.bc95_createUDP)
    bc95_getIMSI                             0x08003f7d   Thumb Code     4  nb_bc95_28.o(i.bc95_getIMSI)
    bc95_getSignal                           0x08003f85   Thumb Code    56  nb_bc95_28.o(i.bc95_getSignal)
    bc95_init                                0x08003fc5   Thumb Code    56  nb_bc95_28.o(i.bc95_init)
    bc95_main                                0x08004005   Thumb Code   322  nb_bc95_28.o(i.bc95_main)
    bc95_moduleInfo                          0x08004159   Thumb Code    58  nb_bc95_28.o(i.bc95_moduleInfo)
    bc95_open                                0x0800419d   Thumb Code    40  nb_bc95_28.o(i.bc95_open)
    bc95_receTCP                             0x08004221   Thumb Code    94  nb_bc95_28.o(i.bc95_receTCP)
    bc95_receUDP                             0x08004291   Thumb Code    94  nb_bc95_28.o(i.bc95_receUDP)
    bc95_register                            0x08004301   Thumb Code     6  nb_bc95_28.o(i.bc95_register)
    bc95_result_handle                       0x0800430d   Thumb Code    90  nb_bc95_28.o(i.bc95_result_handle)
    bc95_sendTCP                             0x08004371   Thumb Code   154  nb_bc95_28.o(i.bc95_sendTCP)
    bc95_sendUDP                             0x08004445   Thumb Code   154  nb_bc95_28.o(i.bc95_sendUDP)
    fputc                                    0x080047a1   Thumb Code    18  dabai_usart.o(i.fputc)
    main                                     0x080047bd   Thumb Code   226  main.o(i.main)
    BC95_FxnTable                            0x08004c44   Data          68  nb_bc95_28.o(.constdata)
    nb95_udpcl_process                       0x08004c88   Data           3  nb_bc95_28.o(.constdata)
    nb95_udpst_process                       0x08004c8b   Data           3  nb_bc95_28.o(.constdata)
    nb95_udpcr_process                       0x08004c8e   Data           5  nb_bc95_28.o(.constdata)
    nb95_info_process                        0x08004c93   Data           6  nb_bc95_28.o(.constdata)
    nb95_init_process                        0x08004c99   Data          13  nb_bc95_28.o(.constdata)
    AHBPrescTable                            0x08004ca6   Data          16  system_stm32l0xx.o(.constdata)
    PLLMulTable                              0x08004cb6   Data           9  system_stm32l0xx.o(.constdata)
    APBPrescTable                            0x08004cbf   Data           8  system_stm32l0xx.o(.constdata)
    __ctype_table                            0x08004cc7   Data         129  ctype_o.o(.constdata)
    Region$$Table$$Base                      0x08004e24   Number         0  anon$$obj.o(Region$$Table)
    Region$$Table$$Limit                     0x08004e44   Number         0  anon$$obj.o(Region$$Table)
    power_off_flag                           0x20000000   Data           1  dabai_app.o(.data)
    APP_STATE                                0x20000001   Data           1  dabai_app.o(.data)
    key                                      0x20000002   Data           3  dabai_app.o(.data)
    key_flag                                 0x20000005   Data           3  dabai_app.o(.data)
    key_State                                0x20000008   Data           3  dabai_app.o(.data)
    g_lightValue                             0x2000000c   Data           4  dabai_app.o(.data)
    g_Sht20Temp                              0x20000010   Data           4  dabai_app.o(.data)
    g_Sht20RH                                0x20000014   Data           4  dabai_app.o(.data)
    AT_SYNC                                  0x2000001c   Data           4  nb_bc95_28.o(.data)
    AT_CGMI                                  0x20000020   Data           4  nb_bc95_28.o(.data)
    AT_CGMM                                  0x20000024   Data           4  nb_bc95_28.o(.data)
    AT_CGMR                                  0x20000028   Data           4  nb_bc95_28.o(.data)
    AT_CGSN                                  0x2000002c   Data           4  nb_bc95_28.o(.data)
    AT_CEREG                                 0x20000030   Data           4  nb_bc95_28.o(.data)
    AT_CSCON                                 0x20000034   Data           4  nb_bc95_28.o(.data)
    AT_CSQ                                   0x20000038   Data           4  nb_bc95_28.o(.data)
    AT_CGATT                                 0x2000003c   Data           4  nb_bc95_28.o(.data)
    AT_CIMI                                  0x20000040   Data           4  nb_bc95_28.o(.data)
    AT_CFUN                                  0x20000044   Data           4  nb_bc95_28.o(.data)
    AT_CMEE                                  0x20000048   Data           4  nb_bc95_28.o(.data)
    AT_NMGS                                  0x2000004c   Data           4  nb_bc95_28.o(.data)
    AT_NMGR                                  0x20000050   Data           4  nb_bc95_28.o(.data)
    AT_NNMI                                  0x20000054   Data           4  nb_bc95_28.o(.data)
    AT_NSMI                                  0x20000058   Data           4  nb_bc95_28.o(.data)
    AT_NCDP                                  0x2000005c   Data           4  nb_bc95_28.o(.data)
    AT_NSOCR                                 0x20000060   Data           4  nb_bc95_28.o(.data)
    AT_NSOST                                 0x20000064   Data           4  nb_bc95_28.o(.data)
    AT_NSORF                                 0x20000068   Data           4  nb_bc95_28.o(.data)
    AT_NSOSD                                 0x2000006c   Data           4  nb_bc95_28.o(.data)
    AT_NSOCL                                 0x20000070   Data           4  nb_bc95_28.o(.data)
    AT_NBAND                                 0x20000074   Data           4  nb_bc95_28.o(.data)
    com_fxn                                  0x20000080   Data          12  nb_board_cfg.o(.data)
    time_fxn                                 0x2000008c   Data          12  nb_board_cfg.o(.data)
    HWAtrrs_object                           0x20000098   Data          12  nb_board_cfg.o(.data)
    nb_config                                0x200000a4   Data          16  nb_board_cfg.o(.data)
    g_sysTime1ms                             0x200000b4   Data           2  main.o(.data)
    g_tempRHTime1ms                          0x200000b6   Data           2  main.o(.data)
    uhPrescalerValue                         0x200000c0   Data           4  dabai_tim.o(.data)
    gTimeOpenFlag                            0x200000cc   Data           1  timer_user_poll.o(.data)
    gTickStart                               0x200000d0   Data           4  timer_user_poll.o(.data)
    gTickDelta                               0x200000d4   Data           4  timer_user_poll.o(.data)
    nb_timeoutCb                             0x200000d8   Data           4  timer_user_poll.o(.data)
    SystemCoreClock                          0x200000dc   Data           4  system_stm32l0xx.o(.data)
    uwTick                                   0x200000e0   Data           4  stm32l0xx_hal.o(.data)
    __stdout                                 0x200000e8   Data           4  stdout.o(.data)
    key_counter                              0x200000f0   Data          12  dabai_app.o(.bss)
    gNBReceBuf                               0x200000fc   Data         514  nb_bc95_28.o(.bss)
    gNBSendBuf                               0x200002fe   Data         514  nb_bc95_28.o(.bss)
    hdma_lpuart_rx                           0x20000548   Data          64  stm32l0xx_hal_msp.o(.bss)
    hdma_lpuart_tx                           0x20000588   Data          64  stm32l0xx_hal_msp.o(.bss)
    hi2c2                                    0x200005c8   Data          76  dabai_i2c.o(.bss)
    msgBuf                                   0x20000614   Data         256  dabai_usart.o(.bss)
    huart1                                   0x20000714   Data         112  dabai_usart.o(.bss)
    huart2                                   0x20000784   Data         112  dabai_usart.o(.bss)
    hlpuart1                                 0x200007f4   Data         112  dabai_usart.o(.bss)
    AdcHandle                                0x20000864   Data          96  dabai_adc.o(.bss)
    TimHandle                                0x200008c4   Data          56  dabai_tim.o(.bss)
    dmaCfg                                   0x200008fc   Data         792  _dma_cfg.o(.bss)
    __initial_sp                             0x20001018   Data           0  startup_stm32l051xx.o(STACK)



==============================================================================

Memory Map of the image

  Image Entry point : 0x080000c1

  Load Region LR_IROM1 (Base: 0x08000000, Size: 0x00004f34, Max: 0x00010000, ABSOLUTE)

    Execution Region ER_IROM1 (Exec base: 0x08000000, Load base: 0x08000000, Size: 0x00004e44, Max: 0x00010000, ABSOLUTE)

    Exec Addr    Load Addr    Size         Type   Attr      Idx    E Section Name        Object

    0x08000000   0x08000000   0x000000c0   Data   RO         1172    RESET               startup_stm32l051xx.o
    0x080000c0   0x080000c0   0x00000000   Code   RO         3794  * .ARM.Collect$$$$00000000  mc_p.l(entry.o)
    0x080000c0   0x080000c0   0x00000004   Code   RO         4092    .ARM.Collect$$$$00000001  mc_p.l(entry2.o)
    0x080000c4   0x080000c4   0x00000004   Code   RO         4095    .ARM.Collect$$$$00000004  mc_p.l(entry5.o)
    0x080000c8   0x080000c8   0x00000000   Code   RO         4097    .ARM.Collect$$$$00000008  mc_p.l(entry7b.o)
    0x080000c8   0x080000c8   0x00000000   Code   RO         4099    .ARM.Collect$$$$0000000A  mc_p.l(entry8b.o)
    0x080000c8   0x080000c8   0x00000008   Code   RO         4100    .ARM.Collect$$$$0000000B  mc_p.l(entry9a.o)
    0x080000d0   0x080000d0   0x00000000   Code   RO         4102    .ARM.Collect$$$$0000000D  mc_p.l(entry10a.o)
    0x080000d0   0x080000d0   0x00000000   Code   RO         4104    .ARM.Collect$$$$0000000F  mc_p.l(entry11a.o)
    0x080000d0   0x080000d0   0x00000004   Code   RO         4093    .ARM.Collect$$$$00002712  mc_p.l(entry2.o)
    0x080000d4   0x080000d4   0x0000001c   Code   RO         1173    .text               startup_stm32l051xx.o
    0x080000f0   0x080000f0   0x0000002c   Code   RO         3797    .text               mc_p.l(uidiv.o)
    0x0800011c   0x0800011c   0x00000060   Code   RO         3799    .text               mc_p.l(uldiv.o)
    0x0800017c   0x0800017c   0x00000024   Code   RO         3801    .text               mc_p.l(memcpya.o)
    0x080001a0   0x080001a0   0x00000024   Code   RO         3803    .text               mc_p.l(memseta.o)
    0x080001c4   0x080001c4   0x00000028   Code   RO         3805    .text               mc_p.l(strstr.o)
    0x080001ec   0x080001ec   0x00000014   Code   RO         3807    .text               mc_p.l(strchr.o)
    0x08000200   0x08000200   0x0000000e   Code   RO         3809    .text               mc_p.l(strlen.o)
    0x0800020e   0x0800020e   0x00000002   PAD
    0x08000210   0x08000210   0x00000048   Code   RO         3811    .text               mc_p.l(strtok.o)
    0x08000258   0x08000258   0x00000076   Code   RO         4080    .text               mc_p.l(strtoul.o)
    0x080002ce   0x080002ce   0x00000020   Code   RO         4107    .text               mc_p.l(llshl.o)
    0x080002ee   0x080002ee   0x00000022   Code   RO         4109    .text               mc_p.l(llushr.o)
    0x08000310   0x08000310   0x00000008   Code   RO         4113    .text               mc_p.l(ctype_o.o)
    0x08000318   0x08000318   0x000000a6   Code   RO         4148    .text               mc_p.l(_strtoul.o)
    0x080003be   0x080003be   0x00000002   PAD
    0x080003c0   0x080003c0   0x00000024   Code   RO         4163    .text               mc_p.l(init.o)
    0x080003e4   0x080003e4   0x0000001e   Code   RO         4165    .text               mc_p.l(_chval.o)
    0x08000402   0x08000402   0x00000002   PAD
    0x08000404   0x08000404   0x00000024   Code   RO         1217    i.ADC_DelayMicroSecond  stm32l0xx_hal_adc.o
    0x08000428   0x08000428   0x00000064   Code   RO         1219    i.ADC_Enable        stm32l0xx_hal_adc.o
    0x0800048c   0x0800048c   0x00000018   Code   RO          738    i.DMA1_Channel2_3_IRQHandler  stm32l0xx_it.o
    0x080004a4   0x080004a4   0x0000001e   Code   RO         1709    i.DMA_SetConfig     stm32l0xx_hal_dma.o
    0x080004c2   0x080004c2   0x000000aa   Code   RO         1396    i.HAL_ADCEx_Calibration_Start  stm32l0xx_hal_adc_ex.o
    0x0800056c   0x0800056c   0x00000094   Code   RO         1221    i.HAL_ADC_ConfigChannel  stm32l0xx_hal_adc.o
    0x08000600   0x08000600   0x000001c4   Code   RO         1230    i.HAL_ADC_Init      stm32l0xx_hal_adc.o
    0x080007c4   0x080007c4   0x00000040   Code   RO          674    i.HAL_ADC_MspInit   stm32l0xx_hal_msp.o
    0x08000804   0x08000804   0x0000005c   Code   RO         1236    i.HAL_ADC_Start     stm32l0xx_hal_adc.o
    0x08000860   0x08000860   0x00000098   Code   RO         1711    i.HAL_DMA_Abort_IT  stm32l0xx_hal_dma.o
    0x080008f8   0x080008f8   0x000001d4   Code   RO         1712    i.HAL_DMA_DeInit    stm32l0xx_hal_dma.o
    0x08000acc   0x08000acc   0x00000280   Code   RO         1715    i.HAL_DMA_IRQHandler  stm32l0xx_hal_dma.o
    0x08000d4c   0x08000d4c   0x00000108   Code   RO         1716    i.HAL_DMA_Init      stm32l0xx_hal_dma.o
    0x08000e54   0x08000e54   0x0000004e   Code   RO         1719    i.HAL_DMA_Start_IT  stm32l0xx_hal_dma.o
    0x08000ea2   0x08000ea2   0x00000002   PAD
    0x08000ea4   0x08000ea4   0x000000e4   Code   RO         1450    i.HAL_GPIO_DeInit   stm32l0xx_hal_gpio.o
    0x08000f88   0x08000f88   0x00000178   Code   RO         1453    i.HAL_GPIO_Init     stm32l0xx_hal_gpio.o
    0x08001100   0x08001100   0x0000000a   Code   RO         1455    i.HAL_GPIO_ReadPin  stm32l0xx_hal_gpio.o
    0x0800110a   0x0800110a   0x00000008   Code   RO         1456    i.HAL_GPIO_TogglePin  stm32l0xx_hal_gpio.o
    0x08001112   0x08001112   0x0000000c   Code   RO         1457    i.HAL_GPIO_WritePin  stm32l0xx_hal_gpio.o
    0x0800111e   0x0800111e   0x00000002   PAD
    0x08001120   0x08001120   0x0000000c   Code   RO         1801    i.HAL_GetTick       stm32l0xx_hal.o
    0x0800112c   0x0800112c   0x0000004a   Code   RO         2441    i.HAL_I2CEx_ConfigAnalogFilter  stm32l0xx_hal_i2c_ex.o
    0x08001176   0x08001176   0x00000048   Code   RO         2442    i.HAL_I2CEx_ConfigDigitalFilter  stm32l0xx_hal_i2c_ex.o
    0x080011be   0x080011be   0x00000002   PAD
    0x080011c0   0x080011c0   0x000000b4   Code   RO         2028    i.HAL_I2C_Init      stm32l0xx_hal_i2c.o
    0x08001274   0x08001274   0x00000048   Code   RO          676    i.HAL_I2C_MspInit   stm32l0xx_hal_msp.o
    0x080012bc   0x080012bc   0x00000010   Code   RO         1802    i.HAL_IncTick       stm32l0xx_hal.o
    0x080012cc   0x080012cc   0x00000020   Code   RO         1803    i.HAL_Init          stm32l0xx_hal.o
    0x080012ec   0x080012ec   0x00000028   Code   RO         1804    i.HAL_InitTick      stm32l0xx_hal.o
    0x08001314   0x08001314   0x000000a4   Code   RO          677    i.HAL_MspInit       stm32l0xx_hal_msp.o
    0x080013b8   0x080013b8   0x00000014   Code   RO         1514    i.HAL_NVIC_DisableIRQ  stm32l0xx_hal_cortex.o
    0x080013cc   0x080013cc   0x00000014   Code   RO         1515    i.HAL_NVIC_EnableIRQ  stm32l0xx_hal_cortex.o
    0x080013e0   0x080013e0   0x00000008   Code   RO         1519    i.HAL_NVIC_SetPriority  stm32l0xx_hal_cortex.o
    0x080013e8   0x080013e8   0x00000138   Code   RO         1959    i.HAL_RCCEx_GetPeriphCLKFreq  stm32l0xx_hal_rcc_ex.o
    0x08001520   0x08001520   0x00000164   Code   RO         1962    i.HAL_RCCEx_PeriphCLKConfig  stm32l0xx_hal_rcc_ex.o
    0x08001684   0x08001684   0x00000168   Code   RO         1613    i.HAL_RCC_ClockConfig  stm32l0xx_hal_rcc.o
    0x080017ec   0x080017ec   0x0000000c   Code   RO         1617    i.HAL_RCC_GetHCLKFreq  stm32l0xx_hal_rcc.o
    0x080017f8   0x080017f8   0x00000020   Code   RO         1619    i.HAL_RCC_GetPCLK1Freq  stm32l0xx_hal_rcc.o
    0x08001818   0x08001818   0x00000020   Code   RO         1620    i.HAL_RCC_GetPCLK2Freq  stm32l0xx_hal_rcc.o
    0x08001838   0x08001838   0x00000078   Code   RO         1621    i.HAL_RCC_GetSysClockFreq  stm32l0xx_hal_rcc.o
    0x080018b0   0x080018b0   0x000003ec   Code   RO         1624    i.HAL_RCC_OscConfig  stm32l0xx_hal_rcc.o
    0x08001c9c   0x08001c9c   0x00000018   Code   RO         1521    i.HAL_SYSTICK_CLKSourceConfig  stm32l0xx_hal_cortex.o
    0x08001cb4   0x08001cb4   0x00000030   Code   RO         1523    i.HAL_SYSTICK_Config  stm32l0xx_hal_cortex.o
    0x08001ce4   0x08001ce4   0x000000d0   Code   RO         3215    i.HAL_TIM_PWM_ConfigChannel  stm32l0xx_hal_tim.o
    0x08001db4   0x08001db4   0x00000034   Code   RO         3218    i.HAL_TIM_PWM_Init  stm32l0xx_hal_tim.o
    0x08001de8   0x08001de8   0x00000030   Code   RO          678    i.HAL_TIM_PWM_MspInit  stm32l0xx_hal_msp.o
    0x08001e18   0x08001e18   0x0000001a   Code   RO         3222    i.HAL_TIM_PWM_Start  stm32l0xx_hal_tim.o
    0x08001e32   0x08001e32   0x00000002   PAD
    0x08001e34   0x08001e34   0x0000002c   Code   RO         3225    i.HAL_TIM_PWM_Stop  stm32l0xx_hal_tim.o
    0x08001e60   0x08001e60   0x0000002c   Code   RO          870    i.HAL_UARTDMA_Init  dabai_usart.o
    0x08001e8c   0x08001e8c   0x00000002   Code   RO         2840    i.HAL_UARTEx_WakeupCallback  stm32l0xx_hal_uart_ex.o
    0x08001e8e   0x08001e8e   0x00000002   PAD
    0x08001e90   0x08001e90   0x00000010   Code   RO          871    i.HAL_UART_Close    dabai_usart.o
    0x08001ea0   0x08001ea0   0x00000002   Code   RO         2513    i.HAL_UART_ErrorCallback  stm32l0xx_hal_uart.o
    0x08001ea2   0x08001ea2   0x00000002   PAD
    0x08001ea4   0x08001ea4   0x00000144   Code   RO         2516    i.HAL_UART_IRQHandler  stm32l0xx_hal_uart.o
    0x08001fe8   0x08001fe8   0x0000006c   Code   RO         2517    i.HAL_UART_Init     stm32l0xx_hal_uart.o
    0x08002054   0x08002054   0x00000080   Code   RO          679    i.HAL_UART_MspDeInit  stm32l0xx_hal_msp.o
    0x080020d4   0x080020d4   0x000000dc   Code   RO          680    i.HAL_UART_MspInit  stm32l0xx_hal_msp.o
    0x080021b0   0x080021b0   0x00000048   Code   RO          873    i.HAL_UART_Poll     dabai_usart.o
    0x080021f8   0x080021f8   0x000000a4   Code   RO         2521    i.HAL_UART_Receive_DMA  stm32l0xx_hal_uart.o
    0x0800229c   0x0800229c   0x00000002   Code   RO         2523    i.HAL_UART_RxCpltCallback  stm32l0xx_hal_uart.o
    0x0800229e   0x0800229e   0x00000002   Code   RO         2524    i.HAL_UART_RxHalfCpltCallback  stm32l0xx_hal_uart.o
    0x080022a0   0x080022a0   0x000000c8   Code   RO         2525    i.HAL_UART_Transmit  stm32l0xx_hal_uart.o
    0x08002368   0x08002368   0x00000098   Code   RO         2526    i.HAL_UART_Transmit_DMA  stm32l0xx_hal_uart.o
    0x08002400   0x08002400   0x00000048   Code   RO         1074    i.HAL_UART_TxCpltCallback  _dma_cfg.o
    0x08002448   0x08002448   0x00000002   Code   RO         2529    i.HAL_UART_TxHalfCpltCallback  stm32l0xx_hal_uart.o
    0x0800244a   0x0800244a   0x00000002   PAD
    0x0800244c   0x0800244c   0x00000024   Code   RO          876    i.HAL_UART_Write    dabai_usart.o
    0x08002470   0x08002470   0x00000002   Code   RO          740    i.HardFault_Handler  stm32l0xx_it.o
    0x08002472   0x08002472   0x00000002   PAD
    0x08002474   0x08002474   0x0000012c   Code   RO            4    i.KeyProcess        dabai_app.o
    0x080025a0   0x080025a0   0x00000010   Code   RO          741    i.LPUART1_IRQHandler  stm32l0xx_it.o
    0x080025b0   0x080025b0   0x0000005c   Code   RO          976    i.MX_ADC_Init       dabai_adc.o
    0x0800260c   0x0800260c   0x000000a0   Code   RO          804    i.MX_GPIO_Init      dabai_gpio.o
    0x080026ac   0x080026ac   0x00000040   Code   RO          832    i.MX_I2C2_Init      dabai_i2c.o
    0x080026ec   0x080026ec   0x00000054   Code   RO          877    i.MX_LPUART1_UART_Init  dabai_usart.o
    0x08002740   0x08002740   0x00000064   Code   RO         1009    i.MX_TIM_Init       dabai_tim.o
    0x080027a4   0x080027a4   0x0000000c   Code   RO         1128    i.MX_TIM_Set        timer_user_poll.o
    0x080027b0   0x080027b0   0x00000018   Code   RO         1129    i.MX_TIM_Start      timer_user_poll.o
    0x080027c8   0x080027c8   0x0000000c   Code   RO         1130    i.MX_TIM_Stop       timer_user_poll.o
    0x080027d4   0x080027d4   0x00000040   Code   RO         1131    i.MX_TimerPoll      timer_user_poll.o
    0x08002814   0x08002814   0x00000030   Code   RO          878    i.MX_USART1_UART_Init  dabai_usart.o
    0x08002844   0x08002844   0x00000018   Code   RO          482    i.NBModule_Info     nb_board.o
    0x0800285c   0x0800285c   0x00000018   Code   RO          483    i.NBModule_Init     nb_board.o
    0x08002874   0x08002874   0x00000012   Code   RO          484    i.NBModule_Main     nb_board.o
    0x08002886   0x08002886   0x00000018   Code   RO          487    i.NBModule_Sign     nb_board.o
    0x0800289e   0x0800289e   0x00000002   PAD
    0x080028a0   0x080028a0   0x00000024   Code   RO          489    i.NBModule_open     nb_board.o
    0x080028c4   0x080028c4   0x00000062   Code   RO          179    i.NB_HexStrToNum    nb_bc95_28.o
    0x08002926   0x08002926   0x00000002   PAD
    0x08002928   0x08002928   0x000001b8   Code   RO            5    i.NB_MsgreportCb    dabai_app.o
    0x08002ae0   0x08002ae0   0x00000038   Code   RO          180    i.NB_SendCmd        nb_bc95_28.o
    0x08002b18   0x08002b18   0x0000000c   Code   RO          181    i.NB_Strtoul        nb_bc95_28.o
    0x08002b24   0x08002b24   0x00000002   Code   RO          742    i.NMI_Handler       stm32l0xx_it.o
    0x08002b26   0x08002b26   0x00000002   PAD
    0x08002b28   0x08002b28   0x00000044   Code   RO         1525    i.NVIC_SetPriority  stm32l0xx_hal_cortex.o
    0x08002b6c   0x08002b6c   0x00000002   Code   RO          743    i.PendSV_Handler    stm32l0xx_it.o
    0x08002b6e   0x08002b6e   0x00000002   PAD
    0x08002b70   0x08002b70   0x00000024   Code   RO          805    i.PowerOffGpioConfig  dabai_gpio.o
    0x08002b94   0x08002b94   0x00000070   Code   RO         1625    i.RCC_SetFlashLatencyFromMSIRange  stm32l0xx_hal_rcc.o
    0x08002c04   0x08002c04   0x00000002   Code   RO          744    i.SVC_Handler       stm32l0xx_it.o
    0x08002c06   0x08002c06   0x00000002   PAD
    0x08002c08   0x08002c08   0x00000020   Code   RO          745    i.SysTick_Handler   stm32l0xx_it.o
    0x08002c28   0x08002c28   0x000000a8   Code   RO          620    i.SystemClock_Config  main.o
    0x08002cd0   0x08002cd0   0x00000054   Code   RO         1180    i.SystemInit        system_stm32l0xx.o
    0x08002d24   0x08002d24   0x00000050   Code   RO         3233    i.TIM_Base_SetConfig  stm32l0xx_hal_tim.o
    0x08002d74   0x08002d74   0x00000016   Code   RO         3234    i.TIM_CCxChannelCmd  stm32l0xx_hal_tim.o
    0x08002d8a   0x08002d8a   0x00000030   Code   RO         3242    i.TIM_OC1_SetConfig  stm32l0xx_hal_tim.o
    0x08002dba   0x08002dba   0x00000032   Code   RO         3243    i.TIM_OC2_SetConfig  stm32l0xx_hal_tim.o
    0x08002dec   0x08002dec   0x00000036   Code   RO         3244    i.TIM_OC3_SetConfig  stm32l0xx_hal_tim.o
    0x08002e22   0x08002e22   0x00000036   Code   RO         3245    i.TIM_OC4_SetConfig  stm32l0xx_hal_tim.o
    0x08002e58   0x08002e58   0x000000ca   Code   RO         2530    i.UART_AdvFeatureConfig  stm32l0xx_hal_uart.o
    0x08002f22   0x08002f22   0x00000002   PAD
    0x08002f24   0x08002f24   0x00000060   Code   RO         2531    i.UART_CheckIdleState  stm32l0xx_hal_uart.o
    0x08002f84   0x08002f84   0x00000014   Code   RO         2532    i.UART_DMAAbortOnError  stm32l0xx_hal_uart.o
    0x08002f98   0x08002f98   0x0000004a   Code   RO         2533    i.UART_DMAError     stm32l0xx_hal_uart.o
    0x08002fe2   0x08002fe2   0x00000040   Code   RO         2534    i.UART_DMAReceiveCplt  stm32l0xx_hal_uart.o
    0x08003022   0x08003022   0x0000000a   Code   RO         2536    i.UART_DMARxHalfCplt  stm32l0xx_hal_uart.o
    0x0800302c   0x0800302c   0x00000030   Code   RO         2538    i.UART_DMATransmitCplt  stm32l0xx_hal_uart.o
    0x0800305c   0x0800305c   0x0000000a   Code   RO         2540    i.UART_DMATxHalfCplt  stm32l0xx_hal_uart.o
    0x08003066   0x08003066   0x0000001e   Code   RO         2542    i.UART_EndRxTransfer  stm32l0xx_hal_uart.o
    0x08003084   0x08003084   0x00000012   Code   RO         2543    i.UART_EndTxTransfer  stm32l0xx_hal_uart.o
    0x08003096   0x08003096   0x0000007e   Code   RO         2544    i.UART_Receive_IT   stm32l0xx_hal_uart.o
    0x08003114   0x08003114   0x0000021c   Code   RO         2545    i.UART_SetConfig    stm32l0xx_hal_uart.o
    0x08003330   0x08003330   0x00000066   Code   RO         2546    i.UART_Transmit_IT  stm32l0xx_hal_uart.o
    0x08003396   0x08003396   0x00000062   Code   RO         2547    i.UART_WaitOnFlagUntilTimeout  stm32l0xx_hal_uart.o
    0x080033f8   0x080033f8   0x00000030   Code   RO         1075    i.UartDma_Avail     _dma_cfg.o
    0x08003428   0x08003428   0x00000040   Code   RO         1076    i.UartDma_Init      _dma_cfg.o
    0x08003468   0x08003468   0x000000ec   Code   RO         1077    i.UartDma_Poll      _dma_cfg.o
    0x08003554   0x08003554   0x00000048   Code   RO         1078    i.UartDma_Read      _dma_cfg.o
    0x0800359c   0x0800359c   0x000000a8   Code   RO         1079    i.UartDma_Write     _dma_cfg.o
    0x08003644   0x08003644   0x00000002   Code   RO          621    i._Error_Handler    main.o
    0x08003646   0x08003646   0x00000002   PAD
    0x08003648   0x08003648   0x00000020   Code   RO         4026    i.__0printf$8       mc_p.l(printf8.o)
    0x08003668   0x08003668   0x00000034   Code   RO         4027    i.__0snprintf$8     mc_p.l(printf8.o)
    0x0800369c   0x0800369c   0x00000028   Code   RO         4028    i.__0sprintf$8      mc_p.l(printf8.o)
    0x080036c4   0x080036c4   0x0000001a   Code   RO           35    i.__ARM_common_switch8  dabai_app.o
    0x080036de   0x080036de   0x00000002   PAD
    0x080036e0   0x080036e0   0x00000008   Code   RO         4141    i.__aeabi_errno_addr  mc_p.l(errno.o)
    0x080036e8   0x080036e8   0x0000000e   Code   RO         4169    i.__scatterload_copy  mc_p.l(handlers.o)
    0x080036f6   0x080036f6   0x00000002   Code   RO         4170    i.__scatterload_null  mc_p.l(handlers.o)
    0x080036f8   0x080036f8   0x0000000e   Code   RO         4171    i.__scatterload_zeroinit  mc_p.l(handlers.o)
    0x08003706   0x08003706   0x00000002   PAD
    0x08003708   0x08003708   0x00000428   Code   RO         4033    i._printf_core      mc_p.l(printf8.o)
    0x08003b30   0x08003b30   0x00000020   Code   RO         4034    i._printf_post_padding  mc_p.l(printf8.o)
    0x08003b50   0x08003b50   0x0000002c   Code   RO         4035    i._printf_pre_padding  mc_p.l(printf8.o)
    0x08003b7c   0x08003b7c   0x00000016   Code   RO         4036    i._snputc           mc_p.l(printf8.o)
    0x08003b92   0x08003b92   0x0000000a   Code   RO         4037    i._sputc            mc_p.l(printf8.o)
    0x08003b9c   0x08003b9c   0x0000005c   Code   RO          182    i.addr_adjust       nb_bc95_28.o
    0x08003bf8   0x08003bf8   0x00000100   Code   RO          183    i.bc95_AsyncNotification  nb_bc95_28.o
    0x08003cf8   0x08003cf8   0x0000004c   Code   RO          184    i.bc95_closeTCP     nb_bc95_28.o
    0x08003d44   0x08003d44   0x0000004c   Code   RO          185    i.bc95_closeUDP     nb_bc95_28.o
    0x08003d90   0x08003d90   0x0000003c   Code   RO          186    i.bc95_coapReadMsg  nb_bc95_28.o
    0x08003dcc   0x08003dcc   0x00000004   Code   RO          187    i.bc95_coapReceIndication  nb_bc95_28.o
    0x08003dd0   0x08003dd0   0x00000094   Code   RO          188    i.bc95_coapSendMsg  nb_bc95_28.o
    0x08003e64   0x08003e64   0x00000004   Code   RO          189    i.bc95_coapSentIndication  nb_bc95_28.o
    0x08003e68   0x08003e68   0x00000064   Code   RO          190    i.bc95_coapServer   nb_bc95_28.o
    0x08003ecc   0x08003ecc   0x00000058   Code   RO          191    i.bc95_createTCP    nb_bc95_28.o
    0x08003f24   0x08003f24   0x00000058   Code   RO          192    i.bc95_createUDP    nb_bc95_28.o
    0x08003f7c   0x08003f7c   0x00000008   Code   RO          193    i.bc95_getIMSI      nb_bc95_28.o
    0x08003f84   0x08003f84   0x00000040   Code   RO          194    i.bc95_getSignal    nb_bc95_28.o
    0x08003fc4   0x08003fc4   0x00000040   Code   RO          195    i.bc95_init         nb_bc95_28.o
    0x08004004   0x08004004   0x00000154   Code   RO          196    i.bc95_main         nb_bc95_28.o
    0x08004158   0x08004158   0x00000044   Code   RO          197    i.bc95_moduleInfo   nb_bc95_28.o
    0x0800419c   0x0800419c   0x00000034   Code   RO          198    i.bc95_open         nb_bc95_28.o
    0x080041d0   0x080041d0   0x00000050   Code   RO          199    i.bc95_receCb       nb_bc95_28.o
    0x08004220   0x08004220   0x00000070   Code   RO          200    i.bc95_receTCP      nb_bc95_28.o
    0x08004290   0x08004290   0x00000070   Code   RO          201    i.bc95_receUDP      nb_bc95_28.o
    0x08004300   0x08004300   0x0000000c   Code   RO          202    i.bc95_register     nb_bc95_28.o
    0x0800430c   0x0800430c   0x00000064   Code   RO          203    i.bc95_result_handle  nb_bc95_28.o
    0x08004370   0x08004370   0x000000d4   Code   RO          204    i.bc95_sendTCP      nb_bc95_28.o
    0x08004444   0x08004444   0x000000d4   Code   RO          205    i.bc95_sendUDP      nb_bc95_28.o
    0x08004518   0x08004518   0x0000000a   Code   RO          206    i.bc95_timeoutCb    nb_bc95_28.o
    0x08004522   0x08004522   0x00000002   PAD
    0x08004524   0x08004524   0x0000008c   Code   RO          207    i.cmd_generate      nb_bc95_28.o
    0x080045b0   0x080045b0   0x00000054   Code   RO          208    i.cmd_isPass        nb_bc95_28.o
    0x08004604   0x08004604   0x00000178   Code   RO          209    i.cmd_next          nb_bc95_28.o
    0x0800477c   0x0800477c   0x00000024   Code   RO          210    i.cmd_param_init    nb_bc95_28.o
    0x080047a0   0x080047a0   0x0000001c   Code   RO          880    i.fputc             dabai_usart.o
    0x080047bc   0x080047bc   0x00000160   Code   RO          622    i.main              main.o
    0x0800491c   0x0800491c   0x000002e0   Code   RO          211    i.nbsend_msg_app    nb_bc95_28.o
    0x08004bfc   0x08004bfc   0x00000010   Code   RO          212    i.nbset_event       nb_bc95_28.o
    0x08004c0c   0x08004c0c   0x00000014   Code   RO          213    i.reset_rece_buf    nb_bc95_28.o
    0x08004c20   0x08004c20   0x00000010   Code   RO          214    i.state_reset       nb_bc95_28.o
    0x08004c30   0x08004c30   0x00000014   Code   RO          881    i.uart_dma_send     dabai_usart.o
    0x08004c44   0x08004c44   0x00000044   Data   RO          216    .constdata          nb_bc95_28.o
    0x08004c88   0x08004c88   0x0000001e   Data   RO          217    .constdata          nb_bc95_28.o
    0x08004ca6   0x08004ca6   0x00000019   Data   RO         1181    .constdata          system_stm32l0xx.o
    0x08004cbf   0x08004cbf   0x00000008   Data   RO         1182    .constdata          system_stm32l0xx.o
    0x08004cc7   0x08004cc7   0x00000081   Data   RO         4114    .constdata          mc_p.l(ctype_o.o)
    0x08004d48   0x08004d48   0x00000004   Data   RO         4115    .constdata          mc_p.l(ctype_o.o)
    0x08004d4c   0x08004d4c   0x000000d5   Data   RO          221    .conststring        nb_bc95_28.o
    0x08004e21   0x08004e21   0x00000003   PAD
    0x08004e24   0x08004e24   0x00000020   Data   RO         4167    Region$$Table       anon$$obj.o


    Execution Region RW_IRAM1 (Exec base: 0x20000000, Load base: 0x08004e44, Size: 0x00001018, Max: 0x00002000, ABSOLUTE)

    Exec Addr    Load Addr    Size         Type   Attr      Idx    E Section Name        Object

    0x20000000   0x08004e44   0x00000018   Data   RW            7    .data               dabai_app.o
    0x20000018   0x08004e5c   0x00000068   Data   RW          250    .data               nb_bc95_28.o
    0x20000080   0x08004ec4   0x0000000c   Data   RW          587    .data               nb_board_cfg.o
    0x2000008c   0x08004ed0   0x0000000c   Data   RW          588    .data               nb_board_cfg.o
    0x20000098   0x08004edc   0x0000000c   Data   RW          589    .data               nb_board_cfg.o
    0x200000a4   0x08004ee8   0x00000010   Data   RW          590    .data               nb_board_cfg.o
    0x200000b4   0x08004ef8   0x00000008   Data   RW          627    .data               main.o
    0x200000bc   0x08004f00   0x00000004   Data   RW          884    .data               dabai_usart.o
    0x200000c0   0x08004f04   0x00000004   Data   RW         1011    .data               dabai_tim.o
    0x200000c4   0x08004f08   0x00000008   Data   RW         1081    .data               _dma_cfg.o
    0x200000cc   0x08004f10   0x00000010   Data   RW         1132    .data               timer_user_poll.o
    0x200000dc   0x08004f20   0x00000004   Data   RW         1183    .data               system_stm32l0xx.o
    0x200000e0   0x08004f24   0x00000004   Data   RW         1813    .data               stm32l0xx_hal.o
    0x200000e4   0x08004f28   0x00000004   Data   RW         3812    .data               mc_p.l(strtok.o)
    0x200000e8   0x08004f2c   0x00000004   Data   RW         4106    .data               mc_p.l(stdout.o)
    0x200000ec   0x08004f30   0x00000004   Data   RW         4144    .data               mc_p.l(errno.o)
    0x200000f0        -       0x0000000c   Zero   RW            6    .bss                dabai_app.o
    0x200000fc        -       0x0000044c   Zero   RW          215    .bss                nb_bc95_28.o
    0x20000548        -       0x00000080   Zero   RW          681    .bss                stm32l0xx_hal_msp.o
    0x200005c8        -       0x0000004c   Zero   RW          833    .bss                dabai_i2c.o
    0x20000614        -       0x00000250   Zero   RW          882    .bss                dabai_usart.o
    0x20000864        -       0x00000060   Zero   RW          978    .bss                dabai_adc.o
    0x200008c4        -       0x00000038   Zero   RW         1010    .bss                dabai_tim.o
    0x200008fc        -       0x00000318   Zero   RW         1080    .bss                _dma_cfg.o
    0x20000c14   0x08004f34   0x00000004   PAD
    0x20000c18        -       0x00000400   Zero   RW         1170    STACK               startup_stm32l051xx.o


==============================================================================

Image component sizes


      Code (inc. data)   RO Data    RW Data    ZI Data      Debug   Object Name

       660         72          0          8        792       5080   _dma_cfg.o
        92         12          0          0         96       1023   dabai_adc.o
       766        318          0         24         12     339775   dabai_app.o
       196          8          0          0          0       1068   dabai_gpio.o
        64         12          0          0         76        655   dabai_i2c.o
       100         22          0          4         56        739   dabai_tim.o
       348        104          0          4        592       5846   dabai_usart.o
       522        144          0          8          0       4588   main.o
      4028        626        311        104       1100      33076   nb_bc95_28.o
       126          6          0          0          0       2696   nb_board.o
         0          0          0         52          0       2376   nb_board_cfg.o
        28          8        192          0       1024        580   startup_stm32l051xx.o
       100         24          0          4          0       2939   stm32l0xx_hal.o
       828         36          0          0          0       4247   stm32l0xx_hal_adc.o
       170          0          0          0          0       1390   stm32l0xx_hal_adc_ex.o
       188         34          0          0          0      11677   stm32l0xx_hal_cortex.o
      1632         24          0          0          0       5211   stm32l0xx_hal_dma.o
       634         56          0          0          0       4250   stm32l0xx_hal_gpio.o
       180          4          0          0          0       2859   stm32l0xx_hal_i2c.o
       146          0          0          0          0       1819   stm32l0xx_hal_i2c_ex.o
       696         84          0          0        128       4460   stm32l0xx_hal_msp.o
      1672        116          0          0          0       6628   stm32l0xx_hal_rcc.o
       668         42          0          0          0       2769   stm32l0xx_hal_rcc_ex.o
       638         14          0          0          0       7518   stm32l0xx_hal_tim.o
      2394        106          0          0          0      16481   stm32l0xx_hal_uart.o
         2          0          0          0          0        932   stm32l0xx_hal_uart_ex.o
        80         22          0          0          0       2925   stm32l0xx_it.o
        84         18         33          4          0       1163   system_stm32l0xx.o
       112         22          0         16          0       4144   timer_user_poll.o

    ----------------------------------------------------------------------
     17188       1934        571        228       3880     478914   Object Totals
         0          0         32          0          0          0   (incl. Generated)
        34          0          3          0          4          0   (incl. Padding)

    ----------------------------------------------------------------------

      Code (inc. data)   RO Data    RW Data    ZI Data      Debug   Library Member Name

        30          0          0          0          0         60   _chval.o
       166          0          0          0          0         84   _strtoul.o
         8          4        133          0          0         60   ctype_o.o
         0          0          0          0          0          0   entry.o
         0          0          0          0          0          0   entry10a.o
         0          0          0          0          0          0   entry11a.o
         8          4          0          0          0          0   entry2.o
         4          0          0          0          0          0   entry5.o
         0          0          0          0          0          0   entry7b.o
         0          0          0          0          0          0   entry8b.o
         8          4          0          0          0          0   entry9a.o
         8          4          0          4          0         60   errno.o
        30          0          0          0          0          0   handlers.o
        36          8          0          0          0         68   init.o
        32          0          0          0          0         68   llshl.o
        34          0          0          0          0         68   llushr.o
        36          0          0          0          0         60   memcpya.o
        36          0          0          0          0        100   memseta.o
      1296         62          0          0          0        612   printf8.o
         0          0          0          4          0          0   stdout.o
        20          0          0          0          0         60   strchr.o
        14          0          0          0          0         60   strlen.o
        40          0          0          0          0         72   strstr.o
        72          4          0          4          0         72   strtok.o
       118          0          0          0          0         84   strtoul.o
        44          0          0          0          0         72   uidiv.o
        96          0          0          0          0         84   uldiv.o

    ----------------------------------------------------------------------
      2144         90        133         12          0       1744   Library Totals
         8          0          0          0          0          0   (incl. Padding)

    ----------------------------------------------------------------------

      Code (inc. data)   RO Data    RW Data    ZI Data      Debug   Library Name

      2136         90        133         12          0       1744   mc_p.l

    ----------------------------------------------------------------------
      2144         90        133         12          0       1744   Library Totals

    ----------------------------------------------------------------------

==============================================================================


      Code (inc. data)   RO Data    RW Data    ZI Data      Debug   

     19332       2024        704        240       3880     473154   Grand Totals
     19332       2024        704        240       3880     473154   ELF Image Totals
     19332       2024        704        240          0          0   ROM Totals

==============================================================================

    Total RO  Size (Code + RO Data)                20036 (  19.57kB)
    Total RW  Size (RW Data + ZI Data)              4120 (   4.02kB)
    Total ROM Size (Code + RO Data + RW Data)      20276 (  19.80kB)

==============================================================================

