<html>
<body>
<pre>
<h1>µVision Build Log</h1>
<h2>Tool Versions:</h2>
IDE-Version: ¦ÌVision V5.25.2.0
Copyright (C) 2018 ARM Ltd and ARM Germany GmbH. All rights reserved.
License Information: wxh wxh, nine, LIC=Z3CQD-8XQ54-76CQT-R7QNC-52IWP-1ILZP
 
Tool Versions:
Toolchain:       MDK-ARM Professional  Version: 5.25.2.0
Toolchain Path:  C:\Keil_v5\ARM\ARMCC\Bin
C Compiler:      Armcc.exe V5.06 update 6 (build 750)
Assembler:       Armasm.exe V5.06 update 6 (build 750)
Linker/Locator:  ArmLink.exe V5.06 update 6 (build 750)
Library Manager: ArmAr.exe V5.06 update 6 (build 750)
Hex Converter:   FromElf.exe V5.06 update 6 (build 750)
CPU DLL:         SARMCM3.DLL V5.25.2.0
Dialog DLL:      DARMCM1.DLL V1.19.1.0
Target DLL:      STLink\ST-LINKIII-KEIL_SWO.dll V3.0.1.0
Dialog DLL:      TARMCM1.DLL V1.14.0.0
 
<h2>Project:</h2>
D:\git code share wxh\DaBai_NB-IOT_stm32L051\Project.uvprojx
Project File Date:  06/21/2018

<h2>Output:</h2>
*** Using Compiler 'V5.06 update 6 (build 750)', folder: 'C:\Keil_v5\ARM\ARMCC\Bin'
Build target 'STM32L051C8 DaBai_IOT'
compiling stm32l0xx_it.c...
compiling DaBai_rtc.c...
DaBai_Src\DaBai_rtc.c(155): warning:  #177-D: variable "salarmstructure"  was declared but never referenced
    RTC_AlarmTypeDef salarmstructure;
DaBai_Src\DaBai_rtc.c(214): warning:  #177-D: variable "sdatestructureget"  was declared but never referenced
  	RTC_DateTypeDef sdatestructureget;
DaBai_Src\DaBai_rtc.c(215): warning:  #177-D: variable "stimestructureget"  was declared but never referenced
    RTC_TimeTypeDef stimestructureget;
DaBai_Src\DaBai_rtc.c(216): warning:  #177-D: variable "salarmstructure"  was declared but never referenced
  	RTC_AlarmTypeDef salarmstructure;
DaBai_Src\DaBai_rtc.c: 4 warnings, 0 errors
compiling main.c...
DaBai_Src\main.c(134): warning:  #177-D: variable "GPIO_InitStruct"  was declared but never referenced
  static GPIO_InitTypeDef  GPIO_InitStruct;
DaBai_Src\main.c: 1 warning, 0 errors
compiling DaBai_APP.c...
DaBai_APP\DaBai_APP.c(255): warning:  #177-D: variable "i"  was declared but never referenced
  	uint8_t i;
DaBai_APP\DaBai_APP.c: 1 warning, 0 errors
linking...
Program Size: Code=25552 RO-data=692 RW-data=268 ZI-data=4052  
".\Objects\STM32L051C8T6.axf" - 0 Error(s), 6 Warning(s).

<h2>Software Packages used:</h2>

Package Vendor: ARM
                http://www.keil.com/pack/ARM.CMSIS.5.3.0.pack
                ARM.CMSIS.5.3.0
                CMSIS (Cortex Microcontroller Software Interface Standard)
   * Component: CORE Version: 5.1.1

Package Vendor: Keil
                http://www.keil.com/pack/Keil.STM32L0xx_DFP.2.0.0.pack
                Keil.STM32L0xx_DFP.2.0.0
                STMicroelectronics STM32L0 Series Device Support, Drivers and Examples

<h2>Collection of Component include folders:</h2>
  .\RTE\_STM32L051C8_DaBai_IOT
  C:\Keil_v5\ARM\PACK\ARM\CMSIS\5.3.0\CMSIS\Include
  C:\Keil_v5\ARM\PACK\Keil\STM32L0xx_DFP\2.0.0\Drivers\CMSIS\Device\ST\STM32L0xx\Include

<h2>Collection of Component Files used:</h2>

   * Component: ARM::CMSIS:CORE:5.1.1
Build Time Elapsed:  00:00:02
</pre>
</body>
</html>
