Component: ARM Compiler 5.06 update 6 (build 750) Tool: armlink [4d35ed]

==============================================================================

Section Cross References

    dabai_app.o(i.DaBaiSensorTask) refers to dabai_adc.o(i.getLightValue) for getLightValue
    dabai_app.o(i.DaBaiSensorTask) refers to stm32l0xx_hal_tim.o(i.HAL_TIM_PWM_Start) for HAL_TIM_PWM_Start
    dabai_app.o(i.DaBaiSensorTask) refers to stm32l0xx_hal_tim.o(i.HAL_TIM_PWM_Stop) for HAL_TIM_PWM_Stop
    dabai_app.o(i.DaBaiSensorTask) refers to sht20_cfg.o(i.SHT20_ReadTemp) for SHT20_ReadTemp
    dabai_app.o(i.DaBaiSensorTask) refers to sht20_cfg.o(i.SHT20_Convert) for SHT20_Convert
    dabai_app.o(i.DaBaiSensorTask) refers to sht20_cfg.o(i.SHT20_ReadRH) for SHT20_ReadRH
    dabai_app.o(i.DaBaiSensorTask) refers to dabai_app.o(.data) for .data
    dabai_app.o(i.DaBaiSensorTask) refers to dabai_tim.o(.bss) for TimHandle
    dabai_app.o(i.KeyProcess) refers to stm32l0xx_hal_gpio.o(i.HAL_GPIO_ReadPin) for HAL_GPIO_ReadPin
    dabai_app.o(i.KeyProcess) refers to dabai_gpio.o(i.PowerOffGpioConfig) for PowerOffGpioConfig
    dabai_app.o(i.KeyProcess) refers to stm32l0xx_hal_tim.o(i.HAL_TIM_PWM_Start) for HAL_TIM_PWM_Start
    dabai_app.o(i.KeyProcess) refers to stm32l0xx_hal_tim.o(i.HAL_TIM_PWM_Stop) for HAL_TIM_PWM_Stop
    dabai_app.o(i.KeyProcess) refers to stm32l0xx_hal_gpio.o(i.HAL_GPIO_WritePin) for HAL_GPIO_WritePin
    dabai_app.o(i.KeyProcess) refers to printf8.o(i.__0printf$8) for __2printf
    dabai_app.o(i.KeyProcess) refers to dabai_app.o(.data) for .data
    dabai_app.o(i.KeyProcess) refers to dabai_app.o(.bss) for .bss
    dabai_app.o(i.KeyProcess) refers to dabai_tim.o(.bss) for TimHandle
    dabai_app.o(i.NB_MsgreportCb) refers to dabai_app.o(i.__ARM_common_switch8) for __ARM_common_switch8
    dabai_app.o(i.NB_MsgreportCb) refers to printf8.o(i.__0printf$8) for __2printf
    dabai_app.o(i.NB_MsgreportCb) refers to stm32l0xx_hal_gpio.o(i.HAL_GPIO_WritePin) for HAL_GPIO_WritePin
    dabai_app.o(i.NB_MsgreportCb) refers to dabai_app.o(.data) for .data
    nb_bc95_28.o(i.NB_HexStrToNum) refers to strlen.o(.text) for strlen
    nb_bc95_28.o(i.NB_SendCmd) refers to nb_bc95_28.o(i.cmd_generate) for cmd_generate
    nb_bc95_28.o(i.NB_SendCmd) refers to nb_bc95_28.o(.bss) for .bss
    nb_bc95_28.o(i.NB_Strtoul) refers to strtoul.o(.text) for strtoul
    nb_bc95_28.o(i.addr_adjust) refers to strstr.o(.text) for strstr
    nb_bc95_28.o(i.bc95_AsyncNotification) refers to strstr.o(.text) for strstr
    nb_bc95_28.o(i.bc95_AsyncNotification) refers to strchr.o(.text) for strchr
    nb_bc95_28.o(i.bc95_AsyncNotification) refers to nb_bc95_28.o(i.addr_adjust) for addr_adjust
    nb_bc95_28.o(i.bc95_AsyncNotification) refers to nb_bc95_28.o(i.NB_Strtoul) for NB_Strtoul
    nb_bc95_28.o(i.bc95_AsyncNotification) refers to nb_bc95_28.o(i.nbset_event) for nbset_event
    nb_bc95_28.o(i.bc95_AsyncNotification) refers to nb_bc95_28.o(.bss) for .bss
    nb_bc95_28.o(i.bc95_closeTCP) refers to nb_bc95_28.o(i.cmd_param_init) for cmd_param_init
    nb_bc95_28.o(i.bc95_closeTCP) refers to nb_bc95_28.o(i.NB_SendCmd) for NB_SendCmd
    nb_bc95_28.o(i.bc95_closeTCP) refers to nb_bc95_28.o(.data) for .data
    nb_bc95_28.o(i.bc95_closeTCP) refers to nb_bc95_28.o(.bss) for .bss
    nb_bc95_28.o(i.bc95_closeUDP) refers to nb_bc95_28.o(i.cmd_param_init) for cmd_param_init
    nb_bc95_28.o(i.bc95_closeUDP) refers to nb_bc95_28.o(i.NB_SendCmd) for NB_SendCmd
    nb_bc95_28.o(i.bc95_closeUDP) refers to nb_bc95_28.o(.data) for .data
    nb_bc95_28.o(i.bc95_closeUDP) refers to nb_bc95_28.o(.bss) for .bss
    nb_bc95_28.o(i.bc95_coapReadMsg) refers to nb_bc95_28.o(i.cmd_param_init) for cmd_param_init
    nb_bc95_28.o(i.bc95_coapReadMsg) refers to nb_bc95_28.o(i.NB_SendCmd) for NB_SendCmd
    nb_bc95_28.o(i.bc95_coapReadMsg) refers to nb_bc95_28.o(.data) for .data
    nb_bc95_28.o(i.bc95_coapReadMsg) refers to nb_bc95_28.o(.bss) for .bss
    nb_bc95_28.o(i.bc95_coapSendMsg) refers to memseta.o(.text) for __aeabi_memclr4
    nb_bc95_28.o(i.bc95_coapSendMsg) refers to printf8.o(i.__0snprintf$8) for __2snprintf
    nb_bc95_28.o(i.bc95_coapSendMsg) refers to printf8.o(i.__0sprintf$8) for __2sprintf
    nb_bc95_28.o(i.bc95_coapSendMsg) refers to nb_bc95_28.o(i.cmd_param_init) for cmd_param_init
    nb_bc95_28.o(i.bc95_coapSendMsg) refers to nb_bc95_28.o(i.NB_SendCmd) for NB_SendCmd
    nb_bc95_28.o(i.bc95_coapSendMsg) refers to nb_bc95_28.o(.data) for .data
    nb_bc95_28.o(i.bc95_coapSendMsg) refers to nb_bc95_28.o(.bss) for .bss
    nb_bc95_28.o(i.bc95_coapServer) refers to nb_bc95_28.o(i.cmd_param_init) for cmd_param_init
    nb_bc95_28.o(i.bc95_coapServer) refers to nb_bc95_28.o(i.NB_SendCmd) for NB_SendCmd
    nb_bc95_28.o(i.bc95_coapServer) refers to nb_bc95_28.o(.data) for .data
    nb_bc95_28.o(i.bc95_coapServer) refers to nb_bc95_28.o(.bss) for .bss
    nb_bc95_28.o(i.bc95_connectTCP) refers to memseta.o(.text) for __aeabi_memclr4
[...]
    i.HAL_DMA_DeInit                         0x08000a64   Section        0  stm32l0xx_hal_dma.o(i.HAL_DMA_DeInit)
    i.HAL_DMA_IRQHandler                     0x08000c38   Section        0  stm32l0xx_hal_dma.o(i.HAL_DMA_IRQHandler)
    i.HAL_DMA_Init                           0x08000eb8   Section        0  stm32l0xx_hal_dma.o(i.HAL_DMA_Init)
    i.HAL_DMA_Start_IT                       0x08000fc0   Section        0  stm32l0xx_hal_dma.o(i.HAL_DMA_Start_IT)
    i.HAL_GPIO_DeInit                        0x08001010   Section        0  stm32l0xx_hal_gpio.o(i.HAL_GPIO_DeInit)
    i.HAL_GPIO_Init                          0x080010f4   Section        0  stm32l0xx_hal_gpio.o(i.HAL_GPIO_Init)
    i.HAL_GPIO_ReadPin                       0x0800126c   Section        0  stm32l0xx_hal_gpio.o(i.HAL_GPIO_ReadPin)
    i.HAL_GPIO_TogglePin                     0x08001276   Section        0  stm32l0xx_hal_gpio.o(i.HAL_GPIO_TogglePin)
    i.HAL_GPIO_WritePin                      0x0800127e   Section        0  stm32l0xx_hal_gpio.o(i.HAL_GPIO_WritePin)
    i.HAL_GetTick                            0x0800128c   Section        0  stm32l0xx_hal.o(i.HAL_GetTick)
    i.HAL_I2CEx_ConfigAnalogFilter           0x08001298   Section        0  stm32l0xx_hal_i2c_ex.o(i.HAL_I2CEx_ConfigAnalogFilter)
    i.HAL_I2CEx_ConfigDigitalFilter          0x080012e2   Section        0  stm32l0xx_hal_i2c_ex.o(i.HAL_I2CEx_ConfigDigitalFilter)
    i.HAL_I2C_Init                           0x0800132c   Section        0  stm32l0xx_hal_i2c.o(i.HAL_I2C_Init)
    i.HAL_I2C_MspInit                        0x080013e0   Section        0  stm32l0xx_hal_msp.o(i.HAL_I2C_MspInit)
    i.HAL_IncTick                            0x08001428   Section        0  stm32l0xx_hal.o(i.HAL_IncTick)
    i.HAL_Init                               0x08001438   Section        0  stm32l0xx_hal.o(i.HAL_Init)
    i.HAL_InitTick                           0x08001458   Section        0  stm32l0xx_hal.o(i.HAL_InitTick)
    i.HAL_MspInit                            0x08001480   Section        0  stm32l0xx_hal_msp.o(i.HAL_MspInit)
    i.HAL_NVIC_DisableIRQ                    0x0800154c   Section        0  stm32l0xx_hal_cortex.o(i.HAL_NVIC_DisableIRQ)
    i.HAL_NVIC_EnableIRQ                     0x08001560   Section        0  stm32l0xx_hal_cortex.o(i.HAL_NVIC_EnableIRQ)
    i.HAL_NVIC_SetPriority                   0x08001574   Section        0  stm32l0xx_hal_cortex.o(i.HAL_NVIC_SetPriority)
    i.HAL_RCCEx_GetPeriphCLKFreq             0x0800157c   Section        0  stm32l0xx_hal_rcc_ex.o(i.HAL_RCCEx_GetPeriphCLKFreq)
    i.HAL_RCCEx_PeriphCLKConfig              0x080016b4   Section        0  stm32l0xx_hal_rcc_ex.o(i.HAL_RCCEx_PeriphCLKConfig)
    i.HAL_RCC_ClockConfig                    0x08001818   Section        0  stm32l0xx_hal_rcc.o(i.HAL_RCC_ClockConfig)
    i.HAL_RCC_GetHCLKFreq                    0x08001980   Section        0  stm32l0xx_hal_rcc.o(i.HAL_RCC_GetHCLKFreq)
    i.HAL_RCC_GetPCLK1Freq                   0x0800198c   Section        0  stm32l0xx_hal_rcc.o(i.HAL_RCC_GetPCLK1Freq)
    i.HAL_RCC_GetPCLK2Freq                   0x080019ac   Section        0  stm32l0xx_hal_rcc.o(i.HAL_RCC_GetPCLK2Freq)
    i.HAL_RCC_GetSysClockFreq                0x080019cc   Section        0  stm32l0xx_hal_rcc.o(i.HAL_RCC_GetSysClockFreq)
    i.HAL_RCC_OscConfig                      0x08001a44   Section        0  stm32l0xx_hal_rcc.o(i.HAL_RCC_OscConfig)
    i.HAL_SYSTICK_CLKSourceConfig            0x08001e30   Section        0  stm32l0xx_hal_cortex.o(i.HAL_SYSTICK_CLKSourceConfig)
    i.HAL_SYSTICK_Config                     0x08001e48   Section        0  stm32l0xx_hal_cortex.o(i.HAL_SYSTICK_Config)
    i.HAL_TIM_PWM_ConfigChannel              0x08001e78   Section        0  stm32l0xx_hal_tim.o(i.HAL_TIM_PWM_ConfigChannel)
    i.HAL_TIM_PWM_Init                       0x08001f48   Section        0  stm32l0xx_hal_tim.o(i.HAL_TIM_PWM_Init)
    i.HAL_TIM_PWM_MspInit                    0x08001f7c   Section        0  stm32l0xx_hal_msp.o(i.HAL_TIM_PWM_MspInit)
    i.HAL_TIM_PWM_Start                      0x08001fac   Section        0  stm32l0xx_hal_tim.o(i.HAL_TIM_PWM_Start)
    i.HAL_TIM_PWM_Stop                       0x08001fc8   Section        0  stm32l0xx_hal_tim.o(i.HAL_TIM_PWM_Stop)
    i.HAL_UARTDMA_Init                       0x08001ff4   Section        0  dabai_usart.o(i.HAL_UARTDMA_Init)
    i.HAL_UARTEx_WakeupCallback              0x08002020   Section        0  stm32l0xx_hal_uart_ex.o(i.HAL_UARTEx_WakeupCallback)
    i.HAL_UART_Close                         0x08002024   Section        0  dabai_usart.o(i.HAL_UART_Close)
    i.HAL_UART_ErrorCallback                 0x08002034   Section        0  stm32l0xx_hal_uart.o(i.HAL_UART_ErrorCallback)
    i.HAL_UART_IRQHandler                    0x08002038   Section        0  stm32l0xx_hal_uart.o(i.HAL_UART_IRQHandler)
    i.HAL_UART_Init                          0x0800217c   Section        0  stm32l0xx_hal_uart.o(i.HAL_UART_Init)
    i.HAL_UART_MspDeInit                     0x080021e8   Section        0  stm32l0xx_hal_msp.o(i.HAL_UART_MspDeInit)
    i.HAL_UART_MspInit                       0x08002268   Section        0  stm32l0xx_hal_msp.o(i.HAL_UART_MspInit)
    i.HAL_UART_Poll                          0x08002344   Section        0  dabai_usart.o(i.HAL_UART_Poll)
    i.HAL_UART_Receive_DMA                   0x0800238c   Section        0  stm32l0xx_hal_uart.o(i.HAL_UART_Receive_DMA)
    i.HAL_UART_RxCpltCallback                0x08002430   Section        0  stm32l0xx_hal_uart.o(i.HAL_UART_RxCpltCallback)
    i.HAL_UART_RxHalfCpltCallback            0x08002432   Section        0  stm32l0xx_hal_uart.o(i.HAL_UART_RxHalfCpltCallback)
    i.HAL_UART_Transmit                      0x08002434   Section        0  stm32l0xx_hal_uart.o(i.HAL_UART_Transmit)
    i.HAL_UART_Transmit_DMA                  0x080024fc   Section        0  stm32l0xx_hal_uart.o(i.HAL_UART_Transmit_DMA)
    i.HAL_UART_TxCpltCallback                0x08002594   Section        0  _dma_cfg.o(i.HAL_UART_TxCpltCallback)
    i.HAL_UART_TxHalfCpltCallback            0x080025dc   Section        0  stm32l0xx_hal_uart.o(i.HAL_UART_TxHalfCpltCallback)
    i.HAL_UART_Write                         0x080025e0   Section        0  dabai_usart.o(i.HAL_UART_Write)
    i.HardFault_Handler                      0x08002604   Section        0  stm32l0xx_it.o(i.HardFault_Handler)
    i.KeyProcess                             0x08002608   Section        0  dabai_app.o(i.KeyProcess)
    i.LPUART1_IRQHandler                     0x08002754   Section        0  stm32l0xx_it.o(i.LPUART1_IRQHandler)
    i.MX_ADC_Init                            0x08002764   Section        0  dabai_adc.o(i.MX_ADC_Init)
    i.MX_GPIO_Init                           0x080027d8   Section        0  dabai_gpio.o(i.MX_GPIO_Init)
    i.MX_I2C2_Init                           0x08002878   Section        0  dabai_i2c.o(i.MX_I2C2_Init)
    i.MX_LPUART1_UART_Init                   0x080028b8   Section        0  dabai_usart.o(i.MX_LPUART1_UART_Init)
    i.MX_TIM_Init                            0x0800290c   Section        0  dabai_tim.o(i.MX_TIM_Init)
    i.MX_TIM_Set                             0x08002970   Section        0  timer_user_poll.o(i.MX_TIM_Set)
    i.MX_TIM_Start                           0x0800297c   Section        0  timer_user_poll.o(i.MX_TIM_Start)
    i.MX_TIM_Stop                            0x08002994   Section        0  timer_user_poll.o(i.MX_TIM_Stop)
    i.MX_TimerPoll                           0x080029a0   Section        0  timer_user_poll.o(i.MX_TimerPoll)
    i.MX_USART1_UART_Init                    0x080029e0   Section        0  dabai_usart.o(i.MX_USART1_UART_Init)
    i.NBModule_CloseTCP                      0x08002a10   Section        0  nb_board.o(i.NBModule_CloseTCP)
    i.NBModule_ConnectTcp                    0x08002a28   Section        0  nb_board.o(i.NBModule_ConnectTcp)
    i.NBModule_CreateTCP                     0x08002a40   Section        0  nb_board.o(i.NBModule_CreateTCP)
    i.NBModule_Info                          0x08002a58   Section        0  nb_board.o(i.NBModule_Info)
    i.NBModule_Init                          0x08002a70   Section        0  nb_board.o(i.NBModule_Init)
    i.NBModule_Main                          0x08002a88   Section        0  nb_board.o(i.NBModule_Main)
    i.NBModule_SendTcpData                   0x08002a9a   Section        0  nb_board.o(i.NBModule_SendTcpData)
    i.NBModule_Sign                          0x08002ab2   Section        0  nb_board.o(i.NBModule_Sign)
    i.NBModule_open                          0x08002acc   Section        0  nb_board.o(i.NBModule_open)
    i.NB_HexStrToNum                         0x08002af0   Section        0  nb_bc95_28.o(i.NB_HexStrToNum)
    NB_HexStrToNum                           0x08002af1   Thumb Code    98  nb_bc95_28.o(i.NB_HexStrToNum)
    i.NB_MsgreportCb                         0x08002b54   Section        0  dabai_app.o(i.NB_MsgreportCb)
    i.NB_SendCmd                             0x08002d98   Section        0  nb_bc95_28.o(i.NB_SendCmd)
    NB_SendCmd                               0x08002d99   Thumb Code    46  nb_bc95_28.o(i.NB_SendCmd)
    i.NB_Strtoul                             0x08002dd0   Section        0  nb_bc95_28.o(i.NB_Strtoul)
    NB_Strtoul                               0x08002dd1   Thumb Code    12  nb_bc95_28.o(i.NB_Strtoul)
    i.NMI_Handler                            0x08002ddc   Section        0  stm32l0xx_it.o(i.NMI_Handler)
    i.NVIC_SetPriority                       0x08002de0   Section        0  stm32l0xx_hal_cortex.o(i.NVIC_SetPriority)
    NVIC_SetPriority                         0x08002de1   Thumb Code    60  stm32l0xx_hal_cortex.o(i.NVIC_SetPriority)
    i.PendSV_Handler                         0x08002e24   Section        0  stm32l0xx_it.o(i.PendSV_Handler)
    i.PowerOffGpioConfig                     0x08002e28   Section        0  dabai_gpio.o(i.PowerOffGpioConfig)
    i.RCC_SetFlashLatencyFromMSIRange        0x08002e4c   Section        0  stm32l0xx_hal_rcc.o(i.RCC_SetFlashLatencyFromMSIRange)
    RCC_SetFlashLatencyFromMSIRange          0x08002e4d   Thumb Code    94  stm32l0xx_hal_rcc.o(i.RCC_SetFlashLatencyFromMSIRange)
    i.SVC_Handler                            0x08002ebc   Section        0  stm32l0xx_it.o(i.SVC_Handler)
    i.SysTick_Handler                        0x08002ec0   Section        0  stm32l0xx_it.o(i.SysTick_Handler)
    i.SystemClock_Config                     0x08002ee0   Section        0  main.o(i.SystemClock_Config)
    i.SystemInit                             0x08002f88   Section        0  system_stm32l0xx.o(i.SystemInit)
    i.TIM_Base_SetConfig                     0x08002fdc   Section        0  stm32l0xx_hal_tim.o(i.TIM_Base_SetConfig)
    TIM_Base_SetConfig                       0x08002fdd   Thumb Code    70  stm32l0xx_hal_tim.o(i.TIM_Base_SetConfig)
    i.TIM_CCxChannelCmd                      0x0800302c   Section        0  stm32l0xx_hal_tim.o(i.TIM_CCxChannelCmd)
    TIM_CCxChannelCmd                        0x0800302d   Thumb Code    22  stm32l0xx_hal_tim.o(i.TIM_CCxChannelCmd)
    i.TIM_OC1_SetConfig                      0x08003042   Section        0  stm32l0xx_hal_tim.o(i.TIM_OC1_SetConfig)
    TIM_OC1_SetConfig                        0x08003043   Thumb Code    48  stm32l0xx_hal_tim.o(i.TIM_OC1_SetConfig)
    i.TIM_OC2_SetConfig                      0x08003072   Section        0  stm32l0xx_hal_tim.o(i.TIM_OC2_SetConfig)
    TIM_OC2_SetConfig                        0x08003073   Thumb Code    50  stm32l0xx_hal_tim.o(i.TIM_OC2_SetConfig)
    i.TIM_OC3_SetConfig                      0x080030a4   Section        0  stm32l0xx_hal_tim.o(i.TIM_OC3_SetConfig)
    TIM_OC3_SetConfig                        0x080030a5   Thumb Code    54  stm32l0xx_hal_tim.o(i.TIM_OC3_SetConfig)
    i.TIM_OC4_SetConfig                      0x080030da   Section        0  stm32l0xx_hal_tim.o(i.TIM_OC4_SetConfig)
    TIM_OC4_SetConfig                        0x080030db   Thumb Code    54  stm32l0xx_hal_tim.o(i.TIM_OC4_SetConfig)
    i.UART_AdvFeatureConfig                  0x08003110   Section        0  stm32l0xx_hal_uart.o(i.UART_AdvFeatureConfig)
    i.UART_CheckIdleState                    0x080031dc   Section        0  stm32l0xx_hal_uart.o(i.UART_CheckIdleState)
    i.UART_DMAAbortOnError                   0x0800323c   Section        0  stm32l0xx_hal_uart.o(i.UART_DMAAbortOnError)
    UART_DMAAbortOnError                     0x0800323d   Thumb Code    20  stm32l0xx_hal_uart.o(i.UART_DMAAbortOnError)
    i.UART_DMAError                          0x08003250   Section        0  stm32l0xx_hal_uart.o(i.UART_DMAError)
    UART_DMAError                            0x08003251   Thumb Code    74  stm32l0xx_hal_uart.o(i.UART_DMAError)
    i.UART_DMAReceiveCplt                    0x0800329a   Section        0  stm32l0xx_hal_uart.o(i.UART_DMAReceiveCplt)
    UART_DMAReceiveCplt                      0x0800329b   Thumb Code    64  stm32l0xx_hal_uart.o(i.UART_DMAReceiveCplt)
    i.UART_DMARxHalfCplt                     0x080032da   Section        0  stm32l0xx_hal_uart.o(i.UART_DMARxHalfCplt)
    UART_DMARxHalfCplt                       0x080032db   Thumb Code    10  stm32l0xx_hal_uart.o(i.UART_DMARxHalfCplt)
    i.UART_DMATransmitCplt                   0x080032e4   Section        0  stm32l0xx_hal_uart.o(i.UART_DMATransmitCplt)
    UART_DMATransmitCplt                     0x080032e5   Thumb Code    48  stm32l0xx_hal_uart.o(i.UART_DMATransmitCplt)
    i.UART_DMATxHalfCplt                     0x08003314   Section        0  stm32l0xx_hal_uart.o(i.UART_DMATxHalfCplt)
    UART_DMATxHalfCplt                       0x08003315   Thumb Code    10  stm32l0xx_hal_uart.o(i.UART_DMATxHalfCplt)
    i.UART_EndRxTransfer                     0x0800331e   Section        0  stm32l0xx_hal_uart.o(i.UART_EndRxTransfer)
    UART_EndRxTransfer                       0x0800331f   Thumb Code    30  stm32l0xx_hal_uart.o(i.UART_EndRxTransfer)
    i.UART_EndTxTransfer                     0x0800333c   Section        0  stm32l0xx_hal_uart.o(i.UART_EndTxTransfer)
    UART_EndTxTransfer                       0x0800333d   Thumb Code    18  stm32l0xx_hal_uart.o(i.UART_EndTxTransfer)
    i.UART_Receive_IT                        0x0800334e   Section        0  stm32l0xx_hal_uart.o(i.UART_Receive_IT)
    UART_Receive_IT                          0x0800334f   Thumb Code   126  stm32l0xx_hal_uart.o(i.UART_Receive_IT)
    i.UART_SetConfig                         0x080033cc   Section        0  stm32l0xx_hal_uart.o(i.UART_SetConfig)
    i.UART_Transmit_IT                       0x080035e8   Section        0  stm32l0xx_hal_uart.o(i.UART_Transmit_IT)
    UART_Transmit_IT                         0x080035e9   Thumb Code   102  stm32l0xx_hal_uart.o(i.UART_Transmit_IT)
    i.UART_WaitOnFlagUntilTimeout            0x0800364e   Section        0  stm32l0xx_hal_uart.o(i.UART_WaitOnFlagUntilTimeout)
    i.UartDma_Avail                          0x080036b0   Section        0  _dma_cfg.o(i.UartDma_Avail)
    i.UartDma_Init                           0x080036e0   Section        0  _dma_cfg.o(i.UartDma_Init)
    i.UartDma_Poll                           0x08003720   Section        0  _dma_cfg.o(i.UartDma_Poll)
    i.UartDma_Read                           0x0800380c   Section        0  _dma_cfg.o(i.UartDma_Read)
    i.UartDma_Write                          0x08003854   Section        0  _dma_cfg.o(i.UartDma_Write)
    i._Error_Handler                         0x080038fc   Section        0  main.o(i._Error_Handler)
    i.__0printf$8                            0x08003900   Section        0  printf8.o(i.__0printf$8)
    i.__0snprintf$8                          0x08003920   Section        0  printf8.o(i.__0snprintf$8)
    i.__0sprintf$8                           0x08003954   Section        0  printf8.o(i.__0sprintf$8)
    i.__ARM_common_switch8                   0x0800397c   Section        0  dabai_app.o(i.__ARM_common_switch8)
    i.__aeabi_errno_addr                     0x08003998   Section        0  errno.o(i.__aeabi_errno_addr)
    i.__scatterload_copy                     0x080039a0   Section       14  handlers.o(i.__scatterload_copy)
    i.__scatterload_null                     0x080039ae   Section        2  handlers.o(i.__scatterload_null)
    i.__scatterload_zeroinit                 0x080039b0   Section       14  handlers.o(i.__scatterload_zeroinit)
    i._printf_core                           0x080039c0   Section        0  printf8.o(i._printf_core)
    _printf_core                             0x080039c1   Thumb Code  1020  printf8.o(i._printf_core)
    i._printf_post_padding                   0x08003de8   Section        0  printf8.o(i._printf_post_padding)
    _printf_post_padding                     0x08003de9   Thumb Code    32  printf8.o(i._printf_post_padding)
    i._printf_pre_padding                    0x08003e08   Section        0  printf8.o(i._printf_pre_padding)
    _printf_pre_padding                      0x08003e09   Thumb Code    44  printf8.o(i._printf_pre_padding)
    i._snputc                                0x08003e34   Section        0  printf8.o(i._snputc)
    _snputc                                  0x08003e35   Thumb Code    22  printf8.o(i._snputc)
    i._sputc                                 0x08003e4a   Section        0  printf8.o(i._sputc)
    _sputc                                   0x08003e4b   Thumb Code    10  printf8.o(i._sputc)
    i.addr_adjust                            0x08003e54   Section        0  nb_bc95_28.o(i.addr_adjust)
    i.bc95_AsyncNotification                 0x08003eb4   Section        0  nb_bc95_28.o(i.bc95_AsyncNotification)
    i.bc95_closeTCP                          0x08003fa4   Section        0  nb_bc95_28.o(i.bc95_closeTCP)
    i.bc95_closeUDP                          0x08003ff0   Section        0  nb_bc95_28.o(i.bc95_closeUDP)
    i.bc95_coapReadMsg                       0x0800403c   Section        0  nb_bc95_28.o(i.bc95_coapReadMsg)
    i.bc95_coapReceIndication                0x08004078   Section        0  nb_bc95_28.o(i.bc95_coapReceIndication)
    i.bc95_coapSendMsg                       0x0800407c   Section        0  nb_bc95_28.o(i.bc95_coapSendMsg)
    i.bc95_coapSentIndication                0x08004110   Section        0  nb_bc95_28.o(i.bc95_coapSentIndication)
    i.bc95_coapServer                        0x08004114   Section        0  nb_bc95_28.o(i.bc95_coapServer)
    i.bc95_connectTCP                        0x08004178   Section        0  nb_bc95_28.o(i.bc95_connectTCP)
    i.bc95_createTCP                         0x08004208   Section        0  nb_bc95_28.o(i.bc95_createTCP)
    i.bc95_createUDP                         0x08004260   Section        0  nb_bc95_28.o(i.bc95_createUDP)
    i.bc95_getIMSI                           0x080042b8   Section        0  nb_bc95_28.o(i.bc95_getIMSI)
    i.bc95_getSignal                         0x080042c0   Section        0  nb_bc95_28.o(i.bc95_getSignal)
    i.bc95_init                              0x08004300   Section        0  nb_bc95_28.o(i.bc95_init)
    i.bc95_main                              0x08004340   Section        0  nb_bc95_28.o(i.bc95_main)
    i.bc95_moduleInfo                        0x08004494   Section        0  nb_bc95_28.o(i.bc95_moduleInfo)
    i.bc95_open                              0x080044d8   Section        0  nb_bc95_28.o(i.bc95_open)
    i.bc95_receCb                            0x0800450c   Section        0  nb_bc95_28.o(i.bc95_receCb)
    bc95_receCb                              0x0800450d   Thumb Code    74  nb_bc95_28.o(i.bc95_receCb)
    i.bc95_receTCP                           0x0800455c   Section        0  nb_bc95_28.o(i.bc95_receTCP)
    i.bc95_receUDP                           0x080045cc   Section        0  nb_bc95_28.o(i.bc95_receUDP)
    i.bc95_register                          0x0800463c   Section        0  nb_bc95_28.o(i.bc95_register)
    i.bc95_result_handle                     0x08004648   Section        0  nb_bc95_28.o(i.bc95_result_handle)
    i.bc95_sendTCP                           0x080046ac   Section        0  nb_bc95_28.o(i.bc95_sendTCP)
    i.bc95_sendUDP                           0x08004764   Section        0  nb_bc95_28.o(i.bc95_sendUDP)
    i.bc95_timeoutCb                         0x08004838   Section        0  nb_bc95_28.o(i.bc95_timeoutCb)
    bc95_timeoutCb                           0x08004839   Thumb Code    10  nb_bc95_28.o(i.bc95_timeoutCb)
    i.cmd_generate                           0x08004844   Section        0  nb_bc95_28.o(i.cmd_generate)
    cmd_generate                             0x08004845   Thumb Code   100  nb_bc95_28.o(i.cmd_generate)
    i.cmd_isPass                             0x080048d0   Section        0  nb_bc95_28.o(i.cmd_isPass)
    cmd_isPass                               0x080048d1   Thumb Code    68  nb_bc95_28.o(i.cmd_isPass)
    i.cmd_next                               0x08004924   Section        0  nb_bc95_28.o(i.cmd_next)
    cmd_next                                 0x08004925   Thumb Code   284  nb_bc95_28.o(i.cmd_next)
    i.cmd_param_init                         0x08004a88   Section        0  nb_bc95_28.o(i.cmd_param_init)
    cmd_param_init                           0x08004a89   Thumb Code    36  nb_bc95_28.o(i.cmd_param_init)
    i.fputc                                  0x08004aac   Section        0  dabai_usart.o(i.fputc)
    i.main                                   0x08004ac8   Section        0  main.o(i.main)
    i.nbsend_msg_app                         0x08004d00   Section        0  nb_bc95_28.o(i.nbsend_msg_app)
    nbsend_msg_app                           0x08004d01   Thumb Code   852  nb_bc95_28.o(i.nbsend_msg_app)
    i.nbset_event                            0x08005084   Section        0  nb_bc95_28.o(i.nbset_event)
    nbset_event                              0x08005085   Thumb Code    10  nb_bc95_28.o(i.nbset_event)
    i.reset_rece_buf                         0x08005094   Section        0  nb_bc95_28.o(i.reset_rece_buf)
    reset_rece_buf                           0x08005095   Thumb Code    12  nb_bc95_28.o(i.reset_rece_buf)
    i.state_reset                            0x080050a8   Section        0  nb_bc95_28.o(i.state_reset)
    state_reset                              0x080050a9   Thumb Code    10  nb_bc95_28.o(i.state_reset)
    i.uart_dma_send                          0x080050b8   Section        0  dabai_usart.o(i.uart_dma_send)
    uart_dma_send                            0x080050b9   Thumb Code    14  dabai_usart.o(i.uart_dma_send)
    .constdata                               0x080050cc   Section       72  nb_bc95_28.o(.constdata)
    .constdata                               0x08005114   Section       35  nb_bc95_28.o(.constdata)
    .constdata                               0x08005137   Section       25  system_stm32l0xx.o(.constdata)
    .constdata                               0x08005150   Section        8  system_stm32l0xx.o(.constdata)
    .constdata                               0x08005158   Section      129  ctype_o.o(.constdata)
    .constdata                               0x080051dc   Section        4  ctype_o.o(.constdata)
    table                                    0x080051dc   Data           4  ctype_o.o(.constdata)
    .conststring                             0x080051e0   Section      173  nb_bc95_28.o(.conststring)
    .data                                    0x20000000   Section       24  dabai_app.o(.data)
    .data                                    0x20000018   Section       84  nb_bc95_28.o(.data)
    .data                                    0x2000006c   Section       12  nb_board_cfg.o(.data)
    .data                                    0x20000078   Section       12  nb_board_cfg.o(.data)
    .data                                    0x20000084   Section       12  nb_board_cfg.o(.data)
    .data                                    0x20000090   Section       16  nb_board_cfg.o(.data)
    .data                                    0x200000a0   Section       12  main.o(.data)
    start_tick                               0x200000a8   Data           4  main.o(.data)
    .data                                    0x200000ac   Section        4  dabai_usart.o(.data)
    nb_receCb                                0x200000ac   Data           4  dabai_usart.o(.data)
    .data                                    0x200000b0   Section        4  dabai_tim.o(.data)
    .data                                    0x200000b4   Section        8  _dma_cfg.o(.data)
    hDmaUart                                 0x200000b4   Data           4  _dma_cfg.o(.data)
    dmaSendCb                                0x200000b8   Data           4  _dma_cfg.o(.data)
    .data                                    0x200000bc   Section       16  timer_user_poll.o(.data)
    .data                                    0x200000cc   Section        4  system_stm32l0xx.o(.data)
    .data                                    0x200000d0   Section        4  stm32l0xx_hal.o(.data)
    .data                                    0x200000d4   Section        4  strtok.o(.data)
    state                                    0x200000d4   Data           4  strtok.o(.data)
    .data                                    0x200000d8   Section        4  stdout.o(.data)
    .data                                    0x200000dc   Section        4  errno.o(.data)
    _errno                                   0x200000dc   Data           4  errno.o(.data)
    .bss                                     0x200000e0   Section       12  dabai_app.o(.bss)
    .bss                                     0x200000ec   Section     1100  nb_bc95_28.o(.bss)
    g_bc95_status                            0x200004f0   Data          46  nb_bc95_28.o(.bss)
    g_at_cmd                                 0x20000520   Data          24  nb_bc95_28.o(.bss)
    .bss                                     0x20000538   Section      192  stm32l0xx_hal_msp.o(.bss)
    .bss                                     0x200005f8   Section       76  dabai_i2c.o(.bss)
    .bss                                     0x20000644   Section      592  dabai_usart.o(.bss)
    .bss                                     0x20000894   Section      136  dabai_adc.o(.bss)
    .bss                                     0x2000091c   Section       56  dabai_tim.o(.bss)
    .bss                                     0x20000954   Section      792  _dma_cfg.o(.bss)
    STACK                                    0x20000c70   Section     1024  startup_stm32l051xx.o(STACK)

    Global Symbols

    Symbol Name                              Value     Ov Type        Size  Object(Section)

    BuildAttributes$$THM_ISAv3M$S$PE$A:L22$X:L11$S22$IEEE1$IW$USESV6$~STKCKD$USESV7$~SHL$OTIME$ROPI$EBA8$MICROLIB$REQ8$PRES8$EABIv2 0x00000000   Number         0  anon$$obj.o ABSOLUTE
    __ARM_use_no_argv                        0x00000000   Number         0  main.o ABSOLUTE
    _printf_a                                0x00000000   Number         0  stubs.o ABSOLUTE
    _printf_c                                0x00000000   Number         0  stubs.o ABSOLUTE
    _printf_charcount                        0x00000000   Number         0  stubs.o ABSOLUTE
    _printf_d                                0x00000000   Number         0  stubs.o ABSOLUTE
    _printf_e                                0x00000000   Number         0  stubs.o ABSOLUTE
    _printf_f                                0x00000000   Number         0  stubs.o ABSOLUTE
    _printf_flags                            0x00000000   Number         0  stubs.o ABSOLUTE
    _printf_fp_dec                           0x00000000   Number         0  stubs.o ABSOLUTE
    _printf_fp_hex                           0x00000000   Number         0  stubs.o ABSOLUTE
    _printf_g                                0x00000000   Number         0  stubs.o ABSOLUTE
    _printf_i                                0x00000000   Number         0  stubs.o ABSOLUTE
    _printf_int_dec                          0x00000000   Number         0  stubs.o ABSOLUTE
    _printf_l                                0x00000000   Number         0  stubs.o ABSOLUTE
    _printf_lc                               0x00000000   Number         0  stubs.o ABSOLUTE
    _printf_ll                               0x00000000   Number         0  stubs.o ABSOLUTE
    _printf_lld                              0x00000000   Number         0  stubs.o ABSOLUTE
    _printf_lli                              0x00000000   Number         0  stubs.o ABSOLUTE
    _printf_llo                              0x00000000   Number         0  stubs.o ABSOLUTE
    _printf_llu                              0x00000000   Number         0  stubs.o ABSOLUTE
    _printf_llx                              0x00000000   Number         0  stubs.o ABSOLUTE
    _printf_longlong_dec                     0x00000000   Number         0  stubs.o ABSOLUTE
    _printf_longlong_hex                     0x00000000   Number         0  stubs.o ABSOLUTE
    _printf_longlong_oct                     0x00000000   Number         0  stubs.o ABSOLUTE
    _printf_ls                               0x00000000   Number         0  stubs.o ABSOLUTE
    _printf_mbtowc                           0x00000000   Number         0  stubs.o ABSOLUTE
    _printf_n                                0x00000000   Number         0  stubs.o ABSOLUTE
    _printf_o                                0x00000000   Number         0  stubs.o ABSOLUTE
    _printf_p                                0x00000000   Number         0  stubs.o ABSOLUTE
    _printf_percent                          0x00000000   Number         0  stubs.o ABSOLUTE
    _printf_pre_padding                      0x00000000   Number         0  stubs.o ABSOLUTE
    _printf_return_value                     0x00000000   Number         0  stubs.o ABSOLUTE
    _printf_s                                0x00000000   Number         0  stubs.o ABSOLUTE
    _printf_sizespec                         0x00000000   Number         0  stubs.o ABSOLUTE
    _printf_str                              0x00000000   Number         0  stubs.o ABSOLUTE
    _printf_truncate_signed                  0x00000000   Number         0  stubs.o ABSOLUTE
    _printf_truncate_unsigned                0x00000000   Number         0  stubs.o ABSOLUTE
    _printf_u                                0x00000000   Number         0  stubs.o ABSOLUTE
    _printf_wc                               0x00000000   Number         0  stubs.o ABSOLUTE
    _printf_wctomb                           0x00000000   Number         0  stubs.o ABSOLUTE
    _printf_widthprec                        0x00000000   Number         0  stubs.o ABSOLUTE
    _printf_x                                0x00000000   Number         0  stubs.o ABSOLUTE
    __cpp_initialize__aeabi_                  - Undefined Weak Reference
    __cxa_finalize                            - Undefined Weak Reference
    __decompress                              - Undefined Weak Reference
    _clock_init                               - Undefined Weak Reference
    _microlib_exit                            - Undefined Weak Reference
    __Vectors_Size                           0x000000c0   Number         0  startup_stm32l051xx.o ABSOLUTE
    __Vectors                                0x08000000   Data           4  startup_stm32l051xx.o(RESET)
    __Vectors_End                            0x080000c0   Data           0  startup_stm32l051xx.o(RESET)
    __main                                   0x080000c1   Thumb Code     0  entry.o(.ARM.Collect$$$$00000000)
    _main_stk                                0x080000c1   Thumb Code     0  entry2.o(.ARM.Collect$$$$00000001)
    _main_scatterload                        0x080000c5   Thumb Code     0  entry5.o(.ARM.Collect$$$$00000004)
    __main_after_scatterload                 0x080000c9   Thumb Code     0  entry5.o(.ARM.Collect$$$$00000004)
    _main_clock                              0x080000c9   Thumb Code     0  entry7b.o(.ARM.Collect$$$$00000008)
    _main_cpp_init                           0x080000c9   Thumb Code     0  entry8b.o(.ARM.Collect$$$$0000000A)
    _main_init                               0x080000c9   Thumb Code     0  entry9a.o(.ARM.Collect$$$$0000000B)
    __rt_final_cpp                           0x080000d1   Thumb Code     0  entry10a.o(.ARM.Collect$$$$0000000D)
    __rt_final_exit                          0x080000d1   Thumb Code     0  entry11a.o(.ARM.Collect$$$$0000000F)
    Reset_Handler                            0x080000d5   Thumb Code     8  startup_stm32l051xx.o(.text)
    ADC1_COMP_IRQHandler                     0x080000e7   Thumb Code     0  startup_stm32l051xx.o(.text)
    DMA1_Channel4_5_6_7_IRQHandler           0x080000e7   Thumb Code     0  startup_stm32l051xx.o(.text)
    EXTI0_1_IRQHandler                       0x080000e7   Thumb Code     0  startup_stm32l051xx.o(.text)
    EXTI2_3_IRQHandler                       0x080000e7   Thumb Code     0  startup_stm32l051xx.o(.text)
    EXTI4_15_IRQHandler                      0x080000e7   Thumb Code     0  startup_stm32l051xx.o(.text)
    FLASH_IRQHandler                         0x080000e7   Thumb Code     0  startup_stm32l051xx.o(.text)
    I2C1_IRQHandler                          0x080000e7   Thumb Code     0  startup_stm32l051xx.o(.text)
    LPTIM1_IRQHandler                        0x080000e7   Thumb Code     0  startup_stm32l051xx.o(.text)
    PVD_IRQHandler                           0x080000e7   Thumb Code     0  startup_stm32l051xx.o(.text)
    RCC_IRQHandler                           0x080000e7   Thumb Code     0  startup_stm32l051xx.o(.text)
    RTC_IRQHandler                           0x080000e7   Thumb Code     0  startup_stm32l051xx.o(.text)
    SPI1_IRQHandler                          0x080000e7   Thumb Code     0  startup_stm32l051xx.o(.text)
    TIM21_IRQHandler                         0x080000e7   Thumb Code     0  startup_stm32l051xx.o(.text)
    TIM22_IRQHandler                         0x080000e7   Thumb Code     0  startup_stm32l051xx.o(.text)
    TIM2_IRQHandler                          0x080000e7   Thumb Code     0  startup_stm32l051xx.o(.text)
    USART2_IRQHandler                        0x080000e7   Thumb Code     0  startup_stm32l051xx.o(.text)
    WWDG_IRQHandler                          0x080000e7   Thumb Code     0  startup_stm32l051xx.o(.text)
    __aeabi_uidiv                            0x080000f1   Thumb Code     0  uidiv.o(.text)
    __aeabi_uidivmod                         0x080000f1   Thumb Code    44  uidiv.o(.text)
    __aeabi_uldivmod                         0x0800011d   Thumb Code    96  uldiv.o(.text)
    __aeabi_memcpy                           0x0800017d   Thumb Code    36  memcpya.o(.text)
    __aeabi_memcpy4                          0x0800017d   Thumb Code     0  memcpya.o(.text)
    __aeabi_memcpy8                          0x0800017d   Thumb Code     0  memcpya.o(.text)
    __aeabi_memset                           0x080001a1   Thumb Code    14  memseta.o(.text)
    __aeabi_memset4                          0x080001a1   Thumb Code     0  memseta.o(.text)
    __aeabi_memset8                          0x080001a1   Thumb Code     0  memseta.o(.text)
    __aeabi_memclr                           0x080001af   Thumb Code     4  memseta.o(.text)
    __aeabi_memclr4                          0x080001af   Thumb Code     0  memseta.o(.text)
    __aeabi_memclr8                          0x080001af   Thumb Code     0  memseta.o(.text)
    _memset$wrapper                          0x080001b3   Thumb Code    18  memseta.o(.text)
    strstr                                   0x080001c5   Thumb Code    40  strstr.o(.text)
    strchr                                   0x080001ed   Thumb Code    20  strchr.o(.text)
    strlen                                   0x08000201   Thumb Code    14  strlen.o(.text)
    strtok                                   0x08000211   Thumb Code    68  strtok.o(.text)
    strtoul                                  0x08000259   Thumb Code   118  strtoul.o(.text)
    __aeabi_llsl                             0x080002cf   Thumb Code    32  llshl.o(.text)
    _ll_shift_l                              0x080002cf   Thumb Code     0  llshl.o(.text)
    __aeabi_llsr                             0x080002ef   Thumb Code    34  llushr.o(.text)
    _ll_ushift_r                             0x080002ef   Thumb Code     0  llushr.o(.text)
    __rt_ctype_table                         0x08000311   Thumb Code     4  ctype_o.o(.text)
    _strtoul                                 0x08000319   Thumb Code   166  _strtoul.o(.text)
    __scatterload                            0x080003c1   Thumb Code    28  init.o(.text)
    __scatterload_rt2                        0x080003c1   Thumb Code     0  init.o(.text)
    _chval                                   0x080003e5   Thumb Code    30  _chval.o(.text)
    DMA1_Channel1_IRQHandler                 0x0800051d   Thumb Code    10  stm32l0xx_it.o(i.DMA1_Channel1_IRQHandler)
    DMA1_Channel2_3_IRQHandler               0x0800052d   Thumb Code    16  stm32l0xx_it.o(i.DMA1_Channel2_3_IRQHandler)
    GetBatVoltage                            0x08000565   Thumb Code    52  dabai_adc.o(i.GetBatVoltage)
    HAL_ADCEx_Calibration_Start              0x080005a5   Thumb Code   170  stm32l0xx_hal_adc_ex.o(i.HAL_ADCEx_Calibration_Start)
    HAL_ADC_ConfigChannel                    0x08000651   Thumb Code   140  stm32l0xx_hal_adc.o(i.HAL_ADC_ConfigChannel)
    HAL_ADC_ConvCpltCallback                 0x080006e5   Thumb Code     2  stm32l0xx_hal_adc.o(i.HAL_ADC_ConvCpltCallback)
    HAL_ADC_ConvHalfCpltCallback             0x080006e7   Thumb Code     2  stm32l0xx_hal_adc.o(i.HAL_ADC_ConvHalfCpltCallback)
    HAL_ADC_ErrorCallback                    0x080006e9   Thumb Code     2  stm32l0xx_hal_adc.o(i.HAL_ADC_ErrorCallback)
    HAL_ADC_Init                             0x080006ed   Thumb Code   442  stm32l0xx_hal_adc.o(i.HAL_ADC_Init)
    HAL_ADC_MspInit                          0x080008b1   Thumb Code   106  stm32l0xx_hal_msp.o(i.HAL_ADC_MspInit)
    HAL_ADC_Start_DMA                        0x0800092d   Thumb Code   144  stm32l0xx_hal_adc.o(i.HAL_ADC_Start_DMA)
    HAL_DMA_Abort_IT                         0x080009cd   Thumb Code   148  stm32l0xx_hal_dma.o(i.HAL_DMA_Abort_IT)
    HAL_DMA_DeInit                           0x08000a65   Thumb Code   464  stm32l0xx_hal_dma.o(i.HAL_DMA_DeInit)
    HAL_DMA_IRQHandler                       0x08000c39   Thumb Code   634  stm32l0xx_hal_dma.o(i.HAL_DMA_IRQHandler)
    HAL_DMA_Init                             0x08000eb9   Thumb Code   254  stm32l0xx_hal_dma.o(i.HAL_DMA_Init)
    HAL_DMA_Start_IT                         0x08000fc1   Thumb Code    78  stm32l0xx_hal_dma.o(i.HAL_DMA_Start_IT)
    HAL_GPIO_DeInit                          0x08001011   Thumb Code   202  stm32l0xx_hal_gpio.o(i.HAL_GPIO_DeInit)
    HAL_GPIO_Init                            0x080010f5   Thumb Code   346  stm32l0xx_hal_gpio.o(i.HAL_GPIO_Init)
    HAL_GPIO_ReadPin                         0x0800126d   Thumb Code    10  stm32l0xx_hal_gpio.o(i.HAL_GPIO_ReadPin)
    HAL_GPIO_TogglePin                       0x08001277   Thumb Code     8  stm32l0xx_hal_gpio.o(i.HAL_GPIO_TogglePin)
    HAL_GPIO_WritePin                        0x0800127f   Thumb Code    12  stm32l0xx_hal_gpio.o(i.HAL_GPIO_WritePin)
    HAL_GetTick                              0x0800128d   Thumb Code     6  stm32l0xx_hal.o(i.HAL_GetTick)
    HAL_I2CEx_ConfigAnalogFilter             0x08001299   Thumb Code    74  stm32l0xx_hal_i2c_ex.o(i.HAL_I2CEx_ConfigAnalogFilter)
    HAL_I2CEx_ConfigDigitalFilter            0x080012e3   Thumb Code    72  stm32l0xx_hal_i2c_ex.o(i.HAL_I2CEx_ConfigDigitalFilter)
    HAL_I2C_Init                             0x0800132d   Thumb Code   176  stm32l0xx_hal_i2c.o(i.HAL_I2C_Init)
    HAL_I2C_MspInit                          0x080013e1   Thumb Code    58  stm32l0xx_hal_msp.o(i.HAL_I2C_MspInit)
    HAL_IncTick                              0x08001429   Thumb Code    10  stm32l0xx_hal.o(i.HAL_IncTick)
    HAL_Init                                 0x08001439   Thumb Code    26  stm32l0xx_hal.o(i.HAL_Init)
    HAL_InitTick                             0x08001459   Thumb Code    34  stm32l0xx_hal.o(i.HAL_InitTick)
    HAL_MspInit                              0x08001481   Thumb Code   200  stm32l0xx_hal_msp.o(i.HAL_MspInit)
    HAL_NVIC_DisableIRQ                      0x0800154d   Thumb Code    14  stm32l0xx_hal_cortex.o(i.HAL_NVIC_DisableIRQ)
    HAL_NVIC_EnableIRQ                       0x08001561   Thumb Code    14  stm32l0xx_hal_cortex.o(i.HAL_NVIC_EnableIRQ)
    HAL_NVIC_SetPriority                     0x08001575   Thumb Code     8  stm32l0xx_hal_cortex.o(i.HAL_NVIC_SetPriority)
    HAL_RCCEx_GetPeriphCLKFreq               0x0800157d   Thumb Code   284  stm32l0xx_hal_rcc_ex.o(i.HAL_RCCEx_GetPeriphCLKFreq)
    HAL_RCCEx_PeriphCLKConfig                0x080016b5   Thumb Code   342  stm32l0xx_hal_rcc_ex.o(i.HAL_RCCEx_PeriphCLKConfig)
    HAL_RCC_ClockConfig                      0x08001819   Thumb Code   340  stm32l0xx_hal_rcc.o(i.HAL_RCC_ClockConfig)
    HAL_RCC_GetHCLKFreq                      0x08001981   Thumb Code     6  stm32l0xx_hal_rcc.o(i.HAL_RCC_GetHCLKFreq)
    HAL_RCC_GetPCLK1Freq                     0x0800198d   Thumb Code    20  stm32l0xx_hal_rcc.o(i.HAL_RCC_GetPCLK1Freq)
    HAL_RCC_GetPCLK2Freq                     0x080019ad   Thumb Code    20  stm32l0xx_hal_rcc.o(i.HAL_RCC_GetPCLK2Freq)
    HAL_RCC_GetSysClockFreq                  0x080019cd   Thumb Code   100  stm32l0xx_hal_rcc.o(i.HAL_RCC_GetSysClockFreq)
    HAL_RCC_OscConfig                        0x08001a45   Thumb Code   976  stm32l0xx_hal_rcc.o(i.HAL_RCC_OscConfig)
    HAL_SYSTICK_CLKSourceConfig              0x08001e31   Thumb Code    20  stm32l0xx_hal_cortex.o(i.HAL_SYSTICK_CLKSourceConfig)
    HAL_SYSTICK_Config                       0x08001e49   Thumb Code    38  stm32l0xx_hal_cortex.o(i.HAL_SYSTICK_Config)
    HAL_TIM_PWM_ConfigChannel                0x08001e79   Thumb Code   208  stm32l0xx_hal_tim.o(i.HAL_TIM_PWM_ConfigChannel)
    HAL_TIM_PWM_Init                         0x08001f49   Thumb Code    52  stm32l0xx_hal_tim.o(i.HAL_TIM_PWM_Init)
    HAL_TIM_PWM_MspInit                      0x08001f7d   Thumb Code    42  stm32l0xx_hal_msp.o(i.HAL_TIM_PWM_MspInit)
    HAL_TIM_PWM_Start                        0x08001fad   Thumb Code    26  stm32l0xx_hal_tim.o(i.HAL_TIM_PWM_Start)
    HAL_TIM_PWM_Stop                         0x08001fc9   Thumb Code    40  stm32l0xx_hal_tim.o(i.HAL_TIM_PWM_Stop)
    HAL_UARTDMA_Init                         0x08001ff5   Thumb Code    28  dabai_usart.o(i.HAL_UARTDMA_Init)
    HAL_UARTEx_WakeupCallback                0x08002021   Thumb Code     2  stm32l0xx_hal_uart_ex.o(i.HAL_UARTEx_WakeupCallback)
    HAL_UART_Close                           0x08002025   Thumb Code    10  dabai_usart.o(i.HAL_UART_Close)
    HAL_UART_ErrorCallback                   0x08002035   Thumb Code     2  stm32l0xx_hal_uart.o(i.HAL_UART_ErrorCallback)
    HAL_UART_IRQHandler                      0x08002039   Thumb Code   318  stm32l0xx_hal_uart.o(i.HAL_UART_IRQHandler)
    HAL_UART_Init                            0x0800217d   Thumb Code   108  stm32l0xx_hal_uart.o(i.HAL_UART_Init)
    HAL_UART_MspDeInit                       0x080021e9   Thumb Code   106  stm32l0xx_hal_msp.o(i.HAL_UART_MspDeInit)
    HAL_UART_MspInit                         0x08002269   Thumb Code   190  stm32l0xx_hal_msp.o(i.HAL_UART_MspInit)
    HAL_UART_Poll                            0x08002345   Thumb Code    56  dabai_usart.o(i.HAL_UART_Poll)
    HAL_UART_Receive_DMA                     0x0800238d   Thumb Code   150  stm32l0xx_hal_uart.o(i.HAL_UART_Receive_DMA)
    HAL_UART_RxCpltCallback                  0x08002431   Thumb Code     2  stm32l0xx_hal_uart.o(i.HAL_UART_RxCpltCallback)
    HAL_UART_RxHalfCpltCallback              0x08002433   Thumb Code     2  stm32l0xx_hal_uart.o(i.HAL_UART_RxHalfCpltCallback)
    HAL_UART_Transmit                        0x08002435   Thumb Code   200  stm32l0xx_hal_uart.o(i.HAL_UART_Transmit)
    HAL_UART_Transmit_DMA                    0x080024fd   Thumb Code   138  stm32l0xx_hal_uart.o(i.HAL_UART_Transmit_DMA)
    HAL_UART_TxCpltCallback                  0x08002595   Thumb Code    58  _dma_cfg.o(i.HAL_UART_TxCpltCallback)
    HAL_UART_TxHalfCpltCallback              0x080025dd   Thumb Code     2  stm32l0xx_hal_uart.o(i.HAL_UART_TxHalfCpltCallback)
    HAL_UART_Write                           0x080025e1   Thumb Code    28  dabai_usart.o(i.HAL_UART_Write)
    HardFault_Handler                        0x08002605   Thumb Code     2  stm32l0xx_it.o(i.HardFault_Handler)
    KeyProcess                               0x08002609   Thumb Code   282  dabai_app.o(i.KeyProcess)
    LPUART1_IRQHandler                       0x08002755   Thumb Code    10  stm32l0xx_it.o(i.LPUART1_IRQHandler)
    MX_ADC_Init                              0x08002765   Thumb Code   100  dabai_adc.o(i.MX_ADC_Init)
    MX_GPIO_Init                             0x080027d9   Thumb Code   156  dabai_gpio.o(i.MX_GPIO_Init)
    MX_I2C2_Init                             0x08002879   Thumb Code    52  dabai_i2c.o(i.MX_I2C2_Init)
    MX_LPUART1_UART_Init                     0x080028b9   Thumb Code    50  dabai_usart.o(i.MX_LPUART1_UART_Init)
    MX_TIM_Init                              0x0800290d   Thumb Code    78  dabai_tim.o(i.MX_TIM_Init)
    MX_TIM_Set                               0x08002971   Thumb Code     6  timer_user_poll.o(i.MX_TIM_Set)
    MX_TIM_Start                             0x0800297d   Thumb Code    18  timer_user_poll.o(i.MX_TIM_Start)
    MX_TIM_Stop                              0x08002995   Thumb Code     8  timer_user_poll.o(i.MX_TIM_Stop)
    MX_TimerPoll                             0x080029a1   Thumb Code    58  timer_user_poll.o(i.MX_TimerPoll)
    MX_USART1_UART_Init                      0x080029e1   Thumb Code    40  dabai_usart.o(i.MX_USART1_UART_Init)
    NBModule_CloseTCP                        0x08002a11   Thumb Code    24  nb_board.o(i.NBModule_CloseTCP)
    NBModule_ConnectTcp                      0x08002a29   Thumb Code    24  nb_board.o(i.NBModule_ConnectTcp)
    NBModule_CreateTCP                       0x08002a41   Thumb Code    24  nb_board.o(i.NBModule_CreateTCP)
    NBModule_Info                            0x08002a59   Thumb Code    24  nb_board.o(i.NBModule_Info)
    NBModule_Init                            0x08002a71   Thumb Code    24  nb_board.o(i.NBModule_Init)
    NBModule_Main                            0x08002a89   Thumb Code    18  nb_board.o(i.NBModule_Main)
    NBModule_SendTcpData                     0x08002a9b   Thumb Code    24  nb_board.o(i.NBModule_SendTcpData)
    NBModule_Sign                            0x08002ab3   Thumb Code    24  nb_board.o(i.NBModule_Sign)
    NBModule_open                            0x08002acd   Thumb Code    30  nb_board.o(i.NBModule_open)
    NB_MsgreportCb                           0x08002b55   Thumb Code   234  dabai_app.o(i.NB_MsgreportCb)
    NMI_Handler                              0x08002ddd   Thumb Code     2  stm32l0xx_it.o(i.NMI_Handler)
    PendSV_Handler                           0x08002e25   Thumb Code     2  stm32l0xx_it.o(i.PendSV_Handler)
    PowerOffGpioConfig                       0x08002e29   Thumb Code    32  dabai_gpio.o(i.PowerOffGpioConfig)
    SVC_Handler                              0x08002ebd   Thumb Code     2  stm32l0xx_it.o(i.SVC_Handler)
    SysTick_Handler                          0x08002ec1   Thumb Code    24  stm32l0xx_it.o(i.SysTick_Handler)
    SystemClock_Config                       0x08002ee1   Thumb Code   160  main.o(i.SystemClock_Config)
    SystemInit                               0x08002f89   Thumb Code    66  system_stm32l0xx.o(i.SystemInit)
    UART_AdvFeatureConfig                    0x08003111   Thumb Code   202  stm32l0xx_hal_uart.o(i.UART_AdvFeatureConfig)
    UART_CheckIdleState                      0x080031dd   Thumb Code    90  stm32l0xx_hal_uart.o(i.UART_CheckIdleState)
    UART_SetConfig                           0x080033cd   Thumb Code   498  stm32l0xx_hal_uart.o(i.UART_SetConfig)
    UART_WaitOnFlagUntilTimeout              0x0800364f   Thumb Code    98  stm32l0xx_hal_uart.o(i.UART_WaitOnFlagUntilTimeout)
    UartDma_Avail                            0x080036b1   Thumb Code    38  _dma_cfg.o(i.UartDma_Avail)
    UartDma_Init                             0x080036e1   Thumb Code    52  _dma_cfg.o(i.UartDma_Init)
    UartDma_Poll                             0x08003721   Thumb Code   218  _dma_cfg.o(i.UartDma_Poll)
    UartDma_Read                             0x0800380d   Thumb Code    64  _dma_cfg.o(i.UartDma_Read)
    UartDma_Write                            0x08003855   Thumb Code   158  _dma_cfg.o(i.UartDma_Write)
    _Error_Handler                           0x080038fd   Thumb Code     2  main.o(i._Error_Handler)
    __0printf$8                              0x08003901   Thumb Code    24  printf8.o(i.__0printf$8)
    __1printf$8                              0x08003901   Thumb Code     0  printf8.o(i.__0printf$8)
    __2printf                                0x08003901   Thumb Code     0  printf8.o(i.__0printf$8)
    __0snprintf$8                            0x08003921   Thumb Code    46  printf8.o(i.__0snprintf$8)
    __1snprintf$8                            0x08003921   Thumb Code     0  printf8.o(i.__0snprintf$8)
    __2snprintf                              0x08003921   Thumb Code     0  printf8.o(i.__0snprintf$8)
    __0sprintf$8                             0x08003955   Thumb Code    36  printf8.o(i.__0sprintf$8)
    __1sprintf$8                             0x08003955   Thumb Code     0  printf8.o(i.__0sprintf$8)
    __2sprintf                               0x08003955   Thumb Code     0  printf8.o(i.__0sprintf$8)
    __ARM_common_switch8                     0x0800397d   Thumb Code    26  dabai_app.o(i.__ARM_common_switch8)
    __aeabi_errno_addr                       0x08003999   Thumb Code     4  errno.o(i.__aeabi_errno_addr)
    __rt_errno_addr                          0x08003999   Thumb Code     0  errno.o(i.__aeabi_errno_addr)
    __scatterload_copy                       0x080039a1   Thumb Code    14  handlers.o(i.__scatterload_copy)
    __scatterload_null                       0x080039af   Thumb Code     2  handlers.o(i.__scatterload_null)
    __scatterload_zeroinit                   0x080039b1   Thumb Code    14  handlers.o(i.__scatterload_zeroinit)
    addr_adjust                              0x08003e55   Thumb Code    90  nb_bc95_28.o(i.addr_adjust)
    bc95_AsyncNotification                   0x08003eb5   Thumb Code   204  nb_bc95_28.o(i.bc95_AsyncNotification)
    bc95_closeTCP                            0x08003fa5   Thumb Code    68  nb_bc95_28.o(i.bc95_closeTCP)
    bc95_closeUDP                            0x08003ff1   Thumb Code    68  nb_bc95_28.o(i.bc95_closeUDP)
    bc95_coapReadMsg                         0x0800403d   Thumb Code    52  nb_bc95_28.o(i.bc95_coapReadMsg)
    bc95_coapReceIndication                  0x08004079   Thumb Code     4  nb_bc95_28.o(i.bc95_coapReceIndication)
    bc95_coapSendMsg                         0x0800407d   Thumb Code   128  nb_bc95_28.o(i.bc95_coapSendMsg)
    bc95_coapSentIndication                  0x08004111   Thumb Code     4  nb_bc95_28.o(i.bc95_coapSentIndication)
    bc95_coapServer                          0x08004115   Thumb Code    66  nb_bc95_28.o(i.bc95_coapServer)
    bc95_connectTCP                          0x08004179   Thumb Code    98  nb_bc95_28.o(i.bc95_connectTCP)
    bc95_createTCP                           0x08004209   Thumb Code    60  nb_bc95_28.o(i.bc95_createTCP)
    bc95_createUDP                           0x08004261   Thumb Code    60  nb_bc95_28.o(i.bc95_createUDP)
    bc95_getIMSI                             0x080042b9   Thumb Code     4  nb_bc95_28.o(i.bc95_getIMSI)
    bc95_getSignal                           0x080042c1   Thumb Code    56  nb_bc95_28.o(i.bc95_getSignal)
    bc95_init                                0x08004301   Thumb Code    56  nb_bc95_28.o(i.bc95_init)
    bc95_main                                0x08004341   Thumb Code   324  nb_bc95_28.o(i.bc95_main)
    bc95_moduleInfo                          0x08004495   Thumb Code    58  nb_bc95_28.o(i.bc95_moduleInfo)
    bc95_open                                0x080044d9   Thumb Code    40  nb_bc95_28.o(i.bc95_open)
    bc95_receTCP                             0x0800455d   Thumb Code    94  nb_bc95_28.o(i.bc95_receTCP)
    bc95_receUDP                             0x080045cd   Thumb Code    94  nb_bc95_28.o(i.bc95_receUDP)
    bc95_register                            0x0800463d   Thumb Code     6  nb_bc95_28.o(i.bc95_register)
    bc95_result_handle                       0x08004649   Thumb Code    90  nb_bc95_28.o(i.bc95_result_handle)
    bc95_sendTCP                             0x080046ad   Thumb Code   150  nb_bc95_28.o(i.bc95_sendTCP)
    bc95_sendUDP                             0x08004765   Thumb Code   154  nb_bc95_28.o(i.bc95_sendUDP)
    fputc                                    0x08004aad   Thumb Code    18  dabai_usart.o(i.fputc)
    main                                     0x08004ac9   Thumb Code   320  main.o(i.main)
    BC95_FxnTable                            0x080050cc   Data          72  nb_bc95_28.o(.constdata)
    nb95_udpcl_process                       0x08005114   Data           3  nb_bc95_28.o(.constdata)
    nb95_udpst_process                       0x08005117   Data           3  nb_bc95_28.o(.constdata)
    nb95_tcpcr_process                       0x0800511a   Data           3  nb_bc95_28.o(.constdata)
    nb95_tcpcl_process                       0x0800511d   Data           3  nb_bc95_28.o(.constdata)
    nb95_tcpcnt_process                      0x08005120   Data           3  nb_bc95_28.o(.constdata)
    nb95_tcpst_process                       0x08005123   Data           3  nb_bc95_28.o(.constdata)
    nb95_udpcr_process                       0x08005126   Data           5  nb_bc95_28.o(.constdata)
    nb95_init_process                        0x0800512b   Data           6  nb_bc95_28.o(.constdata)
    nb95_info_process                        0x08005131   Data           6  nb_bc95_28.o(.constdata)
    AHBPrescTable                            0x08005137   Data          16  system_stm32l0xx.o(.constdata)
    PLLMulTable                              0x08005147   Data           9  system_stm32l0xx.o(.constdata)
    APBPrescTable                            0x08005150   Data           8  system_stm32l0xx.o(.constdata)
    __ctype_table                            0x08005158   Data         129  ctype_o.o(.constdata)
    Region$$Table$$Base                      0x08005290   Number         0  anon$$obj.o(Region$$Table)
    Region$$Table$$Limit                     0x080052b0   Number         0  anon$$obj.o(Region$$Table)
    power_off_flag                           0x20000000   Data           1  dabai_app.o(.data)
    APP_STATE                                0x20000001   Data           1  dabai_app.o(.data)
    g_lightValue                             0x20000002   Data           2  dabai_app.o(.data)
    key                                      0x20000004   Data           3  dabai_app.o(.data)
    key_flag                                 0x20000007   Data           3  dabai_app.o(.data)
    key_State                                0x2000000a   Data           3  dabai_app.o(.data)
    g_Sht20Temp                              0x20000010   Data           4  dabai_app.o(.data)
    g_Sht20RH                                0x20000014   Data           4  dabai_app.o(.data)
    g_event_regTable                         0x20000018   Data           2  nb_bc95_28.o(.data)
    AT_SYNC                                  0x2000001c   Data           4  nb_bc95_28.o(.data)
    AT_CGMI                                  0x20000020   Data           4  nb_bc95_28.o(.data)
    AT_CGMM                                  0x20000024   Data           4  nb_bc95_28.o(.data)
    AT_CGMR                                  0x20000028   Data           4  nb_bc95_28.o(.data)
    AT_CEREG                                 0x2000002c   Data           4  nb_bc95_28.o(.data)
    AT_CSQ                                   0x20000030   Data           4  nb_bc95_28.o(.data)
    AT_CGATT                                 0x20000034   Data           4  nb_bc95_28.o(.data)
    AT_CIMI                                  0x20000038   Data           4  nb_bc95_28.o(.data)
    AT_NMGS                                  0x2000003c   Data           4  nb_bc95_28.o(.data)
    AT_NMGR                                  0x20000040   Data           4  nb_bc95_28.o(.data)
    AT_NCDP                                  0x20000044   Data           4  nb_bc95_28.o(.data)
    AT_NSOCR                                 0x20000048   Data           4  nb_bc95_28.o(.data)
    AT_NSOST                                 0x2000004c   Data           4  nb_bc95_28.o(.data)
    AT_NSORF                                 0x20000050   Data           4  nb_bc95_28.o(.data)
    AT_NSOCO                                 0x20000054   Data           4  nb_bc95_28.o(.data)
    AT_NSOSD                                 0x20000058   Data           4  nb_bc95_28.o(.data)
    AT_NSOCL                                 0x2000005c   Data           4  nb_bc95_28.o(.data)
    AT_NBAND                                 0x20000060   Data           4  nb_bc95_28.o(.data)
    g_nb_state                               0x20000064   Data           8  nb_bc95_28.o(.data)
    com_fxn                                  0x2000006c   Data          12  nb_board_cfg.o(.data)
    time_fxn                                 0x20000078   Data          12  nb_board_cfg.o(.data)
    HWAtrrs_object                           0x20000084   Data          12  nb_board_cfg.o(.data)
    nb_config                                0x20000090   Data          16  nb_board_cfg.o(.data)
    gBatVoltage                              0x200000a0   Data           1  main.o(.data)
    g_sysTime1ms                             0x200000a2   Data           2  main.o(.data)
    g_tempRHTime1ms                          0x200000a4   Data           2  main.o(.data)
    uhPrescalerValue                         0x200000b0   Data           4  dabai_tim.o(.data)
    gTimeOpenFlag                            0x200000bc   Data           1  timer_user_poll.o(.data)
    gTickStart                               0x200000c0   Data           4  timer_user_poll.o(.data)
    gTickDelta                               0x200000c4   Data           4  timer_user_poll.o(.data)
    nb_timeoutCb                             0x200000c8   Data           4  timer_user_poll.o(.data)
    SystemCoreClock                          0x200000cc   Data           4  system_stm32l0xx.o(.data)
    uwTick                                   0x200000d0   Data           4  stm32l0xx_hal.o(.data)
    __stdout                                 0x200000d8   Data           4  stdout.o(.data)
    key_counter                              0x200000e0   Data          12  dabai_app.o(.bss)
    gNBReceBuf                               0x200000ec   Data         514  nb_bc95_28.o(.bss)
    gNBSendBuf                               0x200002ee   Data         514  nb_bc95_28.o(.bss)
    hdma_lpuart_rx                           0x20000538   Data          64  stm32l0xx_hal_msp.o(.bss)
    hdma_lpuart_tx                           0x20000578   Data          64  stm32l0xx_hal_msp.o(.bss)
    hdma_adc                                 0x200005b8   Data          64  stm32l0xx_hal_msp.o(.bss)
    hi2c2                                    0x200005f8   Data          76  dabai_i2c.o(.bss)
    msgBuf                                   0x20000644   Data         256  dabai_usart.o(.bss)
    huart1                                   0x20000744   Data         112  dabai_usart.o(.bss)
    huart2                                   0x200007b4   Data         112  dabai_usart.o(.bss)
    hlpuart1                                 0x20000824   Data         112  dabai_usart.o(.bss)
    AdcHandle                                0x20000894   Data          96  dabai_adc.o(.bss)
    gADCxConvertedData                       0x200008f4   Data          40  dabai_adc.o(.bss)
    TimHandle                                0x2000091c   Data          56  dabai_tim.o(.bss)
    dmaCfg                                   0x20000954   Data         792  _dma_cfg.o(.bss)
    __initial_sp                             0x20001070   Data           0  startup_stm32l051xx.o(STACK)



==============================================================================

Memory Map of the image

  Image Entry point : 0x080000c1

  Load Region LR_IROM1 (Base: 0x08000000, Size: 0x00005390, Max: 0x00010000, ABSOLUTE)

    Execution Region ER_IROM1 (Exec base: 0x08000000, Load base: 0x08000000, Size: 0x000052b0, Max: 0x00010000, ABSOLUTE)

    Exec Addr    Load Addr    Size         Type   Attr      Idx    E Section Name        Object

    0x08000000   0x08000000   0x000000c0   Data   RO         1203    RESET               startup_stm32l051xx.o
    0x080000c0   0x080000c0   0x00000000   Code   RO         4170  * .ARM.Collect$$$$00000000  mc_p.l(entry.o)
    0x080000c0   0x080000c0   0x00000004   Code   RO         4468    .ARM.Collect$$$$00000001  mc_p.l(entry2.o)
    0x080000c4   0x080000c4   0x00000004   Code   RO         4471    .ARM.Collect$$$$00000004  mc_p.l(entry5.o)
    0x080000c8   0x080000c8   0x00000000   Code   RO         4473    .ARM.Collect$$$$00000008  mc_p.l(entry7b.o)
    0x080000c8   0x080000c8   0x00000000   Code   RO         4475    .ARM.Collect$$$$0000000A  mc_p.l(entry8b.o)
    0x080000c8   0x080000c8   0x00000008   Code   RO         4476    .ARM.Collect$$$$0000000B  mc_p.l(entry9a.o)
    0x080000d0   0x080000d0   0x00000000   Code   RO         4478    .ARM.Collect$$$$0000000D  mc_p.l(entry10a.o)
    0x080000d0   0x080000d0   0x00000000   Code   RO         4480    .ARM.Collect$$$$0000000F  mc_p.l(entry11a.o)
    0x080000d0   0x080000d0   0x00000004   Code   RO         4469    .ARM.Collect$$$$00002712  mc_p.l(entry2.o)
    0x080000d4   0x080000d4   0x0000001c   Code   RO         1204    .text               startup_stm32l051xx.o
    0x080000f0   0x080000f0   0x0000002c   Code   RO         4173    .text               mc_p.l(uidiv.o)
    0x0800011c   0x0800011c   0x00000060   Code   RO         4175    .text               mc_p.l(uldiv.o)
    0x0800017c   0x0800017c   0x00000024   Code   RO         4177    .text               mc_p.l(memcpya.o)
    0x080001a0   0x080001a0   0x00000024   Code   RO         4179    .text               mc_p.l(memseta.o)
    0x080001c4   0x080001c4   0x00000028   Code   RO         4181    .text               mc_p.l(strstr.o)
    0x080001ec   0x080001ec   0x00000014   Code   RO         4183    .text               mc_p.l(strchr.o)
    0x08000200   0x08000200   0x0000000e   Code   RO         4185    .text               mc_p.l(strlen.o)
    0x0800020e   0x0800020e   0x00000002   PAD
    0x08000210   0x08000210   0x00000048   Code   RO         4187    .text               mc_p.l(strtok.o)
    0x08000258   0x08000258   0x00000076   Code   RO         4456    .text               mc_p.l(strtoul.o)
    0x080002ce   0x080002ce   0x00000020   Code   RO         4483    .text               mc_p.l(llshl.o)
    0x080002ee   0x080002ee   0x00000022   Code   RO         4485    .text               mc_p.l(llushr.o)
    0x08000310   0x08000310   0x00000008   Code   RO         4489    .text               mc_p.l(ctype_o.o)
    0x08000318   0x08000318   0x000000a6   Code   RO         4524    .text               mc_p.l(_strtoul.o)
    0x080003be   0x080003be   0x00000002   PAD
    0x080003c0   0x080003c0   0x00000024   Code   RO         4539    .text               mc_p.l(init.o)
    0x080003e4   0x080003e4   0x0000001e   Code   RO         4541    .text               mc_p.l(_chval.o)
    0x08000402   0x08000402   0x0000006c   Code   RO         1245    i.ADC_DMAConvCplt   stm32l0xx_hal_adc.o
    0x0800046e   0x0800046e   0x0000001a   Code   RO         1246    i.ADC_DMAError      stm32l0xx_hal_adc.o
    0x08000488   0x08000488   0x0000000a   Code   RO         1247    i.ADC_DMAHalfConvCplt  stm32l0xx_hal_adc.o
    0x08000492   0x08000492   0x00000002   PAD
    0x08000494   0x08000494   0x00000024   Code   RO         1248    i.ADC_DelayMicroSecond  stm32l0xx_hal_adc.o
    0x080004b8   0x080004b8   0x00000064   Code   RO         1250    i.ADC_Enable        stm32l0xx_hal_adc.o
    0x0800051c   0x0800051c   0x00000010   Code   RO          757    i.DMA1_Channel1_IRQHandler  stm32l0xx_it.o
    0x0800052c   0x0800052c   0x00000018   Code   RO          758    i.DMA1_Channel2_3_IRQHandler  stm32l0xx_it.o
    0x08000544   0x08000544   0x0000001e   Code   RO         1740    i.DMA_SetConfig     stm32l0xx_hal_dma.o
    0x08000562   0x08000562   0x00000002   PAD
    0x08000564   0x08000564   0x00000040   Code   RO         1001    i.GetBatVoltage     dabai_adc.o
    0x080005a4   0x080005a4   0x000000aa   Code   RO         1427    i.HAL_ADCEx_Calibration_Start  stm32l0xx_hal_adc_ex.o
    0x0800064e   0x0800064e   0x00000002   PAD
    0x08000650   0x08000650   0x00000094   Code   RO         1252    i.HAL_ADC_ConfigChannel  stm32l0xx_hal_adc.o
    0x080006e4   0x080006e4   0x00000002   Code   RO         1253    i.HAL_ADC_ConvCpltCallback  stm32l0xx_hal_adc.o
    0x080006e6   0x080006e6   0x00000002   Code   RO         1254    i.HAL_ADC_ConvHalfCpltCallback  stm32l0xx_hal_adc.o
    0x080006e8   0x080006e8   0x00000002   Code   RO         1256    i.HAL_ADC_ErrorCallback  stm32l0xx_hal_adc.o
    0x080006ea   0x080006ea   0x00000002   PAD
    0x080006ec   0x080006ec   0x000001c4   Code   RO         1261    i.HAL_ADC_Init      stm32l0xx_hal_adc.o
    0x080008b0   0x080008b0   0x0000007c   Code   RO          693    i.HAL_ADC_MspInit   stm32l0xx_hal_msp.o
    0x0800092c   0x0800092c   0x000000a0   Code   RO         1268    i.HAL_ADC_Start_DMA  stm32l0xx_hal_adc.o
    0x080009cc   0x080009cc   0x00000098   Code   RO         1742    i.HAL_DMA_Abort_IT  stm32l0xx_hal_dma.o
    0x08000a64   0x08000a64   0x000001d4   Code   RO         1743    i.HAL_DMA_DeInit    stm32l0xx_hal_dma.o
    0x08000c38   0x08000c38   0x00000280   Code   RO         1746    i.HAL_DMA_IRQHandler  stm32l0xx_hal_dma.o
    0x08000eb8   0x08000eb8   0x00000108   Code   RO         1747    i.HAL_DMA_Init      stm32l0xx_hal_dma.o
    0x08000fc0   0x08000fc0   0x0000004e   Code   RO         1750    i.HAL_DMA_Start_IT  stm32l0xx_hal_dma.o
    0x0800100e   0x0800100e   0x00000002   PAD
    0x08001010   0x08001010   0x000000e4   Code   RO         1481    i.HAL_GPIO_DeInit   stm32l0xx_hal_gpio.o
    0x080010f4   0x080010f4   0x00000178   Code   RO         1484    i.HAL_GPIO_Init     stm32l0xx_hal_gpio.o
    0x0800126c   0x0800126c   0x0000000a   Code   RO         1486    i.HAL_GPIO_ReadPin  stm32l0xx_hal_gpio.o
    0x08001276   0x08001276   0x00000008   Code   RO         1487    i.HAL_GPIO_TogglePin  stm32l0xx_hal_gpio.o
    0x0800127e   0x0800127e   0x0000000c   Code   RO         1488    i.HAL_GPIO_WritePin  stm32l0xx_hal_gpio.o
    0x0800128a   0x0800128a   0x00000002   PAD
    0x0800128c   0x0800128c   0x0000000c   Code   RO         1832    i.HAL_GetTick       stm32l0xx_hal.o
    0x08001298   0x08001298   0x0000004a   Code   RO         2472    i.HAL_I2CEx_ConfigAnalogFilter  stm32l0xx_hal_i2c_ex.o
    0x080012e2   0x080012e2   0x00000048   Code   RO         2473    i.HAL_I2CEx_ConfigDigitalFilter  stm32l0xx_hal_i2c_ex.o
    0x0800132a   0x0800132a   0x00000002   PAD
    0x0800132c   0x0800132c   0x000000b4   Code   RO         2059    i.HAL_I2C_Init      stm32l0xx_hal_i2c.o
    0x080013e0   0x080013e0   0x00000048   Code   RO          695    i.HAL_I2C_MspInit   stm32l0xx_hal_msp.o
    0x08001428   0x08001428   0x00000010   Code   RO         1833    i.HAL_IncTick       stm32l0xx_hal.o
    0x08001438   0x08001438   0x00000020   Code   RO         1834    i.HAL_Init          stm32l0xx_hal.o
    0x08001458   0x08001458   0x00000028   Code   RO         1835    i.HAL_InitTick      stm32l0xx_hal.o
    0x08001480   0x08001480   0x000000cc   Code   RO          696    i.HAL_MspInit       stm32l0xx_hal_msp.o
    0x0800154c   0x0800154c   0x00000014   Code   RO         1545    i.HAL_NVIC_DisableIRQ  stm32l0xx_hal_cortex.o
    0x08001560   0x08001560   0x00000014   Code   RO         1546    i.HAL_NVIC_EnableIRQ  stm32l0xx_hal_cortex.o
    0x08001574   0x08001574   0x00000008   Code   RO         1550    i.HAL_NVIC_SetPriority  stm32l0xx_hal_cortex.o
    0x0800157c   0x0800157c   0x00000138   Code   RO         1990    i.HAL_RCCEx_GetPeriphCLKFreq  stm32l0xx_hal_rcc_ex.o
    0x080016b4   0x080016b4   0x00000164   Code   RO         1993    i.HAL_RCCEx_PeriphCLKConfig  stm32l0xx_hal_rcc_ex.o
    0x08001818   0x08001818   0x00000168   Code   RO         1644    i.HAL_RCC_ClockConfig  stm32l0xx_hal_rcc.o
    0x08001980   0x08001980   0x0000000c   Code   RO         1648    i.HAL_RCC_GetHCLKFreq  stm32l0xx_hal_rcc.o
    0x0800198c   0x0800198c   0x00000020   Code   RO         1650    i.HAL_RCC_GetPCLK1Freq  stm32l0xx_hal_rcc.o
    0x080019ac   0x080019ac   0x00000020   Code   RO         1651    i.HAL_RCC_GetPCLK2Freq  stm32l0xx_hal_rcc.o
    0x080019cc   0x080019cc   0x00000078   Code   RO         1652    i.HAL_RCC_GetSysClockFreq  stm32l0xx_hal_rcc.o
    0x08001a44   0x08001a44   0x000003ec   Code   RO         1655    i.HAL_RCC_OscConfig  stm32l0xx_hal_rcc.o
    0x08001e30   0x08001e30   0x00000018   Code   RO         1552    i.HAL_SYSTICK_CLKSourceConfig  stm32l0xx_hal_cortex.o
    0x08001e48   0x08001e48   0x00000030   Code   RO         1554    i.HAL_SYSTICK_Config  stm32l0xx_hal_cortex.o
    0x08001e78   0x08001e78   0x000000d0   Code   RO         3246    i.HAL_TIM_PWM_ConfigChannel  stm32l0xx_hal_tim.o
    0x08001f48   0x08001f48   0x00000034   Code   RO         3249    i.HAL_TIM_PWM_Init  stm32l0xx_hal_tim.o
    0x08001f7c   0x08001f7c   0x00000030   Code   RO          697    i.HAL_TIM_PWM_MspInit  stm32l0xx_hal_msp.o
    0x08001fac   0x08001fac   0x0000001a   Code   RO         3253    i.HAL_TIM_PWM_Start  stm32l0xx_hal_tim.o
    0x08001fc6   0x08001fc6   0x00000002   PAD
    0x08001fc8   0x08001fc8   0x0000002c   Code   RO         3256    i.HAL_TIM_PWM_Stop  stm32l0xx_hal_tim.o
    0x08001ff4   0x08001ff4   0x0000002c   Code   RO          895    i.HAL_UARTDMA_Init  dabai_usart.o
    0x08002020   0x08002020   0x00000002   Code   RO         2871    i.HAL_UARTEx_WakeupCallback  stm32l0xx_hal_uart_ex.o
    0x08002022   0x08002022   0x00000002   PAD
    0x08002024   0x08002024   0x00000010   Code   RO          896    i.HAL_UART_Close    dabai_usart.o
    0x08002034   0x08002034   0x00000002   Code   RO         2544    i.HAL_UART_ErrorCallback  stm32l0xx_hal_uart.o
    0x08002036   0x08002036   0x00000002   PAD
    0x08002038   0x08002038   0x00000144   Code   RO         2547    i.HAL_UART_IRQHandler  stm32l0xx_hal_uart.o
    0x0800217c   0x0800217c   0x0000006c   Code   RO         2548    i.HAL_UART_Init     stm32l0xx_hal_uart.o
    0x080021e8   0x080021e8   0x00000080   Code   RO          698    i.HAL_UART_MspDeInit  stm32l0xx_hal_msp.o
    0x08002268   0x08002268   0x000000dc   Code   RO          699    i.HAL_UART_MspInit  stm32l0xx_hal_msp.o
    0x08002344   0x08002344   0x00000048   Code   RO          898    i.HAL_UART_Poll     dabai_usart.o
    0x0800238c   0x0800238c   0x000000a4   Code   RO         2552    i.HAL_UART_Receive_DMA  stm32l0xx_hal_uart.o
    0x08002430   0x08002430   0x00000002   Code   RO         2554    i.HAL_UART_RxCpltCallback  stm32l0xx_hal_uart.o
    0x08002432   0x08002432   0x00000002   Code   RO         2555    i.HAL_UART_RxHalfCpltCallback  stm32l0xx_hal_uart.o
    0x08002434   0x08002434   0x000000c8   Code   RO         2556    i.HAL_UART_Transmit  stm32l0xx_hal_uart.o
    0x080024fc   0x080024fc   0x00000098   Code   RO         2557    i.HAL_UART_Transmit_DMA  stm32l0xx_hal_uart.o
    0x08002594   0x08002594   0x00000048   Code   RO         1105    i.HAL_UART_TxCpltCallback  _dma_cfg.o
    0x080025dc   0x080025dc   0x00000002   Code   RO         2560    i.HAL_UART_TxHalfCpltCallback  stm32l0xx_hal_uart.o
    0x080025de   0x080025de   0x00000002   PAD
    0x080025e0   0x080025e0   0x00000024   Code   RO          901    i.HAL_UART_Write    dabai_usart.o
    0x08002604   0x08002604   0x00000002   Code   RO          760    i.HardFault_Handler  stm32l0xx_it.o
    0x08002606   0x08002606   0x00000002   PAD
    0x08002608   0x08002608   0x0000014c   Code   RO            4    i.KeyProcess        dabai_app.o
    0x08002754   0x08002754   0x00000010   Code   RO          761    i.LPUART1_IRQHandler  stm32l0xx_it.o
    0x08002764   0x08002764   0x00000074   Code   RO         1002    i.MX_ADC_Init       dabai_adc.o
    0x080027d8   0x080027d8   0x000000a0   Code   RO          829    i.MX_GPIO_Init      dabai_gpio.o
    0x08002878   0x08002878   0x00000040   Code   RO          857    i.MX_I2C2_Init      dabai_i2c.o
    0x080028b8   0x080028b8   0x00000054   Code   RO          902    i.MX_LPUART1_UART_Init  dabai_usart.o
    0x0800290c   0x0800290c   0x00000064   Code   RO         1040    i.MX_TIM_Init       dabai_tim.o
    0x08002970   0x08002970   0x0000000c   Code   RO         1159    i.MX_TIM_Set        timer_user_poll.o
    0x0800297c   0x0800297c   0x00000018   Code   RO         1160    i.MX_TIM_Start      timer_user_poll.o
    0x08002994   0x08002994   0x0000000c   Code   RO         1161    i.MX_TIM_Stop       timer_user_poll.o
    0x080029a0   0x080029a0   0x00000040   Code   RO         1162    i.MX_TimerPoll      timer_user_poll.o
    0x080029e0   0x080029e0   0x00000030   Code   RO          903    i.MX_USART1_UART_Init  dabai_usart.o
    0x08002a10   0x08002a10   0x00000018   Code   RO          486    i.NBModule_CloseTCP  nb_board.o
    0x08002a28   0x08002a28   0x00000018   Code   RO          492    i.NBModule_ConnectTcp  nb_board.o
    0x08002a40   0x08002a40   0x00000018   Code   RO          493    i.NBModule_CreateTCP  nb_board.o
    0x08002a58   0x08002a58   0x00000018   Code   RO          496    i.NBModule_Info     nb_board.o
    0x08002a70   0x08002a70   0x00000018   Code   RO          497    i.NBModule_Init     nb_board.o
    0x08002a88   0x08002a88   0x00000012   Code   RO          498    i.NBModule_Main     nb_board.o
    0x08002a9a   0x08002a9a   0x00000018   Code   RO          499    i.NBModule_SendTcpData  nb_board.o
    0x08002ab2   0x08002ab2   0x00000018   Code   RO          501    i.NBModule_Sign     nb_board.o
    0x08002aca   0x08002aca   0x00000002   PAD
    0x08002acc   0x08002acc   0x00000024   Code   RO          503    i.NBModule_open     nb_board.o
    0x08002af0   0x08002af0   0x00000062   Code   RO          179    i.NB_HexStrToNum    nb_bc95_28.o
    0x08002b52   0x08002b52   0x00000002   PAD
    0x08002b54   0x08002b54   0x00000244   Code   RO            5    i.NB_MsgreportCb    dabai_app.o
    0x08002d98   0x08002d98   0x00000038   Code   RO          180    i.NB_SendCmd        nb_bc95_28.o
    0x08002dd0   0x08002dd0   0x0000000c   Code   RO          181    i.NB_Strtoul        nb_bc95_28.o
    0x08002ddc   0x08002ddc   0x00000002   Code   RO          762    i.NMI_Handler       stm32l0xx_it.o
    0x08002dde   0x08002dde   0x00000002   PAD
    0x08002de0   0x08002de0   0x00000044   Code   RO         1556    i.NVIC_SetPriority  stm32l0xx_hal_cortex.o
    0x08002e24   0x08002e24   0x00000002   Code   RO          763    i.PendSV_Handler    stm32l0xx_it.o
    0x08002e26   0x08002e26   0x00000002   PAD
    0x08002e28   0x08002e28   0x00000024   Code   RO          830    i.PowerOffGpioConfig  dabai_gpio.o
    0x08002e4c   0x08002e4c   0x00000070   Code   RO         1656    i.RCC_SetFlashLatencyFromMSIRange  stm32l0xx_hal_rcc.o
    0x08002ebc   0x08002ebc   0x00000002   Code   RO          764    i.SVC_Handler       stm32l0xx_it.o
    0x08002ebe   0x08002ebe   0x00000002   PAD
    0x08002ec0   0x08002ec0   0x00000020   Code   RO          765    i.SysTick_Handler   stm32l0xx_it.o
    0x08002ee0   0x08002ee0   0x000000a8   Code   RO          639    i.SystemClock_Config  main.o
    0x08002f88   0x08002f88   0x00000054   Code   RO         1211    i.SystemInit        system_stm32l0xx.o
    0x08002fdc   0x08002fdc   0x00000050   Code   RO         3264    i.TIM_Base_SetConfig  stm32l0xx_hal_tim.o
    0x0800302c   0x0800302c   0x00000016   Code   RO         3265    i.TIM_CCxChannelCmd  stm32l0xx_hal_tim.o
    0x08003042   0x08003042   0x00000030   Code   RO         3273    i.TIM_OC1_SetConfig  stm32l0xx_hal_tim.o
    0x08003072   0x08003072   0x00000032   Code   RO         3274    i.TIM_OC2_SetConfig  stm32l0xx_hal_tim.o
    0x080030a4   0x080030a4   0x00000036   Code   RO         3275    i.TIM_OC3_SetConfig  stm32l0xx_hal_tim.o
    0x080030da   0x080030da   0x00000036   Code   RO         3276    i.TIM_OC4_SetConfig  stm32l0xx_hal_tim.o
    0x08003110   0x08003110   0x000000ca   Code   RO         2561    i.UART_AdvFeatureConfig  stm32l0xx_hal_uart.o
    0x080031da   0x080031da   0x00000002   PAD
    0x080031dc   0x080031dc   0x00000060   Code   RO         2562    i.UART_CheckIdleState  stm32l0xx_hal_uart.o
    0x0800323c   0x0800323c   0x00000014   Code   RO         2563    i.UART_DMAAbortOnError  stm32l0xx_hal_uart.o
    0x08003250   0x08003250   0x0000004a   Code   RO         2564    i.UART_DMAError     stm32l0xx_hal_uart.o
    0x0800329a   0x0800329a   0x00000040   Code   RO         2565    i.UART_DMAReceiveCplt  stm32l0xx_hal_uart.o
    0x080032da   0x080032da   0x0000000a   Code   RO         2567    i.UART_DMARxHalfCplt  stm32l0xx_hal_uart.o
    0x080032e4   0x080032e4   0x00000030   Code   RO         2569    i.UART_DMATransmitCplt  stm32l0xx_hal_uart.o
    0x08003314   0x08003314   0x0000000a   Code   RO         2571    i.UART_DMATxHalfCplt  stm32l0xx_hal_uart.o
    0x0800331e   0x0800331e   0x0000001e   Code   RO         2573    i.UART_EndRxTransfer  stm32l0xx_hal_uart.o
    0x0800333c   0x0800333c   0x00000012   Code   RO         2574    i.UART_EndTxTransfer  stm32l0xx_hal_uart.o
    0x0800334e   0x0800334e   0x0000007e   Code   RO         2575    i.UART_Receive_IT   stm32l0xx_hal_uart.o
    0x080033cc   0x080033cc   0x0000021c   Code   RO         2576    i.UART_SetConfig    stm32l0xx_hal_uart.o
    0x080035e8   0x080035e8   0x00000066   Code   RO         2577    i.UART_Transmit_IT  stm32l0xx_hal_uart.o
    0x0800364e   0x0800364e   0x00000062   Code   RO         2578    i.UART_WaitOnFlagUntilTimeout  stm32l0xx_hal_uart.o
    0x080036b0   0x080036b0   0x00000030   Code   RO         1106    i.UartDma_Avail     _dma_cfg.o
    0x080036e0   0x080036e0   0x00000040   Code   RO         1107    i.UartDma_Init      _dma_cfg.o
    0x08003720   0x08003720   0x000000ec   Code   RO         1108    i.UartDma_Poll      _dma_cfg.o
    0x0800380c   0x0800380c   0x00000048   Code   RO         1109    i.UartDma_Read      _dma_cfg.o
    0x08003854   0x08003854   0x000000a8   Code   RO         1110    i.UartDma_Write     _dma_cfg.o
    0x080038fc   0x080038fc   0x00000002   Code   RO          640    i._Error_Handler    main.o
    0x080038fe   0x080038fe   0x00000002   PAD
    0x08003900   0x08003900   0x00000020   Code   RO         4402    i.__0printf$8       mc_p.l(printf8.o)
    0x08003920   0x08003920   0x00000034   Code   RO         4403    i.__0snprintf$8     mc_p.l(printf8.o)
    0x08003954   0x08003954   0x00000028   Code   RO         4404    i.__0sprintf$8      mc_p.l(printf8.o)
    0x0800397c   0x0800397c   0x0000001a   Code   RO           35    i.__ARM_common_switch8  dabai_app.o
    0x08003996   0x08003996   0x00000002   PAD
    0x08003998   0x08003998   0x00000008   Code   RO         4517    i.__aeabi_errno_addr  mc_p.l(errno.o)
    0x080039a0   0x080039a0   0x0000000e   Code   RO         4545    i.__scatterload_copy  mc_p.l(handlers.o)
    0x080039ae   0x080039ae   0x00000002   Code   RO         4546    i.__scatterload_null  mc_p.l(handlers.o)
    0x080039b0   0x080039b0   0x0000000e   Code   RO         4547    i.__scatterload_zeroinit  mc_p.l(handlers.o)
    0x080039be   0x080039be   0x00000002   PAD
    0x080039c0   0x080039c0   0x00000428   Code   RO         4409    i._printf_core      mc_p.l(printf8.o)
    0x08003de8   0x08003de8   0x00000020   Code   RO         4410    i._printf_post_padding  mc_p.l(printf8.o)
    0x08003e08   0x08003e08   0x0000002c   Code   RO         4411    i._printf_pre_padding  mc_p.l(printf8.o)
    0x08003e34   0x08003e34   0x00000016   Code   RO         4412    i._snputc           mc_p.l(printf8.o)
    0x08003e4a   0x08003e4a   0x0000000a   Code   RO         4413    i._sputc            mc_p.l(printf8.o)
    0x08003e54   0x08003e54   0x00000060   Code   RO          182    i.addr_adjust       nb_bc95_28.o
    0x08003eb4   0x08003eb4   0x000000f0   Code   RO          183    i.bc95_AsyncNotification  nb_bc95_28.o
    0x08003fa4   0x08003fa4   0x0000004c   Code   RO          184    i.bc95_closeTCP     nb_bc95_28.o
    0x08003ff0   0x08003ff0   0x0000004c   Code   RO          185    i.bc95_closeUDP     nb_bc95_28.o
    0x0800403c   0x0800403c   0x0000003c   Code   RO          186    i.bc95_coapReadMsg  nb_bc95_28.o
    0x08004078   0x08004078   0x00000004   Code   RO          187    i.bc95_coapReceIndication  nb_bc95_28.o
    0x0800407c   0x0800407c   0x00000094   Code   RO          188    i.bc95_coapSendMsg  nb_bc95_28.o
    0x08004110   0x08004110   0x00000004   Code   RO          189    i.bc95_coapSentIndication  nb_bc95_28.o
    0x08004114   0x08004114   0x00000064   Code   RO          190    i.bc95_coapServer   nb_bc95_28.o
    0x08004178   0x08004178   0x00000090   Code   RO          191    i.bc95_connectTCP   nb_bc95_28.o
    0x08004208   0x08004208   0x00000058   Code   RO          192    i.bc95_createTCP    nb_bc95_28.o
    0x08004260   0x08004260   0x00000058   Code   RO          193    i.bc95_createUDP    nb_bc95_28.o
    0x080042b8   0x080042b8   0x00000008   Code   RO          194    i.bc95_getIMSI      nb_bc95_28.o
    0x080042c0   0x080042c0   0x00000040   Code   RO          195    i.bc95_getSignal    nb_bc95_28.o
    0x08004300   0x08004300   0x00000040   Code   RO          196    i.bc95_init         nb_bc95_28.o
    0x08004340   0x08004340   0x00000154   Code   RO          197    i.bc95_main         nb_bc95_28.o
    0x08004494   0x08004494   0x00000044   Code   RO          198    i.bc95_moduleInfo   nb_bc95_28.o
    0x080044d8   0x080044d8   0x00000034   Code   RO          199    i.bc95_open         nb_bc95_28.o
    0x0800450c   0x0800450c   0x00000050   Code   RO          200    i.bc95_receCb       nb_bc95_28.o
    0x0800455c   0x0800455c   0x00000070   Code   RO          201    i.bc95_receTCP      nb_bc95_28.o
    0x080045cc   0x080045cc   0x00000070   Code   RO          202    i.bc95_receUDP      nb_bc95_28.o
    0x0800463c   0x0800463c   0x0000000c   Code   RO          203    i.bc95_register     nb_bc95_28.o
    0x08004648   0x08004648   0x00000064   Code   RO          204    i.bc95_result_handle  nb_bc95_28.o
    0x080046ac   0x080046ac   0x000000b8   Code   RO          205    i.bc95_sendTCP      nb_bc95_28.o
    0x08004764   0x08004764   0x000000d4   Code   RO          206    i.bc95_sendUDP      nb_bc95_28.o
    0x08004838   0x08004838   0x0000000a   Code   RO          207    i.bc95_timeoutCb    nb_bc95_28.o
    0x08004842   0x08004842   0x00000002   PAD
    0x08004844   0x08004844   0x0000008c   Code   RO          208    i.cmd_generate      nb_bc95_28.o
    0x080048d0   0x080048d0   0x00000054   Code   RO          209    i.cmd_isPass        nb_bc95_28.o
    0x08004924   0x08004924   0x00000164   Code   RO          210    i.cmd_next          nb_bc95_28.o
    0x08004a88   0x08004a88   0x00000024   Code   RO          211    i.cmd_param_init    nb_bc95_28.o
    0x08004aac   0x08004aac   0x0000001c   Code   RO          905    i.fputc             dabai_usart.o
    0x08004ac8   0x08004ac8   0x00000238   Code   RO          641    i.main              main.o
    0x08004d00   0x08004d00   0x00000384   Code   RO          212    i.nbsend_msg_app    nb_bc95_28.o
    0x08005084   0x08005084   0x00000010   Code   RO          213    i.nbset_event       nb_bc95_28.o
    0x08005094   0x08005094   0x00000014   Code   RO          214    i.reset_rece_buf    nb_bc95_28.o
    0x080050a8   0x080050a8   0x00000010   Code   RO          215    i.state_reset       nb_bc95_28.o
    0x080050b8   0x080050b8   0x00000014   Code   RO          906    i.uart_dma_send     dabai_usart.o
    0x080050cc   0x080050cc   0x00000048   Data   RO          217    .constdata          nb_bc95_28.o
    0x08005114   0x08005114   0x00000023   Data   RO          218    .constdata          nb_bc95_28.o
    0x08005137   0x08005137   0x00000019   Data   RO         1212    .constdata          system_stm32l0xx.o
    0x08005150   0x08005150   0x00000008   Data   RO         1213    .constdata          system_stm32l0xx.o
    0x08005158   0x08005158   0x00000081   Data   RO         4490    .constdata          mc_p.l(ctype_o.o)
    0x080051d9   0x080051d9   0x00000003   PAD
    0x080051dc   0x080051dc   0x00000004   Data   RO         4491    .constdata          mc_p.l(ctype_o.o)
    0x080051e0   0x080051e0   0x000000ad   Data   RO          219    .conststring        nb_bc95_28.o
    0x0800528d   0x0800528d   0x00000003   PAD
    0x08005290   0x08005290   0x00000020   Data   RO         4543    Region$$Table       anon$$obj.o


    Execution Region RW_IRAM1 (Exec base: 0x20000000, Load base: 0x080052b0, Size: 0x00001070, Max: 0x00002000, ABSOLUTE)

    Exec Addr    Load Addr    Size         Type   Attr      Idx    E Section Name        Object

    0x20000000   0x080052b0   0x00000018   Data   RW            7    .data               dabai_app.o
    0x20000018   0x080052c8   0x00000054   Data   RW          253    .data               nb_bc95_28.o
    0x2000006c   0x0800531c   0x0000000c   Data   RW          606    .data               nb_board_cfg.o
    0x20000078   0x08005328   0x0000000c   Data   RW          607    .data               nb_board_cfg.o
    0x20000084   0x08005334   0x0000000c   Data   RW          608    .data               nb_board_cfg.o
    0x20000090   0x08005340   0x00000010   Data   RW          609    .data               nb_board_cfg.o
    0x200000a0   0x08005350   0x0000000c   Data   RW          646    .data               main.o
    0x200000ac   0x0800535c   0x00000004   Data   RW          909    .data               dabai_usart.o
    0x200000b0   0x08005360   0x00000004   Data   RW         1042    .data               dabai_tim.o
    0x200000b4   0x08005364   0x00000008   Data   RW         1112    .data               _dma_cfg.o
    0x200000bc   0x0800536c   0x00000010   Data   RW         1163    .data               timer_user_poll.o
    0x200000cc   0x0800537c   0x00000004   Data   RW         1214    .data               system_stm32l0xx.o
    0x200000d0   0x08005380   0x00000004   Data   RW         1844    .data               stm32l0xx_hal.o
    0x200000d4   0x08005384   0x00000004   Data   RW         4188    .data               mc_p.l(strtok.o)
    0x200000d8   0x08005388   0x00000004   Data   RW         4482    .data               mc_p.l(stdout.o)
    0x200000dc   0x0800538c   0x00000004   Data   RW         4520    .data               mc_p.l(errno.o)
    0x200000e0        -       0x0000000c   Zero   RW            6    .bss                dabai_app.o
    0x200000ec        -       0x0000044c   Zero   RW          216    .bss                nb_bc95_28.o
    0x20000538        -       0x000000c0   Zero   RW          700    .bss                stm32l0xx_hal_msp.o
    0x200005f8        -       0x0000004c   Zero   RW          858    .bss                dabai_i2c.o
    0x20000644        -       0x00000250   Zero   RW          907    .bss                dabai_usart.o
    0x20000894        -       0x00000088   Zero   RW         1004    .bss                dabai_adc.o
    0x2000091c        -       0x00000038   Zero   RW         1041    .bss                dabai_tim.o
    0x20000954        -       0x00000318   Zero   RW         1111    .bss                _dma_cfg.o
    0x20000c6c   0x08005390   0x00000004   PAD
    0x20000c70        -       0x00000400   Zero   RW         1201    STACK               startup_stm32l051xx.o


==============================================================================

Image component sizes


      Code (inc. data)   RO Data    RW Data    ZI Data      Debug   Object Name

       660         72          0          8        792       5080   _dma_cfg.o
       180         28          0          0        136       1698   dabai_adc.o
       938        422          0         24         12     339987   dabai_app.o
       196          8          0          0          0       1068   dabai_gpio.o
        64         12          0          0         76        655   dabai_i2c.o
       100         22          0          4         56        739   dabai_tim.o
       348        104          0          4        592       5846   dabai_usart.o
       738        272          0         12          0       4788   main.o
      4276        636        280         84       1100      34266   nb_bc95_28.o
       222          6          0          0          0       5058   nb_board.o
         0          0          0         52          0       2448   nb_board_cfg.o
        28          8        192          0       1024        580   startup_stm32l051xx.o
       100         24          0          4          0       2939   stm32l0xx_hal.o
      1046         46          0          0          0       7513   stm32l0xx_hal_adc.o
       170          0          0          0          0       1390   stm32l0xx_hal_adc_ex.o
       188         34          0          0          0      11677   stm32l0xx_hal_cortex.o
      1632         24          0          0          0       5211   stm32l0xx_hal_dma.o
       634         56          0          0          0       4250   stm32l0xx_hal_gpio.o
       180          4          0          0          0       2859   stm32l0xx_hal_i2c.o
       146          0          0          0          0       1819   stm32l0xx_hal_i2c_ex.o
       796         94          0          0        192       4621   stm32l0xx_hal_msp.o
      1672        116          0          0          0       6628   stm32l0xx_hal_rcc.o
       668         42          0          0          0       2769   stm32l0xx_hal_rcc_ex.o
       638         14          0          0          0       7518   stm32l0xx_hal_tim.o
      2394        106          0          0          0      16481   stm32l0xx_hal_uart.o
         2          0          0          0          0        932   stm32l0xx_hal_uart_ex.o
        96         28          0          0          0       3376   stm32l0xx_it.o
        84         18         33          4          0       1163   system_stm32l0xx.o
       112         22          0         16          0       4180   timer_user_poll.o

    ----------------------------------------------------------------------
     18350       2218        540        212       3984     487539   Object Totals
         0          0         32          0          0          0   (incl. Generated)
        42          0          3          0          4          0   (incl. Padding)

    ----------------------------------------------------------------------

      Code (inc. data)   RO Data    RW Data    ZI Data      Debug   Library Member Name

        30          0          0          0          0         60   _chval.o
       166          0          0          0          0         84   _strtoul.o
         8          4        133          0          0         60   ctype_o.o
         0          0          0          0          0          0   entry.o
         0          0          0          0          0          0   entry10a.o
         0          0          0          0          0          0   entry11a.o
         8          4          0          0          0          0   entry2.o
         4          0          0          0          0          0   entry5.o
         0          0          0          0          0          0   entry7b.o
         0          0          0          0          0          0   entry8b.o
         8          4          0          0          0          0   entry9a.o
         8          4          0          4          0         60   errno.o
        30          0          0          0          0          0   handlers.o
        36          8          0          0          0         68   init.o
        32          0          0          0          0         68   llshl.o
        34          0          0          0          0         68   llushr.o
        36          0          0          0          0         60   memcpya.o
        36          0          0          0          0        100   memseta.o
      1296         62          0          0          0        612   printf8.o
         0          0          0          4          0          0   stdout.o
        20          0          0          0          0         60   strchr.o
        14          0          0          0          0         60   strlen.o
        40          0          0          0          0         72   strstr.o
        72          4          0          4          0         72   strtok.o
       118          0          0          0          0         84   strtoul.o
        44          0          0          0          0         72   uidiv.o
        96          0          0          0          0         84   uldiv.o

    ----------------------------------------------------------------------
      2142         90        136         12          0       1744   Library Totals
         6          0          3          0          0          0   (incl. Padding)

    ----------------------------------------------------------------------

      Code (inc. data)   RO Data    RW Data    ZI Data      Debug   Library Name

      2136         90        133         12          0       1744   mc_p.l

    ----------------------------------------------------------------------
      2142         90        136         12          0       1744   Library Totals

    ----------------------------------------------------------------------

==============================================================================


      Code (inc. data)   RO Data    RW Data    ZI Data      Debug   

     20492       2308        676        224       3984     481207   Grand Totals
     20492       2308        676        224       3984     481207   ELF Image Totals
     20492       2308        676        224          0          0   ROM Totals

==============================================================================

    Total RO  Size (Code + RO Data)                21168 (  20.67kB)
    Total RW  Size (RW Data + ZI Data)              4208 (   4.11kB)
    Total ROM Size (Code + RO Data + RW Data)      21392 (  20.89kB)

==============================================================================

